[2025-04-05T12:28:54.684+0530][gc,init] CardTable entry size: 512
[2025-04-05T12:28:54.684+0530][gc     ] Using G1
[2025-04-05T12:28:54.685+0530][gc,init] Version: 21.0.3+9-LTS (release)
[2025-04-05T12:28:54.685+0530][gc,init] CPUs: 8 total, 8 available
[2025-04-05T12:28:54.685+0530][gc,init] Memory: 32768M
[2025-04-05T12:28:54.685+0530][gc,init] Large Page Support: Disabled
[2025-04-05T12:28:54.685+0530][gc,init] NUMA Support: Disabled
[2025-04-05T12:28:54.685+0530][gc,init] Compressed Oops: Enabled (Zero based)
[2025-04-05T12:28:54.685+0530][gc,init] Heap Region Size: 1M
[2025-04-05T12:28:54.685+0530][gc,init] Heap Min Capacity: 1G
[2025-04-05T12:28:54.685+0530][gc,init] Heap Initial Capacity: 1G
[2025-04-05T12:28:54.685+0530][gc,init] Heap Max Capacity: 1G
[2025-04-05T12:28:54.685+0530][gc,init] Pre-touch: Disabled
[2025-04-05T12:28:54.685+0530][gc,init] Parallel Workers: 8
[2025-04-05T12:28:54.685+0530][gc,init] Concurrent Workers: 2
[2025-04-05T12:28:54.686+0530][gc,init] Concurrent Refinement Workers: 8
[2025-04-05T12:28:54.686+0530][gc,init] Periodic GC: Disabled
[2025-04-05T12:28:54.689+0530][gc,metaspace] CDS archive(s) mapped at: [0x0000007000000000-0x0000007000ca4000-0x0000007000ca4000), size 13254656, SharedBaseAddress: 0x0000007000000000, ArchiveRelocationMode: 1.
[2025-04-05T12:28:54.689+0530][gc,metaspace] Compressed class space mapped at: 0x0000007001000000-0x0000007041000000, reserved size: 1073741824
[2025-04-05T12:28:54.689+0530][gc,metaspace] Narrow klass base: 0x0000007000000000, Narrow klass shift: 0, Narrow klass range: 0x100000000
[2025-04-05T12:28:55.315+0530][gc,start    ] GC(0) Pause Young (Normal) (G1 Evacuation Pause)
[2025-04-05T12:28:55.315+0530][gc,task     ] GC(0) Using 8 workers of 8 for evacuation
[2025-04-05T12:28:55.318+0530][gc,phases   ] GC(0)   Pre Evacuate Collection Set: 0.1ms
[2025-04-05T12:28:55.318+0530][gc,phases   ] GC(0)   Merge Heap Roots: 0.0ms
[2025-04-05T12:28:55.318+0530][gc,phases   ] GC(0)   Evacuate Collection Set: 2.3ms
[2025-04-05T12:28:55.318+0530][gc,phases   ] GC(0)   Post Evacuate Collection Set: 0.4ms
[2025-04-05T12:28:55.318+0530][gc,phases   ] GC(0)   Other: 0.2ms
[2025-04-05T12:28:55.318+0530][gc,heap     ] GC(0) Eden regions: 51->0(44)
[2025-04-05T12:28:55.318+0530][gc,heap     ] GC(0) Survivor regions: 0->7(7)
[2025-04-05T12:28:55.318+0530][gc,heap     ] GC(0) Old regions: 2->3
[2025-04-05T12:28:55.318+0530][gc,heap     ] GC(0) Humongous regions: 0->0
[2025-04-05T12:28:55.318+0530][gc,metaspace] GC(0) Metaspace: 17655K(17920K)->17655K(17920K) NonClass: 15593K(15744K)->15593K(15744K) Class: 2061K(2176K)->2061K(2176K)
[2025-04-05T12:28:55.318+0530][gc          ] GC(0) Pause Young (Normal) (G1 Evacuation Pause) 52M->8M(1024M) 3.210ms
[2025-04-05T12:28:55.318+0530][gc,cpu      ] GC(0) User=0.01s Sys=0.01s Real=0.00s
[2025-04-05T12:28:55.430+0530][gc,start    ] GC(1) Pause Young (Concurrent Start) (Metadata GC Threshold)
[2025-04-05T12:28:55.430+0530][gc,task     ] GC(1) Using 8 workers of 8 for evacuation
[2025-04-05T12:28:55.432+0530][gc,phases   ] GC(1)   Pre Evacuate Collection Set: 0.1ms
[2025-04-05T12:28:55.432+0530][gc,phases   ] GC(1)   Merge Heap Roots: 0.0ms
[2025-04-05T12:28:55.432+0530][gc,phases   ] GC(1)   Evacuate Collection Set: 1.9ms
[2025-04-05T12:28:55.432+0530][gc,phases   ] GC(1)   Post Evacuate Collection Set: 0.2ms
[2025-04-05T12:28:55.432+0530][gc,phases   ] GC(1)   Other: 0.0ms
[2025-04-05T12:28:55.432+0530][gc,heap     ] GC(1) Eden regions: 15->0(49)
[2025-04-05T12:28:55.432+0530][gc,heap     ] GC(1) Survivor regions: 7->2(7)
[2025-04-05T12:28:55.432+0530][gc,heap     ] GC(1) Old regions: 3->11
[2025-04-05T12:28:55.432+0530][gc,heap     ] GC(1) Humongous regions: 0->0
[2025-04-05T12:28:55.432+0530][gc,metaspace] GC(1) Metaspace: 21312K(21504K)->21312K(21504K) NonClass: 18801K(18880K)->18801K(18880K) Class: 2510K(2624K)->2510K(2624K)
[2025-04-05T12:28:55.432+0530][gc          ] GC(1) Pause Young (Concurrent Start) (Metadata GC Threshold) 23M->10M(1024M) 2.404ms
[2025-04-05T12:28:55.432+0530][gc,cpu      ] GC(1) User=0.01s Sys=0.00s Real=0.00s
[2025-04-05T12:28:55.432+0530][gc          ] GC(2) Concurrent Mark Cycle
[2025-04-05T12:28:55.432+0530][gc,marking  ] GC(2) Concurrent Scan Root Regions
[2025-04-05T12:28:55.433+0530][gc,marking  ] GC(2) Concurrent Scan Root Regions 1.221ms
[2025-04-05T12:28:55.433+0530][gc,marking  ] GC(2) Concurrent Mark
[2025-04-05T12:28:55.433+0530][gc,marking  ] GC(2) Concurrent Mark From Roots
[2025-04-05T12:28:55.433+0530][gc,task     ] GC(2) Using 2 workers of 2 for marking
[2025-04-05T12:28:55.434+0530][gc,marking  ] GC(2) Concurrent Mark From Roots 0.812ms
[2025-04-05T12:28:55.434+0530][gc,marking  ] GC(2) Concurrent Preclean
[2025-04-05T12:28:55.434+0530][gc,marking  ] GC(2) Concurrent Preclean 0.006ms
[2025-04-05T12:28:55.434+0530][gc,start    ] GC(2) Pause Remark
[2025-04-05T12:28:55.435+0530][gc          ] GC(2) Pause Remark 11M->11M(1024M) 0.951ms
[2025-04-05T12:28:55.435+0530][gc,cpu      ] GC(2) User=0.01s Sys=0.00s Real=0.00s
[2025-04-05T12:28:55.435+0530][gc,marking  ] GC(2) Concurrent Mark 1.972ms
[2025-04-05T12:28:55.435+0530][gc,marking  ] GC(2) Concurrent Rebuild Remembered Sets and Scrub Regions
[2025-04-05T12:28:55.436+0530][gc,marking  ] GC(2) Concurrent Rebuild Remembered Sets and Scrub Regions 1.109ms
[2025-04-05T12:28:55.436+0530][gc,start    ] GC(2) Pause Cleanup
[2025-04-05T12:28:55.437+0530][gc          ] GC(2) Pause Cleanup 11M->11M(1024M) 0.083ms
[2025-04-05T12:28:55.437+0530][gc,cpu      ] GC(2) User=0.00s Sys=0.00s Real=0.00s
[2025-04-05T12:28:55.437+0530][gc,marking  ] GC(2) Concurrent Clear Claimed Marks
[2025-04-05T12:28:55.437+0530][gc,marking  ] GC(2) Concurrent Clear Claimed Marks 0.016ms
[2025-04-05T12:28:55.437+0530][gc,marking  ] GC(2) Concurrent Cleanup for Next Mark
[2025-04-05T12:28:55.438+0530][gc,marking  ] GC(2) Concurrent Cleanup for Next Mark 1.111ms
[2025-04-05T12:28:55.438+0530][gc          ] GC(2) Concurrent Mark Cycle 5.720ms
[2025-04-05T12:28:55.788+0530][gc,start    ] GC(3) Pause Young (Prepare Mixed) (G1 Evacuation Pause)
[2025-04-05T12:28:55.788+0530][gc,task     ] GC(3) Using 8 workers of 8 for evacuation
[2025-04-05T12:28:55.790+0530][gc,phases   ] GC(3)   Pre Evacuate Collection Set: 0.2ms
[2025-04-05T12:28:55.790+0530][gc,phases   ] GC(3)   Merge Heap Roots: 0.1ms
[2025-04-05T12:28:55.790+0530][gc,phases   ] GC(3)   Evacuate Collection Set: 1.9ms
[2025-04-05T12:28:55.790+0530][gc,phases   ] GC(3)   Post Evacuate Collection Set: 0.2ms
[2025-04-05T12:28:55.790+0530][gc,phases   ] GC(3)   Other: 0.0ms
[2025-04-05T12:28:55.790+0530][gc,heap     ] GC(3) Eden regions: 49->0(44)
[2025-04-05T12:28:55.790+0530][gc,heap     ] GC(3) Survivor regions: 2->7(7)
[2025-04-05T12:28:55.790+0530][gc,heap     ] GC(3) Old regions: 11->11
[2025-04-05T12:28:55.790+0530][gc,heap     ] GC(3) Humongous regions: 129->129
[2025-04-05T12:28:55.790+0530][gc,metaspace] GC(3) Metaspace: 33128K(33408K)->33128K(33408K) NonClass: 29482K(29632K)->29482K(29632K) Class: 3646K(3776K)->3646K(3776K)
[2025-04-05T12:28:55.790+0530][gc          ] GC(3) Pause Young (Prepare Mixed) (G1 Evacuation Pause) 188M->144M(1024M) 2.585ms
[2025-04-05T12:28:55.790+0530][gc,cpu      ] GC(3) User=0.02s Sys=0.01s Real=0.01s
[2025-04-05T12:29:25.456+0530][gc,start    ] GC(4) Pause Young (Mixed) (Metadata GC Threshold)
[2025-04-05T12:29:25.457+0530][gc,task     ] GC(4) Using 8 workers of 8 for evacuation
[2025-04-05T12:29:25.462+0530][gc,phases   ] GC(4)   Pre Evacuate Collection Set: 0.3ms
[2025-04-05T12:29:25.462+0530][gc,phases   ] GC(4)   Merge Heap Roots: 0.1ms
[2025-04-05T12:29:25.462+0530][gc,phases   ] GC(4)   Evacuate Collection Set: 4.6ms
[2025-04-05T12:29:25.462+0530][gc,phases   ] GC(4)   Post Evacuate Collection Set: 0.5ms
[2025-04-05T12:29:25.462+0530][gc,phases   ] GC(4)   Other: 0.1ms
[2025-04-05T12:29:25.462+0530][gc,heap     ] GC(4) Eden regions: 13->0(49)
[2025-04-05T12:29:25.462+0530][gc,heap     ] GC(4) Survivor regions: 7->2(7)
[2025-04-05T12:29:25.462+0530][gc,heap     ] GC(4) Old regions: 11->16
[2025-04-05T12:29:25.462+0530][gc,heap     ] GC(4) Humongous regions: 129->129
[2025-04-05T12:29:25.462+0530][gc,metaspace] GC(4) Metaspace: 35844K(36096K)->35844K(36096K) NonClass: 31886K(32000K)->31886K(32000K) Class: 3957K(4096K)->3957K(4096K)
[2025-04-05T12:29:25.462+0530][gc          ] GC(4) Pause Young (Mixed) (Metadata GC Threshold) 157M->145M(1024M) 6.029ms
[2025-04-05T12:29:25.462+0530][gc,cpu      ] GC(4) User=0.03s Sys=0.01s Real=0.01s
[2025-04-05T12:47:16.831+0530][gc,start    ] GC(5) Pause Young (Concurrent Start) (Metadata GC Threshold)
[2025-04-05T12:47:16.831+0530][gc,task     ] GC(5) Using 8 workers of 8 for evacuation
[2025-04-05T12:47:16.833+0530][gc,phases   ] GC(5)   Pre Evacuate Collection Set: 0.3ms
[2025-04-05T12:47:16.833+0530][gc,phases   ] GC(5)   Merge Heap Roots: 0.1ms
[2025-04-05T12:47:16.833+0530][gc,phases   ] GC(5)   Evacuate Collection Set: 1.3ms
[2025-04-05T12:47:16.833+0530][gc,phases   ] GC(5)   Post Evacuate Collection Set: 0.4ms
[2025-04-05T12:47:16.833+0530][gc,phases   ] GC(5)   Other: 0.1ms
[2025-04-05T12:47:16.833+0530][gc,heap     ] GC(5) Eden regions: 11->0(50)
[2025-04-05T12:47:16.833+0530][gc,heap     ] GC(5) Survivor regions: 2->1(7)
[2025-04-05T12:47:16.833+0530][gc,heap     ] GC(5) Old regions: 16->16
[2025-04-05T12:47:16.833+0530][gc,heap     ] GC(5) Humongous regions: 129->129
[2025-04-05T12:47:16.833+0530][gc,metaspace] GC(5) Metaspace: 36135K(36416K)->36135K(36416K) NonClass: 32157K(32320K)->32157K(32320K) Class: 3977K(4096K)->3977K(4096K)
[2025-04-05T12:47:16.833+0530][gc          ] GC(5) Pause Young (Concurrent Start) (Metadata GC Threshold) 156M->145M(1024M) 2.567ms
[2025-04-05T12:47:16.833+0530][gc,cpu      ] GC(5) User=0.01s Sys=0.00s Real=0.00s
[2025-04-05T12:47:16.833+0530][gc          ] GC(6) Concurrent Mark Cycle
[2025-04-05T12:47:16.833+0530][gc,marking  ] GC(6) Concurrent Scan Root Regions
[2025-04-05T12:47:16.835+0530][gc,marking  ] GC(6) Concurrent Scan Root Regions 1.654ms
[2025-04-05T12:47:16.835+0530][gc,marking  ] GC(6) Concurrent Mark
[2025-04-05T12:47:16.835+0530][gc,marking  ] GC(6) Concurrent Mark From Roots
[2025-04-05T12:47:16.835+0530][gc,task     ] GC(6) Using 2 workers of 2 for marking
[2025-04-05T12:47:16.847+0530][gc,marking  ] GC(6) Concurrent Mark From Roots 11.567ms
[2025-04-05T12:47:16.847+0530][gc,marking  ] GC(6) Concurrent Preclean
[2025-04-05T12:47:16.847+0530][gc,marking  ] GC(6) Concurrent Preclean 0.078ms
[2025-04-05T12:47:16.847+0530][gc,start    ] GC(6) Pause Remark
[2025-04-05T12:47:16.851+0530][gc          ] GC(6) Pause Remark 145M->145M(1024M) 4.338ms
[2025-04-05T12:47:16.851+0530][gc,cpu      ] GC(6) User=0.02s Sys=0.00s Real=0.01s
[2025-04-05T12:47:16.851+0530][gc,marking  ] GC(6) Concurrent Mark 16.233ms
[2025-04-05T12:47:16.851+0530][gc,marking  ] GC(6) Concurrent Rebuild Remembered Sets and Scrub Regions
[2025-04-05T12:47:16.857+0530][gc,marking  ] GC(6) Concurrent Rebuild Remembered Sets and Scrub Regions 6.034ms
[2025-04-05T12:47:16.857+0530][gc,start    ] GC(6) Pause Cleanup
[2025-04-05T12:47:16.858+0530][gc          ] GC(6) Pause Cleanup 145M->145M(1024M) 0.108ms
[2025-04-05T12:47:16.858+0530][gc,cpu      ] GC(6) User=0.00s Sys=0.00s Real=0.00s
[2025-04-05T12:47:16.858+0530][gc,marking  ] GC(6) Concurrent Clear Claimed Marks
[2025-04-05T12:47:16.858+0530][gc,marking  ] GC(6) Concurrent Clear Claimed Marks 0.015ms
[2025-04-05T12:47:16.858+0530][gc,marking  ] GC(6) Concurrent Cleanup for Next Mark
[2025-04-05T12:47:16.859+0530][gc,marking  ] GC(6) Concurrent Cleanup for Next Mark 1.016ms
[2025-04-05T12:47:16.859+0530][gc          ] GC(6) Concurrent Mark Cycle 25.348ms
[2025-04-05T12:52:33.375+0530][gc,heap,exit] Heap
[2025-04-05T12:52:33.375+0530][gc,heap,exit]  garbage-first heap   total 1048576K, used 171869K [0x00000007c0000000, 0x0000000800000000)
[2025-04-05T12:52:33.375+0530][gc,heap,exit]   region size 1024K, 24 young (24576K), 1 survivors (1024K)
[2025-04-05T12:52:33.375+0530][gc,heap,exit]  Metaspace       used 37285K, committed 37568K, reserved 1114112K
[2025-04-05T12:52:33.375+0530][gc,heap,exit]   class space    used 4146K, committed 4288K, reserved 1048576K
