[2025-04-05T12:29:11.366+0530][gc,init] CardTable entry size: 512
[2025-04-05T12:29:11.366+0530][gc     ] Using G1
[2025-04-05T12:29:11.367+0530][gc,init] Version: 21.0.3+9-LTS (release)
[2025-04-05T12:29:11.367+0530][gc,init] CPUs: 8 total, 8 available
[2025-04-05T12:29:11.367+0530][gc,init] Memory: 32768M
[2025-04-05T12:29:11.367+0530][gc,init] Large Page Support: Disabled
[2025-04-05T12:29:11.367+0530][gc,init] NUMA Support: Disabled
[2025-04-05T12:29:11.367+0530][gc,init] Compressed Oops: Enabled (Zero based)
[2025-04-05T12:29:11.367+0530][gc,init] Heap Region Size: 1M
[2025-04-05T12:29:11.367+0530][gc,init] Heap Min Capacity: 1G
[2025-04-05T12:29:11.367+0530][gc,init] Heap Initial Capacity: 1G
[2025-04-05T12:29:11.367+0530][gc,init] Heap Max Capacity: 1G
[2025-04-05T12:29:11.367+0530][gc,init] Pre-touch: Disabled
[2025-04-05T12:29:11.367+0530][gc,init] Parallel Workers: 8
[2025-04-05T12:29:11.367+0530][gc,init] Concurrent Workers: 2
[2025-04-05T12:29:11.367+0530][gc,init] Concurrent Refinement Workers: 8
[2025-04-05T12:29:11.367+0530][gc,init] Periodic GC: Disabled
[2025-04-05T12:29:11.371+0530][gc,metaspace] CDS archive(s) mapped at: [0x000000d800000000-0x000000d800ca4000-0x000000d800ca4000), size 13254656, SharedBaseAddress: 0x000000d800000000, ArchiveRelocationMode: 1.
[2025-04-05T12:29:11.371+0530][gc,metaspace] Compressed class space mapped at: 0x000000d801000000-0x000000d841000000, reserved size: 1073741824
[2025-04-05T12:29:11.371+0530][gc,metaspace] Narrow klass base: 0x000000d800000000, Narrow klass shift: 0, Narrow klass range: 0x100000000
[2025-04-05T12:29:11.960+0530][gc,start    ] GC(0) Pause Young (Normal) (G1 Evacuation Pause)
[2025-04-05T12:29:11.960+0530][gc,task     ] GC(0) Using 8 workers of 8 for evacuation
[2025-04-05T12:29:11.963+0530][gc,phases   ] GC(0)   Pre Evacuate Collection Set: 0.2ms
[2025-04-05T12:29:11.963+0530][gc,phases   ] GC(0)   Merge Heap Roots: 0.0ms
[2025-04-05T12:29:11.963+0530][gc,phases   ] GC(0)   Evacuate Collection Set: 2.6ms
[2025-04-05T12:29:11.963+0530][gc,phases   ] GC(0)   Post Evacuate Collection Set: 0.4ms
[2025-04-05T12:29:11.963+0530][gc,phases   ] GC(0)   Other: 0.3ms
[2025-04-05T12:29:11.963+0530][gc,heap     ] GC(0) Eden regions: 51->0(44)
[2025-04-05T12:29:11.963+0530][gc,heap     ] GC(0) Survivor regions: 0->7(7)
[2025-04-05T12:29:11.963+0530][gc,heap     ] GC(0) Old regions: 2->3
[2025-04-05T12:29:11.963+0530][gc,heap     ] GC(0) Humongous regions: 0->0
[2025-04-05T12:29:11.963+0530][gc,metaspace] GC(0) Metaspace: 17394K(17600K)->17394K(17600K) NonClass: 15359K(15488K)->15359K(15488K) Class: 2035K(2112K)->2035K(2112K)
[2025-04-05T12:29:11.963+0530][gc          ] GC(0) Pause Young (Normal) (G1 Evacuation Pause) 52M->8M(1024M) 3.856ms
[2025-04-05T12:29:11.963+0530][gc,cpu      ] GC(0) User=0.01s Sys=0.00s Real=0.00s
[2025-04-05T12:29:12.081+0530][gc,start    ] GC(1) Pause Young (Concurrent Start) (Metadata GC Threshold)
[2025-04-05T12:29:12.081+0530][gc,task     ] GC(1) Using 8 workers of 8 for evacuation
[2025-04-05T12:29:12.083+0530][gc,phases   ] GC(1)   Pre Evacuate Collection Set: 0.2ms
[2025-04-05T12:29:12.083+0530][gc,phases   ] GC(1)   Merge Heap Roots: 0.0ms
[2025-04-05T12:29:12.083+0530][gc,phases   ] GC(1)   Evacuate Collection Set: 2.0ms
[2025-04-05T12:29:12.083+0530][gc,phases   ] GC(1)   Post Evacuate Collection Set: 0.2ms
[2025-04-05T12:29:12.083+0530][gc,phases   ] GC(1)   Other: 0.0ms
[2025-04-05T12:29:12.083+0530][gc,heap     ] GC(1) Eden regions: 16->0(49)
[2025-04-05T12:29:12.083+0530][gc,heap     ] GC(1) Survivor regions: 7->2(7)
[2025-04-05T12:29:12.083+0530][gc,heap     ] GC(1) Old regions: 3->11
[2025-04-05T12:29:12.083+0530][gc,heap     ] GC(1) Humongous regions: 0->0
[2025-04-05T12:29:12.083+0530][gc,metaspace] GC(1) Metaspace: 21318K(21504K)->21318K(21504K) NonClass: 18809K(18880K)->18809K(18880K) Class: 2509K(2624K)->2509K(2624K)
[2025-04-05T12:29:12.083+0530][gc          ] GC(1) Pause Young (Concurrent Start) (Metadata GC Threshold) 24M->10M(1024M) 2.529ms
[2025-04-05T12:29:12.083+0530][gc          ] GC(2) Concurrent Mark Cycle
[2025-04-05T12:29:12.083+0530][gc,cpu      ] GC(1) User=0.01s Sys=0.00s Real=0.00s
[2025-04-05T12:29:12.084+0530][gc,marking  ] GC(2) Concurrent Scan Root Regions
[2025-04-05T12:29:12.085+0530][gc,marking  ] GC(2) Concurrent Scan Root Regions 1.196ms
[2025-04-05T12:29:12.085+0530][gc,marking  ] GC(2) Concurrent Mark
[2025-04-05T12:29:12.085+0530][gc,marking  ] GC(2) Concurrent Mark From Roots
[2025-04-05T12:29:12.085+0530][gc,task     ] GC(2) Using 2 workers of 2 for marking
[2025-04-05T12:29:12.085+0530][gc,marking  ] GC(2) Concurrent Mark From Roots 0.753ms
[2025-04-05T12:29:12.085+0530][gc,marking  ] GC(2) Concurrent Preclean
[2025-04-05T12:29:12.085+0530][gc,marking  ] GC(2) Concurrent Preclean 0.005ms
[2025-04-05T12:29:12.086+0530][gc,start    ] GC(2) Pause Remark
[2025-04-05T12:29:12.087+0530][gc          ] GC(2) Pause Remark 11M->11M(1024M) 0.972ms
[2025-04-05T12:29:12.087+0530][gc,cpu      ] GC(2) User=0.00s Sys=0.01s Real=0.00s
[2025-04-05T12:29:12.087+0530][gc,marking  ] GC(2) Concurrent Mark 2.108ms
[2025-04-05T12:29:12.087+0530][gc,marking  ] GC(2) Concurrent Rebuild Remembered Sets and Scrub Regions
[2025-04-05T12:29:12.088+0530][gc,marking  ] GC(2) Concurrent Rebuild Remembered Sets and Scrub Regions 1.131ms
[2025-04-05T12:29:12.088+0530][gc,start    ] GC(2) Pause Cleanup
[2025-04-05T12:29:12.088+0530][gc          ] GC(2) Pause Cleanup 11M->11M(1024M) 0.082ms
[2025-04-05T12:29:12.088+0530][gc,cpu      ] GC(2) User=0.00s Sys=0.00s Real=0.00s
[2025-04-05T12:29:12.088+0530][gc,marking  ] GC(2) Concurrent Clear Claimed Marks
[2025-04-05T12:29:12.088+0530][gc,marking  ] GC(2) Concurrent Clear Claimed Marks 0.017ms
[2025-04-05T12:29:12.088+0530][gc,marking  ] GC(2) Concurrent Cleanup for Next Mark
[2025-04-05T12:29:12.090+0530][gc,marking  ] GC(2) Concurrent Cleanup for Next Mark 1.741ms
[2025-04-05T12:29:12.090+0530][gc          ] GC(2) Concurrent Mark Cycle 6.480ms
[2025-04-05T12:29:12.411+0530][gc,start    ] GC(3) Pause Young (Prepare Mixed) (G1 Evacuation Pause)
[2025-04-05T12:29:12.411+0530][gc,task     ] GC(3) Using 8 workers of 8 for evacuation
[2025-04-05T12:29:12.413+0530][gc,phases   ] GC(3)   Pre Evacuate Collection Set: 0.1ms
[2025-04-05T12:29:12.413+0530][gc,phases   ] GC(3)   Merge Heap Roots: 0.1ms
[2025-04-05T12:29:12.413+0530][gc,phases   ] GC(3)   Evacuate Collection Set: 1.7ms
[2025-04-05T12:29:12.413+0530][gc,phases   ] GC(3)   Post Evacuate Collection Set: 0.2ms
[2025-04-05T12:29:12.413+0530][gc,phases   ] GC(3)   Other: 0.0ms
[2025-04-05T12:29:12.413+0530][gc,heap     ] GC(3) Eden regions: 49->0(44)
[2025-04-05T12:29:12.413+0530][gc,heap     ] GC(3) Survivor regions: 2->7(7)
[2025-04-05T12:29:12.413+0530][gc,heap     ] GC(3) Old regions: 11->11
[2025-04-05T12:29:12.413+0530][gc,heap     ] GC(3) Humongous regions: 129->129
[2025-04-05T12:29:12.413+0530][gc,metaspace] GC(3) Metaspace: 33038K(33344K)->33038K(33344K) NonClass: 29397K(29568K)->29397K(29568K) Class: 3641K(3776K)->3641K(3776K)
[2025-04-05T12:29:12.413+0530][gc          ] GC(3) Pause Young (Prepare Mixed) (G1 Evacuation Pause) 188M->144M(1024M) 2.232ms
[2025-04-05T12:29:12.413+0530][gc,cpu      ] GC(3) User=0.01s Sys=0.00s Real=0.00s
[2025-04-05T12:29:42.112+0530][gc,start    ] GC(4) Pause Young (Mixed) (Metadata GC Threshold)
[2025-04-05T12:29:42.112+0530][gc,task     ] GC(4) Using 8 workers of 8 for evacuation
[2025-04-05T12:29:42.118+0530][gc,phases   ] GC(4)   Pre Evacuate Collection Set: 0.3ms
[2025-04-05T12:29:42.118+0530][gc,phases   ] GC(4)   Merge Heap Roots: 0.1ms
[2025-04-05T12:29:42.118+0530][gc,phases   ] GC(4)   Evacuate Collection Set: 4.4ms
[2025-04-05T12:29:42.118+0530][gc,phases   ] GC(4)   Post Evacuate Collection Set: 0.4ms
[2025-04-05T12:29:42.118+0530][gc,phases   ] GC(4)   Other: 0.1ms
[2025-04-05T12:29:42.118+0530][gc,heap     ] GC(4) Eden regions: 13->0(50)
[2025-04-05T12:29:42.118+0530][gc,heap     ] GC(4) Survivor regions: 7->1(7)
[2025-04-05T12:29:42.118+0530][gc,heap     ] GC(4) Old regions: 11->16
[2025-04-05T12:29:42.118+0530][gc,heap     ] GC(4) Humongous regions: 129->129
[2025-04-05T12:29:42.118+0530][gc,metaspace] GC(4) Metaspace: 35831K(36096K)->35831K(36096K) NonClass: 31878K(32064K)->31878K(32064K) Class: 3953K(4032K)->3953K(4032K)
[2025-04-05T12:29:42.118+0530][gc          ] GC(4) Pause Young (Mixed) (Metadata GC Threshold) 157M->145M(1024M) 5.877ms
[2025-04-05T12:29:42.118+0530][gc,cpu      ] GC(4) User=0.03s Sys=0.01s Real=0.00s
[2025-04-05T12:47:14.623+0530][gc,start    ] GC(5) Pause Young (Concurrent Start) (Metadata GC Threshold)
[2025-04-05T12:47:14.624+0530][gc,task     ] GC(5) Using 8 workers of 8 for evacuation
[2025-04-05T12:47:14.627+0530][gc,phases   ] GC(5)   Pre Evacuate Collection Set: 0.2ms
[2025-04-05T12:47:14.627+0530][gc,phases   ] GC(5)   Merge Heap Roots: 0.1ms
[2025-04-05T12:47:14.627+0530][gc,phases   ] GC(5)   Evacuate Collection Set: 2.1ms
[2025-04-05T12:47:14.627+0530][gc,phases   ] GC(5)   Post Evacuate Collection Set: 0.2ms
[2025-04-05T12:47:14.627+0530][gc,phases   ] GC(5)   Other: 0.1ms
[2025-04-05T12:47:14.627+0530][gc,heap     ] GC(5) Eden regions: 11->0(50)
[2025-04-05T12:47:14.627+0530][gc,heap     ] GC(5) Survivor regions: 1->1(7)
[2025-04-05T12:47:14.627+0530][gc,heap     ] GC(5) Old regions: 16->16
[2025-04-05T12:47:14.627+0530][gc,heap     ] GC(5) Humongous regions: 129->129
[2025-04-05T12:47:14.627+0530][gc,metaspace] GC(5) Metaspace: 36135K(36416K)->36135K(36416K) NonClass: 32160K(32320K)->32160K(32320K) Class: 3975K(4096K)->3975K(4096K)
[2025-04-05T12:47:14.627+0530][gc          ] GC(5) Pause Young (Concurrent Start) (Metadata GC Threshold) 156M->145M(1024M) 3.879ms
[2025-04-05T12:47:14.627+0530][gc,cpu      ] GC(5) User=0.01s Sys=0.00s Real=0.00s
[2025-04-05T12:47:14.627+0530][gc          ] GC(6) Concurrent Mark Cycle
[2025-04-05T12:47:14.627+0530][gc,marking  ] GC(6) Concurrent Scan Root Regions
[2025-04-05T12:47:14.627+0530][gc,marking  ] GC(6) Concurrent Scan Root Regions 0.645ms
[2025-04-05T12:47:14.627+0530][gc,marking  ] GC(6) Concurrent Mark
[2025-04-05T12:47:14.627+0530][gc,marking  ] GC(6) Concurrent Mark From Roots
[2025-04-05T12:47:14.627+0530][gc,task     ] GC(6) Using 2 workers of 2 for marking
[2025-04-05T12:47:14.634+0530][gc,marking  ] GC(6) Concurrent Mark From Roots 6.388ms
[2025-04-05T12:47:14.634+0530][gc,marking  ] GC(6) Concurrent Preclean
[2025-04-05T12:47:14.634+0530][gc,marking  ] GC(6) Concurrent Preclean 0.085ms
[2025-04-05T12:47:14.634+0530][gc,start    ] GC(6) Pause Remark
[2025-04-05T12:47:14.637+0530][gc          ] GC(6) Pause Remark 145M->145M(1024M) 2.998ms
[2025-04-05T12:47:14.637+0530][gc,cpu      ] GC(6) User=0.02s Sys=0.01s Real=0.00s
[2025-04-05T12:47:14.637+0530][gc,marking  ] GC(6) Concurrent Mark 9.650ms
[2025-04-05T12:47:14.637+0530][gc,marking  ] GC(6) Concurrent Rebuild Remembered Sets and Scrub Regions
[2025-04-05T12:47:14.640+0530][gc,marking  ] GC(6) Concurrent Rebuild Remembered Sets and Scrub Regions 2.716ms
[2025-04-05T12:47:14.640+0530][gc,start    ] GC(6) Pause Cleanup
[2025-04-05T12:47:14.640+0530][gc          ] GC(6) Pause Cleanup 145M->145M(1024M) 0.078ms
[2025-04-05T12:47:14.640+0530][gc,cpu      ] GC(6) User=0.00s Sys=0.00s Real=0.00s
[2025-04-05T12:47:14.640+0530][gc,marking  ] GC(6) Concurrent Clear Claimed Marks
[2025-04-05T12:47:14.640+0530][gc,marking  ] GC(6) Concurrent Clear Claimed Marks 0.012ms
[2025-04-05T12:47:14.640+0530][gc,marking  ] GC(6) Concurrent Cleanup for Next Mark
[2025-04-05T12:47:14.641+0530][gc,marking  ] GC(6) Concurrent Cleanup for Next Mark 0.874ms
[2025-04-05T12:47:14.641+0530][gc          ] GC(6) Concurrent Mark Cycle 14.160ms
[2025-04-05T12:52:28.010+0530][gc,heap,exit] Heap
[2025-04-05T12:52:28.011+0530][gc,heap,exit]  garbage-first heap   total 1048576K, used 172026K [0x00000007c0000000, 0x0000000800000000)
[2025-04-05T12:52:28.011+0530][gc,heap,exit]   region size 1024K, 24 young (24576K), 1 survivors (1024K)
[2025-04-05T12:52:28.011+0530][gc,heap,exit]  Metaspace       used 37276K, committed 37568K, reserved 1114112K
[2025-04-05T12:52:28.011+0530][gc,heap,exit]   class space    used 4142K, committed 4288K, reserved 1048576K
