[2025-04-05T12:54:02.731+0530][gc,init] CardTable entry size: 512
[2025-04-05T12:54:02.731+0530][gc     ] Using G1
[2025-04-05T12:54:02.732+0530][gc,init] Version: 21.0.3+9-LTS (release)
[2025-04-05T12:54:02.732+0530][gc,init] CPUs: 8 total, 8 available
[2025-04-05T12:54:02.732+0530][gc,init] Memory: 32768M
[2025-04-05T12:54:02.732+0530][gc,init] Large Page Support: Disabled
[2025-04-05T12:54:02.732+0530][gc,init] NUMA Support: Disabled
[2025-04-05T12:54:02.732+0530][gc,init] Compressed Oops: Enabled (Zero based)
[2025-04-05T12:54:02.732+0530][gc,init] Heap Region Size: 1M
[2025-04-05T12:54:02.732+0530][gc,init] Heap Min Capacity: 1G
[2025-04-05T12:54:02.732+0530][gc,init] Heap Initial Capacity: 1G
[2025-04-05T12:54:02.732+0530][gc,init] Heap Max Capacity: 1G
[2025-04-05T12:54:02.732+0530][gc,init] Pre-touch: Disabled
[2025-04-05T12:54:02.732+0530][gc,init] Parallel Workers: 8
[2025-04-05T12:54:02.732+0530][gc,init] Concurrent Workers: 2
[2025-04-05T12:54:02.732+0530][gc,init] Concurrent Refinement Workers: 8
[2025-04-05T12:54:02.732+0530][gc,init] Periodic GC: Disabled
[2025-04-05T12:54:02.736+0530][gc,metaspace] CDS archive(s) mapped at: [0x0000007000000000-0x0000007000ca4000-0x0000007000ca4000), size 13254656, SharedBaseAddress: 0x0000007000000000, ArchiveRelocationMode: 1.
[2025-04-05T12:54:02.736+0530][gc,metaspace] Compressed class space mapped at: 0x0000007001000000-0x0000007041000000, reserved size: 1073741824
[2025-04-05T12:54:02.736+0530][gc,metaspace] Narrow klass base: 0x0000007000000000, Narrow klass shift: 0, Narrow klass range: 0x100000000
[2025-04-05T12:54:03.340+0530][gc,start    ] GC(0) Pause Young (Normal) (G1 Evacuation Pause)
[2025-04-05T12:54:03.340+0530][gc,task     ] GC(0) Using 8 workers of 8 for evacuation
[2025-04-05T12:54:03.343+0530][gc,phases   ] GC(0)   Pre Evacuate Collection Set: 0.1ms
[2025-04-05T12:54:03.343+0530][gc,phases   ] GC(0)   Merge Heap Roots: 0.0ms
[2025-04-05T12:54:03.343+0530][gc,phases   ] GC(0)   Evacuate Collection Set: 2.1ms
[2025-04-05T12:54:03.343+0530][gc,phases   ] GC(0)   Post Evacuate Collection Set: 0.3ms
[2025-04-05T12:54:03.343+0530][gc,phases   ] GC(0)   Other: 0.2ms
[2025-04-05T12:54:03.343+0530][gc,heap     ] GC(0) Eden regions: 51->0(44)
[2025-04-05T12:54:03.343+0530][gc,heap     ] GC(0) Survivor regions: 0->7(7)
[2025-04-05T12:54:03.343+0530][gc,heap     ] GC(0) Old regions: 2->4
[2025-04-05T12:54:03.343+0530][gc,heap     ] GC(0) Humongous regions: 0->0
[2025-04-05T12:54:03.343+0530][gc,metaspace] GC(0) Metaspace: 17317K(17536K)->17317K(17536K) NonClass: 15287K(15424K)->15287K(15424K) Class: 2029K(2112K)->2029K(2112K)
[2025-04-05T12:54:03.343+0530][gc          ] GC(0) Pause Young (Normal) (G1 Evacuation Pause) 52M->9M(1024M) 2.869ms
[2025-04-05T12:54:03.343+0530][gc,cpu      ] GC(0) User=0.01s Sys=0.00s Real=0.00s
[2025-04-05T12:54:03.482+0530][gc,start    ] GC(1) Pause Young (Concurrent Start) (Metadata GC Threshold)
[2025-04-05T12:54:03.482+0530][gc,task     ] GC(1) Using 8 workers of 8 for evacuation
[2025-04-05T12:54:03.484+0530][gc,phases   ] GC(1)   Pre Evacuate Collection Set: 0.2ms
[2025-04-05T12:54:03.484+0530][gc,phases   ] GC(1)   Merge Heap Roots: 0.0ms
[2025-04-05T12:54:03.484+0530][gc,phases   ] GC(1)   Evacuate Collection Set: 1.8ms
[2025-04-05T12:54:03.484+0530][gc,phases   ] GC(1)   Post Evacuate Collection Set: 0.2ms
[2025-04-05T12:54:03.484+0530][gc,phases   ] GC(1)   Other: 0.0ms
[2025-04-05T12:54:03.484+0530][gc,heap     ] GC(1) Eden regions: 15->0(49)
[2025-04-05T12:54:03.484+0530][gc,heap     ] GC(1) Survivor regions: 7->2(7)
[2025-04-05T12:54:03.484+0530][gc,heap     ] GC(1) Old regions: 4->11
[2025-04-05T12:54:03.484+0530][gc,heap     ] GC(1) Humongous regions: 0->0
[2025-04-05T12:54:03.484+0530][gc,metaspace] GC(1) Metaspace: 21267K(21504K)->21267K(21504K) NonClass: 18750K(18880K)->18750K(18880K) Class: 2517K(2624K)->2517K(2624K)
[2025-04-05T12:54:03.484+0530][gc          ] GC(1) Pause Young (Concurrent Start) (Metadata GC Threshold) 24M->11M(1024M) 2.476ms
[2025-04-05T12:54:03.484+0530][gc,cpu      ] GC(1) User=0.01s Sys=0.00s Real=0.00s
[2025-04-05T12:54:03.484+0530][gc          ] GC(2) Concurrent Mark Cycle
[2025-04-05T12:54:03.484+0530][gc,marking  ] GC(2) Concurrent Scan Root Regions
[2025-04-05T12:54:03.486+0530][gc,marking  ] GC(2) Concurrent Scan Root Regions 1.330ms
[2025-04-05T12:54:03.486+0530][gc,marking  ] GC(2) Concurrent Mark
[2025-04-05T12:54:03.486+0530][gc,marking  ] GC(2) Concurrent Mark From Roots
[2025-04-05T12:54:03.486+0530][gc,task     ] GC(2) Using 2 workers of 2 for marking
[2025-04-05T12:54:03.487+0530][gc,marking  ] GC(2) Concurrent Mark From Roots 1.004ms
[2025-04-05T12:54:03.487+0530][gc,marking  ] GC(2) Concurrent Preclean
[2025-04-05T12:54:03.487+0530][gc,marking  ] GC(2) Concurrent Preclean 0.007ms
[2025-04-05T12:54:03.487+0530][gc,start    ] GC(2) Pause Remark
[2025-04-05T12:54:03.488+0530][gc          ] GC(2) Pause Remark 11M->11M(1024M) 1.003ms
[2025-04-05T12:54:03.488+0530][gc,cpu      ] GC(2) User=0.00s Sys=0.00s Real=0.00s
[2025-04-05T12:54:03.488+0530][gc,marking  ] GC(2) Concurrent Mark 2.203ms
[2025-04-05T12:54:03.488+0530][gc,marking  ] GC(2) Concurrent Rebuild Remembered Sets and Scrub Regions
[2025-04-05T12:54:03.489+0530][gc,marking  ] GC(2) Concurrent Rebuild Remembered Sets and Scrub Regions 1.226ms
[2025-04-05T12:54:03.489+0530][gc,start    ] GC(2) Pause Cleanup
[2025-04-05T12:54:03.489+0530][gc          ] GC(2) Pause Cleanup 11M->11M(1024M) 0.093ms
[2025-04-05T12:54:03.489+0530][gc,cpu      ] GC(2) User=0.00s Sys=0.00s Real=0.00s
[2025-04-05T12:54:03.489+0530][gc,marking  ] GC(2) Concurrent Clear Claimed Marks
[2025-04-05T12:54:03.489+0530][gc,marking  ] GC(2) Concurrent Clear Claimed Marks 0.009ms
[2025-04-05T12:54:03.489+0530][gc,marking  ] GC(2) Concurrent Cleanup for Next Mark
[2025-04-05T12:54:03.491+0530][gc,marking  ] GC(2) Concurrent Cleanup for Next Mark 1.497ms
[2025-04-05T12:54:03.491+0530][gc          ] GC(2) Concurrent Mark Cycle 6.526ms
[2025-04-05T12:54:03.789+0530][gc,start    ] GC(3) Pause Young (Prepare Mixed) (G1 Evacuation Pause)
[2025-04-05T12:54:03.789+0530][gc,task     ] GC(3) Using 8 workers of 8 for evacuation
[2025-04-05T12:54:03.791+0530][gc,phases   ] GC(3)   Pre Evacuate Collection Set: 0.1ms
[2025-04-05T12:54:03.791+0530][gc,phases   ] GC(3)   Merge Heap Roots: 0.0ms
[2025-04-05T12:54:03.791+0530][gc,phases   ] GC(3)   Evacuate Collection Set: 1.9ms
[2025-04-05T12:54:03.791+0530][gc,phases   ] GC(3)   Post Evacuate Collection Set: 0.2ms
[2025-04-05T12:54:03.791+0530][gc,phases   ] GC(3)   Other: 0.0ms
[2025-04-05T12:54:03.791+0530][gc,heap     ] GC(3) Eden regions: 49->0(44)
[2025-04-05T12:54:03.791+0530][gc,heap     ] GC(3) Survivor regions: 2->7(7)
[2025-04-05T12:54:03.791+0530][gc,heap     ] GC(3) Old regions: 11->11
[2025-04-05T12:54:03.791+0530][gc,heap     ] GC(3) Humongous regions: 129->129
[2025-04-05T12:54:03.791+0530][gc,metaspace] GC(3) Metaspace: 33040K(33344K)->33040K(33344K) NonClass: 29407K(29568K)->29407K(29568K) Class: 3633K(3776K)->3633K(3776K)
[2025-04-05T12:54:03.791+0530][gc          ] GC(3) Pause Young (Prepare Mixed) (G1 Evacuation Pause) 189M->144M(1024M) 2.423ms
[2025-04-05T12:54:03.791+0530][gc,cpu      ] GC(3) User=0.01s Sys=0.00s Real=0.01s
[2025-04-05T12:54:03.937+0530][gc,start    ] GC(4) Pause Young (Mixed) (Metadata GC Threshold)
[2025-04-05T12:54:03.937+0530][gc,task     ] GC(4) Using 8 workers of 8 for evacuation
[2025-04-05T12:54:03.940+0530][gc,phases   ] GC(4)   Pre Evacuate Collection Set: 0.1ms
[2025-04-05T12:54:03.940+0530][gc,phases   ] GC(4)   Merge Heap Roots: 0.1ms
[2025-04-05T12:54:03.940+0530][gc,phases   ] GC(4)   Evacuate Collection Set: 2.3ms
[2025-04-05T12:54:03.940+0530][gc,phases   ] GC(4)   Post Evacuate Collection Set: 0.2ms
[2025-04-05T12:54:03.940+0530][gc,phases   ] GC(4)   Other: 0.0ms
[2025-04-05T12:54:03.940+0530][gc,heap     ] GC(4) Eden regions: 12->0(49)
[2025-04-05T12:54:03.940+0530][gc,heap     ] GC(4) Survivor regions: 7->2(7)
[2025-04-05T12:54:03.940+0530][gc,heap     ] GC(4) Old regions: 11->16
[2025-04-05T12:54:03.940+0530][gc,heap     ] GC(4) Humongous regions: 129->129
[2025-04-05T12:54:03.940+0530][gc,metaspace] GC(4) Metaspace: 35622K(35968K)->35622K(35968K) NonClass: 31658K(31808K)->31658K(31808K) Class: 3964K(4160K)->3964K(4160K)
[2025-04-05T12:54:03.940+0530][gc          ] GC(4) Pause Young (Mixed) (Metadata GC Threshold) 156M->145M(1024M) 2.824ms
[2025-04-05T12:54:03.940+0530][gc,cpu      ] GC(4) User=0.02s Sys=0.00s Real=0.01s
[2025-04-05T12:54:03.952+0530][gc,start    ] GC(5) Pause Young (Concurrent Start) (Metadata GC Threshold)
[2025-04-05T12:54:03.952+0530][gc,task     ] GC(5) Using 8 workers of 8 for evacuation
[2025-04-05T12:54:03.952+0530][gc,phases   ] GC(5)   Pre Evacuate Collection Set: 0.1ms
[2025-04-05T12:54:03.952+0530][gc,phases   ] GC(5)   Merge Heap Roots: 0.0ms
[2025-04-05T12:54:03.952+0530][gc,phases   ] GC(5)   Evacuate Collection Set: 0.5ms
[2025-04-05T12:54:03.952+0530][gc,phases   ] GC(5)   Post Evacuate Collection Set: 0.2ms
[2025-04-05T12:54:03.952+0530][gc,phases   ] GC(5)   Other: 0.0ms
[2025-04-05T12:54:03.953+0530][gc,heap     ] GC(5) Eden regions: 2->0(50)
[2025-04-05T12:54:03.953+0530][gc,heap     ] GC(5) Survivor regions: 2->1(7)
[2025-04-05T12:54:03.953+0530][gc,heap     ] GC(5) Old regions: 16->16
[2025-04-05T12:54:03.953+0530][gc,heap     ] GC(5) Humongous regions: 129->129
[2025-04-05T12:54:03.953+0530][gc,metaspace] GC(5) Metaspace: 36025K(36288K)->36025K(36288K) NonClass: 32011K(32128K)->32011K(32128K) Class: 4014K(4160K)->4014K(4160K)
[2025-04-05T12:54:03.953+0530][gc          ] GC(5) Pause Young (Concurrent Start) (Metadata GC Threshold) 147M->145M(1024M) 0.900ms
[2025-04-05T12:54:03.953+0530][gc,cpu      ] GC(5) User=0.01s Sys=0.00s Real=0.00s
[2025-04-05T12:54:03.953+0530][gc          ] GC(6) Concurrent Mark Cycle
[2025-04-05T12:54:03.953+0530][gc,marking  ] GC(6) Concurrent Scan Root Regions
[2025-04-05T12:54:03.953+0530][gc,marking  ] GC(6) Concurrent Scan Root Regions 0.588ms
[2025-04-05T12:54:03.953+0530][gc,marking  ] GC(6) Concurrent Mark
[2025-04-05T12:54:03.953+0530][gc,marking  ] GC(6) Concurrent Mark From Roots
[2025-04-05T12:54:03.953+0530][gc,task     ] GC(6) Using 2 workers of 2 for marking
[2025-04-05T12:54:03.960+0530][gc,marking  ] GC(6) Concurrent Mark From Roots 6.428ms
[2025-04-05T12:54:03.960+0530][gc,marking  ] GC(6) Concurrent Preclean
[2025-04-05T12:54:03.960+0530][gc,marking  ] GC(6) Concurrent Preclean 0.020ms
[2025-04-05T12:54:03.960+0530][gc,start    ] GC(6) Pause Remark
[2025-04-05T12:54:03.961+0530][gc          ] GC(6) Pause Remark 146M->146M(1024M) 1.085ms
[2025-04-05T12:54:03.961+0530][gc,cpu      ] GC(6) User=0.01s Sys=0.00s Real=0.00s
[2025-04-05T12:54:03.961+0530][gc,marking  ] GC(6) Concurrent Mark 7.676ms
[2025-04-05T12:54:03.961+0530][gc,marking  ] GC(6) Concurrent Rebuild Remembered Sets and Scrub Regions
[2025-04-05T12:54:03.964+0530][gc,marking  ] GC(6) Concurrent Rebuild Remembered Sets and Scrub Regions 2.805ms
[2025-04-05T12:54:03.964+0530][gc,start    ] GC(6) Pause Cleanup
[2025-04-05T12:54:03.964+0530][gc          ] GC(6) Pause Cleanup 147M->147M(1024M) 0.069ms
[2025-04-05T12:54:03.964+0530][gc,cpu      ] GC(6) User=0.00s Sys=0.00s Real=0.00s
[2025-04-05T12:54:03.964+0530][gc,marking  ] GC(6) Concurrent Clear Claimed Marks
[2025-04-05T12:54:03.964+0530][gc,marking  ] GC(6) Concurrent Clear Claimed Marks 0.018ms
[2025-04-05T12:54:03.964+0530][gc,marking  ] GC(6) Concurrent Cleanup for Next Mark
[2025-04-05T12:54:03.965+0530][gc,marking  ] GC(6) Concurrent Cleanup for Next Mark 0.761ms
[2025-04-05T12:54:03.965+0530][gc          ] GC(6) Concurrent Mark Cycle 12.145ms
[2025-04-05T13:04:57.793+0530][gc,start    ] GC(7) Pause Young (Prepare Mixed) (G1 Evacuation Pause)
[2025-04-05T13:04:57.793+0530][gc,task     ] GC(7) Using 8 workers of 8 for evacuation
[2025-04-05T13:04:57.799+0530][gc,phases   ] GC(7)   Pre Evacuate Collection Set: 0.4ms
[2025-04-05T13:04:57.799+0530][gc,phases   ] GC(7)   Merge Heap Roots: 0.1ms
[2025-04-05T13:04:57.799+0530][gc,phases   ] GC(7)   Evacuate Collection Set: 4.9ms
[2025-04-05T13:04:57.800+0530][gc,phases   ] GC(7)   Post Evacuate Collection Set: 0.8ms
[2025-04-05T13:04:57.800+0530][gc,phases   ] GC(7)   Other: 0.1ms
[2025-04-05T13:04:57.800+0530][gc,heap     ] GC(7) Eden regions: 50->0(47)
[2025-04-05T13:04:57.800+0530][gc,heap     ] GC(7) Survivor regions: 1->4(7)
[2025-04-05T13:04:57.800+0530][gc,heap     ] GC(7) Old regions: 16->16
[2025-04-05T13:04:57.800+0530][gc,heap     ] GC(7) Humongous regions: 129->129
[2025-04-05T13:04:57.800+0530][gc,metaspace] GC(7) Metaspace: 41944K(42496K)->41944K(42496K) NonClass: 37014K(37312K)->37014K(37312K) Class: 4929K(5184K)->4929K(5184K)
[2025-04-05T13:04:57.800+0530][gc          ] GC(7) Pause Young (Prepare Mixed) (G1 Evacuation Pause) 195M->148M(1024M) 6.821ms
[2025-04-05T13:04:57.800+0530][gc,cpu      ] GC(7) User=0.03s Sys=0.01s Real=0.01s
[2025-04-05T13:57:01.145+0530][gc,start    ] GC(8) Pause Young (Mixed) (G1 Evacuation Pause)
[2025-04-05T13:57:01.148+0530][gc,task     ] GC(8) Using 8 workers of 8 for evacuation
[2025-04-05T13:57:01.158+0530][gc,phases   ] GC(8)   Pre Evacuate Collection Set: 1.1ms
[2025-04-05T13:57:01.158+0530][gc,phases   ] GC(8)   Merge Heap Roots: 0.1ms
[2025-04-05T13:57:01.158+0530][gc,phases   ] GC(8)   Evacuate Collection Set: 7.6ms
[2025-04-05T13:57:01.158+0530][gc,phases   ] GC(8)   Post Evacuate Collection Set: 0.6ms
[2025-04-05T13:57:01.158+0530][gc,phases   ] GC(8)   Other: 0.2ms
[2025-04-05T13:57:01.158+0530][gc,heap     ] GC(8) Eden regions: 47->0(47)
[2025-04-05T13:57:01.158+0530][gc,heap     ] GC(8) Survivor regions: 4->4(7)
[2025-04-05T13:57:01.158+0530][gc,heap     ] GC(8) Old regions: 16->17
[2025-04-05T13:57:01.158+0530][gc,heap     ] GC(8) Humongous regions: 129->129
[2025-04-05T13:57:01.158+0530][gc,metaspace] GC(8) Metaspace: 42105K(42688K)->42105K(42688K) NonClass: 37171K(37504K)->37171K(37504K) Class: 4933K(5184K)->4933K(5184K)
[2025-04-05T13:57:01.158+0530][gc          ] GC(8) Pause Young (Mixed) (G1 Evacuation Pause) 195M->148M(1024M) 13.008ms
[2025-04-05T13:57:01.158+0530][gc,cpu      ] GC(8) User=0.03s Sys=0.00s Real=0.01s
[2025-04-05T14:05:15.432+0530][gc,start    ] GC(9) Pause Young (Normal) (G1 Evacuation Pause)
[2025-04-05T14:05:15.432+0530][gc,task     ] GC(9) Using 8 workers of 8 for evacuation
[2025-04-05T14:05:15.438+0530][gc,phases   ] GC(9)   Pre Evacuate Collection Set: 0.3ms
[2025-04-05T14:05:15.438+0530][gc,phases   ] GC(9)   Merge Heap Roots: 0.1ms
[2025-04-05T14:05:15.438+0530][gc,phases   ] GC(9)   Evacuate Collection Set: 4.9ms
[2025-04-05T14:05:15.438+0530][gc,phases   ] GC(9)   Post Evacuate Collection Set: 0.5ms
[2025-04-05T14:05:15.438+0530][gc,phases   ] GC(9)   Other: 0.1ms
[2025-04-05T14:05:15.438+0530][gc,heap     ] GC(9) Eden regions: 47->0(47)
[2025-04-05T14:05:15.438+0530][gc,heap     ] GC(9) Survivor regions: 4->4(7)
[2025-04-05T14:05:15.438+0530][gc,heap     ] GC(9) Old regions: 17->17
[2025-04-05T14:05:15.438+0530][gc,heap     ] GC(9) Humongous regions: 129->129
[2025-04-05T14:05:15.438+0530][gc,metaspace] GC(9) Metaspace: 42257K(42816K)->42257K(42816K) NonClass: 37307K(37632K)->37307K(37632K) Class: 4950K(5184K)->4950K(5184K)
[2025-04-05T14:05:15.438+0530][gc          ] GC(9) Pause Young (Normal) (G1 Evacuation Pause) 195M->148M(1024M) 6.419ms
[2025-04-05T14:05:15.438+0530][gc,cpu      ] GC(9) User=0.03s Sys=0.00s Real=0.00s
[2025-04-05T14:13:52.863+0530][gc,start    ] GC(10) Pause Young (Normal) (G1 Evacuation Pause)
[2025-04-05T14:13:52.864+0530][gc,task     ] GC(10) Using 8 workers of 8 for evacuation
[2025-04-05T14:13:52.869+0530][gc,phases   ] GC(10)   Pre Evacuate Collection Set: 0.4ms
[2025-04-05T14:13:52.869+0530][gc,phases   ] GC(10)   Merge Heap Roots: 0.1ms
[2025-04-05T14:13:52.869+0530][gc,phases   ] GC(10)   Evacuate Collection Set: 4.3ms
[2025-04-05T14:13:52.869+0530][gc,phases   ] GC(10)   Post Evacuate Collection Set: 0.5ms
[2025-04-05T14:13:52.869+0530][gc,phases   ] GC(10)   Other: 0.1ms
[2025-04-05T14:13:52.869+0530][gc,heap     ] GC(10) Eden regions: 47->0(47)
[2025-04-05T14:13:52.869+0530][gc,heap     ] GC(10) Survivor regions: 4->4(7)
[2025-04-05T14:13:52.869+0530][gc,heap     ] GC(10) Old regions: 17->17
[2025-04-05T14:13:52.869+0530][gc,heap     ] GC(10) Humongous regions: 129->129
[2025-04-05T14:13:52.869+0530][gc,metaspace] GC(10) Metaspace: 42522K(43136K)->42522K(43136K) NonClass: 37535K(37888K)->37535K(37888K) Class: 4986K(5248K)->4986K(5248K)
[2025-04-05T14:13:52.869+0530][gc          ] GC(10) Pause Young (Normal) (G1 Evacuation Pause) 195M->148M(1024M) 5.750ms
[2025-04-05T14:13:52.869+0530][gc,cpu      ] GC(10) User=0.02s Sys=0.01s Real=0.00s
[2025-04-05T14:23:02.912+0530][gc,start    ] GC(11) Pause Young (Normal) (G1 Evacuation Pause)
[2025-04-05T14:23:02.913+0530][gc,task     ] GC(11) Using 8 workers of 8 for evacuation
[2025-04-05T14:23:02.922+0530][gc,phases   ] GC(11)   Pre Evacuate Collection Set: 0.4ms
[2025-04-05T14:23:02.922+0530][gc,phases   ] GC(11)   Merge Heap Roots: 0.1ms
[2025-04-05T14:23:02.922+0530][gc,phases   ] GC(11)   Evacuate Collection Set: 7.0ms
[2025-04-05T14:23:02.922+0530][gc,phases   ] GC(11)   Post Evacuate Collection Set: 0.5ms
[2025-04-05T14:23:02.922+0530][gc,phases   ] GC(11)   Other: 0.1ms
[2025-04-05T14:23:02.922+0530][gc,heap     ] GC(11) Eden regions: 47->0(52)
[2025-04-05T14:23:02.922+0530][gc,heap     ] GC(11) Survivor regions: 4->5(7)
[2025-04-05T14:23:02.922+0530][gc,heap     ] GC(11) Old regions: 17->17
[2025-04-05T14:23:02.922+0530][gc,heap     ] GC(11) Humongous regions: 129->129
[2025-04-05T14:23:02.922+0530][gc,metaspace] GC(11) Metaspace: 42559K(43136K)->42559K(43136K) NonClass: 37573K(37888K)->37573K(37888K) Class: 4986K(5248K)->4986K(5248K)
[2025-04-05T14:23:02.922+0530][gc          ] GC(11) Pause Young (Normal) (G1 Evacuation Pause) 195M->149M(1024M) 9.861ms
[2025-04-05T14:23:02.922+0530][gc,cpu      ] GC(11) User=0.03s Sys=0.01s Real=0.01s
[2025-04-05T14:33:15.658+0530][gc,start    ] GC(12) Pause Young (Normal) (G1 Evacuation Pause)
[2025-04-05T14:33:15.658+0530][gc,task     ] GC(12) Using 8 workers of 8 for evacuation
[2025-04-05T14:33:15.666+0530][gc,phases   ] GC(12)   Pre Evacuate Collection Set: 0.5ms
[2025-04-05T14:33:15.666+0530][gc,phases   ] GC(12)   Merge Heap Roots: 0.1ms
[2025-04-05T14:33:15.666+0530][gc,phases   ] GC(12)   Evacuate Collection Set: 7.1ms
[2025-04-05T14:33:15.666+0530][gc,phases   ] GC(12)   Post Evacuate Collection Set: 0.6ms
[2025-04-05T14:33:15.666+0530][gc,phases   ] GC(12)   Other: 0.1ms
[2025-04-05T14:33:15.666+0530][gc,heap     ] GC(12) Eden regions: 52->0(325)
[2025-04-05T14:33:15.667+0530][gc,heap     ] GC(12) Survivor regions: 5->5(8)
[2025-04-05T14:33:15.667+0530][gc,heap     ] GC(12) Old regions: 17->17
[2025-04-05T14:33:15.667+0530][gc,heap     ] GC(12) Humongous regions: 129->129
[2025-04-05T14:33:15.667+0530][gc,metaspace] GC(12) Metaspace: 42593K(43200K)->42593K(43200K) NonClass: 37606K(37952K)->37606K(37952K) Class: 4987K(5248K)->4987K(5248K)
[2025-04-05T14:33:15.667+0530][gc          ] GC(12) Pause Young (Normal) (G1 Evacuation Pause) 201M->149M(1024M) 9.047ms
[2025-04-05T14:33:15.667+0530][gc,cpu      ] GC(12) User=0.03s Sys=0.00s Real=0.01s
[2025-04-05T16:05:16.215+0530][gc,start    ] GC(13) Pause Young (Normal) (G1 Evacuation Pause)
[2025-04-05T16:05:16.215+0530][gc,task     ] GC(13) Using 8 workers of 8 for evacuation
[2025-04-05T16:05:16.226+0530][gc,phases   ] GC(13)   Pre Evacuate Collection Set: 1.0ms
[2025-04-05T16:05:16.226+0530][gc,phases   ] GC(13)   Merge Heap Roots: 0.2ms
[2025-04-05T16:05:16.226+0530][gc,phases   ] GC(13)   Evacuate Collection Set: 8.9ms
[2025-04-05T16:05:16.226+0530][gc,phases   ] GC(13)   Post Evacuate Collection Set: 0.8ms
[2025-04-05T16:05:16.226+0530][gc,phases   ] GC(13)   Other: 0.3ms
[2025-04-05T16:05:16.226+0530][gc,heap     ] GC(13) Eden regions: 325->0(609)
[2025-04-05T16:05:16.226+0530][gc,heap     ] GC(13) Survivor regions: 5->5(42)
[2025-04-05T16:05:16.226+0530][gc,heap     ] GC(13) Old regions: 17->17
[2025-04-05T16:05:16.226+0530][gc,heap     ] GC(13) Humongous regions: 129->129
[2025-04-05T16:05:16.226+0530][gc,metaspace] GC(13) Metaspace: 42756K(43328K)->42756K(43328K) NonClass: 37764K(38080K)->37764K(38080K) Class: 4991K(5248K)->4991K(5248K)
[2025-04-05T16:05:16.227+0530][gc          ] GC(13) Pause Young (Normal) (G1 Evacuation Pause) 474M->150M(1024M) 11.746ms
[2025-04-05T16:05:16.227+0530][gc,cpu      ] GC(13) User=0.04s Sys=0.01s Real=0.01s
[2025-04-05T21:46:31.580+0530][gc,start    ] GC(14) Pause Young (Normal) (G1 Evacuation Pause)
[2025-04-05T21:46:31.581+0530][gc,task     ] GC(14) Using 8 workers of 8 for evacuation
[2025-04-05T21:46:31.596+0530][gc,phases   ] GC(14)   Pre Evacuate Collection Set: 1.6ms
[2025-04-05T21:46:31.596+0530][gc,phases   ] GC(14)   Merge Heap Roots: 0.3ms
[2025-04-05T21:46:31.596+0530][gc,phases   ] GC(14)   Evacuate Collection Set: 11.8ms
[2025-04-05T21:46:31.596+0530][gc,phases   ] GC(14)   Post Evacuate Collection Set: 0.9ms
[2025-04-05T21:46:31.596+0530][gc,phases   ] GC(14)   Other: 0.3ms
[2025-04-05T21:46:31.596+0530][gc,heap     ] GC(14) Eden regions: 609->0(609)
[2025-04-05T21:46:31.596+0530][gc,heap     ] GC(14) Survivor regions: 5->5(77)
[2025-04-05T21:46:31.596+0530][gc,heap     ] GC(14) Old regions: 17->17
[2025-04-05T21:46:31.596+0530][gc,heap     ] GC(14) Humongous regions: 129->129
[2025-04-05T21:46:31.596+0530][gc,metaspace] GC(14) Metaspace: 42806K(43392K)->42806K(43392K) NonClass: 37815K(38144K)->37815K(38144K) Class: 4991K(5248K)->4991K(5248K)
[2025-04-05T21:46:31.596+0530][gc          ] GC(14) Pause Young (Normal) (G1 Evacuation Pause) 759M->150M(1024M) 15.765ms
[2025-04-05T21:46:31.596+0530][gc,cpu      ] GC(14) User=0.03s Sys=0.03s Real=0.01s
[2025-04-06T09:30:19.959+0530][gc,start    ] GC(15) Pause Young (Normal) (G1 Evacuation Pause)
[2025-04-06T09:30:19.960+0530][gc,task     ] GC(15) Using 8 workers of 8 for evacuation
[2025-04-06T09:30:19.968+0530][gc,phases   ] GC(15)   Pre Evacuate Collection Set: 1.5ms
[2025-04-06T09:30:19.968+0530][gc,phases   ] GC(15)   Merge Heap Roots: 0.3ms
[2025-04-06T09:30:19.968+0530][gc,phases   ] GC(15)   Evacuate Collection Set: 6.0ms
[2025-04-06T09:30:19.968+0530][gc,phases   ] GC(15)   Post Evacuate Collection Set: 0.6ms
[2025-04-06T09:30:19.968+0530][gc,phases   ] GC(15)   Other: 0.2ms
[2025-04-06T09:30:19.968+0530][gc,heap     ] GC(15) Eden regions: 609->0(609)
[2025-04-06T09:30:19.968+0530][gc,heap     ] GC(15) Survivor regions: 5->5(77)
[2025-04-06T09:30:19.968+0530][gc,heap     ] GC(15) Old regions: 17->17
[2025-04-06T09:30:19.968+0530][gc,heap     ] GC(15) Humongous regions: 129->129
[2025-04-06T09:30:19.968+0530][gc,metaspace] GC(15) Metaspace: 42840K(43392K)->42840K(43392K) NonClass: 37848K(38144K)->37848K(38144K) Class: 4991K(5248K)->4991K(5248K)
[2025-04-06T09:30:19.968+0530][gc          ] GC(15) Pause Young (Normal) (G1 Evacuation Pause) 759M->149M(1024M) 8.880ms
[2025-04-06T09:30:19.968+0530][gc,cpu      ] GC(15) User=0.02s Sys=0.02s Real=0.01s
[2025-04-09T03:27:23.750+0530][gc,start    ] GC(16) Pause Young (Normal) (G1 Evacuation Pause)
[2025-04-09T03:27:23.751+0530][gc,task     ] GC(16) Using 8 workers of 8 for evacuation
[2025-04-09T03:27:23.770+0530][gc,phases   ] GC(16)   Pre Evacuate Collection Set: 1.0ms
[2025-04-09T03:27:23.770+0530][gc,phases   ] GC(16)   Merge Heap Roots: 0.3ms
[2025-04-09T03:27:23.770+0530][gc,phases   ] GC(16)   Evacuate Collection Set: 16.9ms
[2025-04-09T03:27:23.770+0530][gc,phases   ] GC(16)   Post Evacuate Collection Set: 0.7ms
[2025-04-09T03:27:23.771+0530][gc,phases   ] GC(16)   Other: 0.2ms
[2025-04-09T03:27:23.771+0530][gc,heap     ] GC(16) Eden regions: 609->0(609)
[2025-04-09T03:27:23.771+0530][gc,heap     ] GC(16) Survivor regions: 5->5(77)
[2025-04-09T03:27:23.771+0530][gc,heap     ] GC(16) Old regions: 17->17
[2025-04-09T03:27:23.771+0530][gc,heap     ] GC(16) Humongous regions: 129->129
[2025-04-09T03:27:23.771+0530][gc,metaspace] GC(16) Metaspace: 43911K(44480K)->43911K(44480K) NonClass: 38757K(39104K)->38757K(39104K) Class: 5154K(5376K)->5154K(5376K)
[2025-04-09T03:27:23.771+0530][gc          ] GC(16) Pause Young (Normal) (G1 Evacuation Pause) 758M->150M(1024M) 20.936ms
[2025-04-09T03:27:23.771+0530][gc,cpu      ] GC(16) User=0.05s Sys=0.01s Real=0.02s
[2025-04-10T14:32:52.011+0530][gc,start    ] GC(17) Pause Young (Normal) (G1 Evacuation Pause)
[2025-04-10T14:32:52.015+0530][gc,task     ] GC(17) Using 8 workers of 8 for evacuation
[2025-04-10T14:32:52.042+0530][gc,mmu      ] GC(17) MMU target violated: 21.0ms (20.0ms/21.0ms)
[2025-04-10T14:32:52.042+0530][gc,phases   ] GC(17)   Pre Evacuate Collection Set: 4.7ms
[2025-04-10T14:32:52.042+0530][gc,phases   ] GC(17)   Merge Heap Roots: 0.5ms
[2025-04-10T14:32:52.042+0530][gc,phases   ] GC(17)   Evacuate Collection Set: 19.6ms
[2025-04-10T14:32:52.042+0530][gc,phases   ] GC(17)   Post Evacuate Collection Set: 1.4ms
[2025-04-10T14:32:52.042+0530][gc,phases   ] GC(17)   Other: 1.7ms
[2025-04-10T14:32:52.042+0530][gc,heap     ] GC(17) Eden regions: 609->0(609)
[2025-04-10T14:32:52.042+0530][gc,heap     ] GC(17) Survivor regions: 5->5(77)
[2025-04-10T14:32:52.042+0530][gc,heap     ] GC(17) Old regions: 17->17
[2025-04-10T14:32:52.042+0530][gc,heap     ] GC(17) Humongous regions: 129->129
[2025-04-10T14:32:52.042+0530][gc,metaspace] GC(17) Metaspace: 43912K(44480K)->43912K(44480K) NonClass: 38758K(39104K)->38758K(39104K) Class: 5154K(5376K)->5154K(5376K)
[2025-04-10T14:32:52.042+0530][gc          ] GC(17) Pause Young (Normal) (G1 Evacuation Pause) 759M->150M(1024M) 35.811ms
[2025-04-10T14:32:52.042+0530][gc,cpu      ] GC(17) User=0.02s Sys=0.03s Real=0.04s
[2025-04-11T11:00:02.260+0530][gc,start    ] GC(18) Pause Young (Normal) (G1 Evacuation Pause)
[2025-04-11T11:00:02.261+0530][gc,task     ] GC(18) Using 8 workers of 8 for evacuation
[2025-04-11T11:00:02.286+0530][gc,mmu      ] GC(18) MMU target violated: 21.0ms (20.0ms/21.0ms)
[2025-04-11T11:00:02.286+0530][gc,phases   ] GC(18)   Pre Evacuate Collection Set: 0.9ms
[2025-04-11T11:00:02.286+0530][gc,phases   ] GC(18)   Merge Heap Roots: 1.1ms
[2025-04-11T11:00:02.286+0530][gc,phases   ] GC(18)   Evacuate Collection Set: 22.2ms
[2025-04-11T11:00:02.286+0530][gc,phases   ] GC(18)   Post Evacuate Collection Set: 0.7ms
[2025-04-11T11:00:02.286+0530][gc,phases   ] GC(18)   Other: 0.2ms
[2025-04-11T11:00:02.287+0530][gc,heap     ] GC(18) Eden regions: 609->0(609)
[2025-04-11T11:00:02.287+0530][gc,heap     ] GC(18) Survivor regions: 5->5(77)
[2025-04-11T11:00:02.287+0530][gc,heap     ] GC(18) Old regions: 17->17
[2025-04-11T11:00:02.287+0530][gc,heap     ] GC(18) Humongous regions: 129->129
[2025-04-11T11:00:02.287+0530][gc,metaspace] GC(18) Metaspace: 43927K(44480K)->43927K(44480K) NonClass: 38773K(39104K)->38773K(39104K) Class: 5154K(5376K)->5154K(5376K)
[2025-04-11T11:00:02.287+0530][gc          ] GC(18) Pause Young (Normal) (G1 Evacuation Pause) 759M->150M(1024M) 26.633ms
[2025-04-11T11:00:02.287+0530][gc,cpu      ] GC(18) User=0.02s Sys=0.02s Real=0.02s
[2025-04-12T14:36:55.167+0530][gc,start    ] GC(19) Pause Young (Normal) (G1 Evacuation Pause)
[2025-04-12T14:36:55.169+0530][gc,task     ] GC(19) Using 8 workers of 8 for evacuation
[2025-04-12T14:36:55.188+0530][gc,phases   ] GC(19)   Pre Evacuate Collection Set: 1.3ms
[2025-04-12T14:36:55.188+0530][gc,phases   ] GC(19)   Merge Heap Roots: 0.4ms
[2025-04-12T14:36:55.188+0530][gc,phases   ] GC(19)   Evacuate Collection Set: 17.3ms
[2025-04-12T14:36:55.188+0530][gc,phases   ] GC(19)   Post Evacuate Collection Set: 0.7ms
[2025-04-12T14:36:55.188+0530][gc,phases   ] GC(19)   Other: 0.2ms
[2025-04-12T14:36:55.188+0530][gc,heap     ] GC(19) Eden regions: 609->0(609)
[2025-04-12T14:36:55.188+0530][gc,heap     ] GC(19) Survivor regions: 5->5(77)
[2025-04-12T14:36:55.188+0530][gc,heap     ] GC(19) Old regions: 17->17
[2025-04-12T14:36:55.188+0530][gc,heap     ] GC(19) Humongous regions: 129->129
[2025-04-12T14:36:55.188+0530][gc,metaspace] GC(19) Metaspace: 43927K(44480K)->43927K(44480K) NonClass: 38773K(39104K)->38773K(39104K) Class: 5154K(5376K)->5154K(5376K)
[2025-04-12T14:36:55.189+0530][gc          ] GC(19) Pause Young (Normal) (G1 Evacuation Pause) 759M->150M(1024M) 21.574ms
[2025-04-12T14:36:55.189+0530][gc,cpu      ] GC(19) User=0.03s Sys=0.03s Real=0.02s
[2025-04-13T08:23:50.015+0530][gc,start    ] GC(20) Pause Young (Normal) (G1 Evacuation Pause)
[2025-04-13T08:23:50.017+0530][gc,task     ] GC(20) Using 8 workers of 8 for evacuation
[2025-04-13T08:23:50.048+0530][gc,mmu      ] GC(20) MMU target violated: 21.0ms (20.0ms/21.0ms)
[2025-04-13T08:23:50.048+0530][gc,phases   ] GC(20)   Pre Evacuate Collection Set: 1.8ms
[2025-04-13T08:23:50.048+0530][gc,phases   ] GC(20)   Merge Heap Roots: 0.3ms
[2025-04-13T08:23:50.048+0530][gc,phases   ] GC(20)   Evacuate Collection Set: 27.5ms
[2025-04-13T08:23:50.048+0530][gc,phases   ] GC(20)   Post Evacuate Collection Set: 0.9ms
[2025-04-13T08:23:50.048+0530][gc,phases   ] GC(20)   Other: 0.5ms
[2025-04-13T08:23:50.048+0530][gc,heap     ] GC(20) Eden regions: 609->0(609)
[2025-04-13T08:23:50.048+0530][gc,heap     ] GC(20) Survivor regions: 5->5(77)
[2025-04-13T08:23:50.048+0530][gc,heap     ] GC(20) Old regions: 17->17
[2025-04-13T08:23:50.048+0530][gc,heap     ] GC(20) Humongous regions: 129->129
[2025-04-13T08:23:50.048+0530][gc,metaspace] GC(20) Metaspace: 43928K(44480K)->43928K(44480K) NonClass: 38774K(39104K)->38774K(39104K) Class: 5154K(5376K)->5154K(5376K)
[2025-04-13T08:23:50.048+0530][gc          ] GC(20) Pause Young (Normal) (G1 Evacuation Pause) 759M->150M(1024M) 33.431ms
[2025-04-13T08:23:50.048+0530][gc,cpu      ] GC(20) User=0.02s Sys=0.05s Real=0.03s
[2025-04-13T16:44:43.008+0530][gc,start    ] GC(21) Pause Young (Normal) (G1 Evacuation Pause)
[2025-04-13T16:44:43.009+0530][gc,task     ] GC(21) Using 8 workers of 8 for evacuation
[2025-04-13T16:44:43.026+0530][gc,phases   ] GC(21)   Pre Evacuate Collection Set: 0.7ms
[2025-04-13T16:44:43.026+0530][gc,phases   ] GC(21)   Merge Heap Roots: 0.2ms
[2025-04-13T16:44:43.026+0530][gc,phases   ] GC(21)   Evacuate Collection Set: 15.3ms
[2025-04-13T16:44:43.026+0530][gc,phases   ] GC(21)   Post Evacuate Collection Set: 0.5ms
[2025-04-13T16:44:43.026+0530][gc,phases   ] GC(21)   Other: 0.2ms
[2025-04-13T16:44:43.026+0530][gc,heap     ] GC(21) Eden regions: 609->0(609)
[2025-04-13T16:44:43.026+0530][gc,heap     ] GC(21) Survivor regions: 5->5(77)
[2025-04-13T16:44:43.026+0530][gc,heap     ] GC(21) Old regions: 17->17
[2025-04-13T16:44:43.026+0530][gc,heap     ] GC(21) Humongous regions: 129->129
[2025-04-13T16:44:43.026+0530][gc,metaspace] GC(21) Metaspace: 43929K(44480K)->43929K(44480K) NonClass: 38775K(39104K)->38775K(39104K) Class: 5154K(5376K)->5154K(5376K)
[2025-04-13T16:44:43.026+0530][gc          ] GC(21) Pause Young (Normal) (G1 Evacuation Pause) 759M->150M(1024M) 18.343ms
[2025-04-13T16:44:43.026+0530][gc,cpu      ] GC(21) User=0.03s Sys=0.02s Real=0.02s
