[2025-04-05T12:55:50.607+0530][gc,init] CardTable entry size: 512
[2025-04-05T12:55:50.607+0530][gc     ] Using G1
[2025-04-05T12:55:50.608+0530][gc,init] Version: 21.0.3+9-LTS (release)
[2025-04-05T12:55:50.608+0530][gc,init] CPUs: 8 total, 8 available
[2025-04-05T12:55:50.608+0530][gc,init] Memory: 32768M
[2025-04-05T12:55:50.608+0530][gc,init] Large Page Support: Disabled
[2025-04-05T12:55:50.608+0530][gc,init] NUMA Support: Disabled
[2025-04-05T12:55:50.608+0530][gc,init] Compressed Oops: Enabled (Zero based)
[2025-04-05T12:55:50.608+0530][gc,init] Heap Region Size: 1M
[2025-04-05T12:55:50.608+0530][gc,init] Heap Min Capacity: 1G
[2025-04-05T12:55:50.608+0530][gc,init] Heap Initial Capacity: 1G
[2025-04-05T12:55:50.608+0530][gc,init] Heap Max Capacity: 1G
[2025-04-05T12:55:50.608+0530][gc,init] Pre-touch: Disabled
[2025-04-05T12:55:50.608+0530][gc,init] Parallel Workers: 8
[2025-04-05T12:55:50.608+0530][gc,init] Concurrent Workers: 2
[2025-04-05T12:55:50.608+0530][gc,init] Concurrent Refinement Workers: 8
[2025-04-05T12:55:50.608+0530][gc,init] Periodic GC: Disabled
[2025-04-05T12:55:50.612+0530][gc,metaspace] CDS archive(s) mapped at: [0x000000d000000000-0x000000d000ca4000-0x000000d000ca4000), size 13254656, SharedBaseAddress: 0x000000d000000000, ArchiveRelocationMode: 1.
[2025-04-05T12:55:50.612+0530][gc,metaspace] Compressed class space mapped at: 0x000000d001000000-0x000000d041000000, reserved size: 1073741824
[2025-04-05T12:55:50.612+0530][gc,metaspace] Narrow klass base: 0x000000d000000000, Narrow klass shift: 0, Narrow klass range: 0x100000000
[2025-04-05T12:55:51.256+0530][gc,start    ] GC(0) Pause Young (Normal) (G1 Evacuation Pause)
[2025-04-05T12:55:51.257+0530][gc,task     ] GC(0) Using 8 workers of 8 for evacuation
[2025-04-05T12:55:51.260+0530][gc,phases   ] GC(0)   Pre Evacuate Collection Set: 0.1ms
[2025-04-05T12:55:51.260+0530][gc,phases   ] GC(0)   Merge Heap Roots: 0.1ms
[2025-04-05T12:55:51.260+0530][gc,phases   ] GC(0)   Evacuate Collection Set: 2.6ms
[2025-04-05T12:55:51.260+0530][gc,phases   ] GC(0)   Post Evacuate Collection Set: 0.7ms
[2025-04-05T12:55:51.260+0530][gc,phases   ] GC(0)   Other: 0.3ms
[2025-04-05T12:55:51.260+0530][gc,heap     ] GC(0) Eden regions: 51->0(44)
[2025-04-05T12:55:51.260+0530][gc,heap     ] GC(0) Survivor regions: 0->7(7)
[2025-04-05T12:55:51.260+0530][gc,heap     ] GC(0) Old regions: 2->4
[2025-04-05T12:55:51.260+0530][gc,heap     ] GC(0) Humongous regions: 0->0
[2025-04-05T12:55:51.260+0530][gc,metaspace] GC(0) Metaspace: 17270K(17472K)->17270K(17472K) NonClass: 15236K(15360K)->15236K(15360K) Class: 2033K(2112K)->2033K(2112K)
[2025-04-05T12:55:51.260+0530][gc          ] GC(0) Pause Young (Normal) (G1 Evacuation Pause) 52M->9M(1024M) 3.966ms
[2025-04-05T12:55:51.260+0530][gc,cpu      ] GC(0) User=0.01s Sys=0.01s Real=0.01s
[2025-04-05T12:55:51.382+0530][gc,start    ] GC(1) Pause Young (Concurrent Start) (Metadata GC Threshold)
[2025-04-05T12:55:51.382+0530][gc,task     ] GC(1) Using 8 workers of 8 for evacuation
[2025-04-05T12:55:51.385+0530][gc,phases   ] GC(1)   Pre Evacuate Collection Set: 0.2ms
[2025-04-05T12:55:51.385+0530][gc,phases   ] GC(1)   Merge Heap Roots: 0.0ms
[2025-04-05T12:55:51.385+0530][gc,phases   ] GC(1)   Evacuate Collection Set: 1.9ms
[2025-04-05T12:55:51.385+0530][gc,phases   ] GC(1)   Post Evacuate Collection Set: 0.2ms
[2025-04-05T12:55:51.385+0530][gc,phases   ] GC(1)   Other: 0.0ms
[2025-04-05T12:55:51.385+0530][gc,heap     ] GC(1) Eden regions: 16->0(49)
[2025-04-05T12:55:51.385+0530][gc,heap     ] GC(1) Survivor regions: 7->2(7)
[2025-04-05T12:55:51.385+0530][gc,heap     ] GC(1) Old regions: 4->10
[2025-04-05T12:55:51.385+0530][gc,heap     ] GC(1) Humongous regions: 0->0
[2025-04-05T12:55:51.385+0530][gc,metaspace] GC(1) Metaspace: 21310K(21504K)->21310K(21504K) NonClass: 18800K(18880K)->18800K(18880K) Class: 2510K(2624K)->2510K(2624K)
[2025-04-05T12:55:51.385+0530][gc          ] GC(1) Pause Young (Concurrent Start) (Metadata GC Threshold) 24M->10M(1024M) 2.557ms
[2025-04-05T12:55:51.385+0530][gc,cpu      ] GC(1) User=0.01s Sys=0.00s Real=0.00s
[2025-04-05T12:55:51.385+0530][gc          ] GC(2) Concurrent Mark Cycle
[2025-04-05T12:55:51.385+0530][gc,marking  ] GC(2) Concurrent Scan Root Regions
[2025-04-05T12:55:51.386+0530][gc,marking  ] GC(2) Concurrent Scan Root Regions 1.373ms
[2025-04-05T12:55:51.386+0530][gc,marking  ] GC(2) Concurrent Mark
[2025-04-05T12:55:51.386+0530][gc,marking  ] GC(2) Concurrent Mark From Roots
[2025-04-05T12:55:51.386+0530][gc,task     ] GC(2) Using 2 workers of 2 for marking
[2025-04-05T12:55:51.387+0530][gc,marking  ] GC(2) Concurrent Mark From Roots 1.023ms
[2025-04-05T12:55:51.387+0530][gc,marking  ] GC(2) Concurrent Preclean
[2025-04-05T12:55:51.387+0530][gc,marking  ] GC(2) Concurrent Preclean 0.007ms
[2025-04-05T12:55:51.388+0530][gc,start    ] GC(2) Pause Remark
[2025-04-05T12:55:51.389+0530][gc          ] GC(2) Pause Remark 11M->11M(1024M) 1.071ms
[2025-04-05T12:55:51.389+0530][gc,cpu      ] GC(2) User=0.00s Sys=0.00s Real=0.00s
[2025-04-05T12:55:51.389+0530][gc,marking  ] GC(2) Concurrent Mark 2.239ms
[2025-04-05T12:55:51.389+0530][gc,marking  ] GC(2) Concurrent Rebuild Remembered Sets and Scrub Regions
[2025-04-05T12:55:51.390+0530][gc,marking  ] GC(2) Concurrent Rebuild Remembered Sets and Scrub Regions 1.152ms
[2025-04-05T12:55:51.390+0530][gc,start    ] GC(2) Pause Cleanup
[2025-04-05T12:55:51.390+0530][gc          ] GC(2) Pause Cleanup 11M->11M(1024M) 0.131ms
[2025-04-05T12:55:51.390+0530][gc,cpu      ] GC(2) User=0.00s Sys=0.00s Real=0.00s
[2025-04-05T12:55:51.390+0530][gc,marking  ] GC(2) Concurrent Clear Claimed Marks
[2025-04-05T12:55:51.390+0530][gc,marking  ] GC(2) Concurrent Clear Claimed Marks 0.013ms
[2025-04-05T12:55:51.390+0530][gc,marking  ] GC(2) Concurrent Cleanup for Next Mark
[2025-04-05T12:55:51.392+0530][gc,marking  ] GC(2) Concurrent Cleanup for Next Mark 1.585ms
[2025-04-05T12:55:51.392+0530][gc          ] GC(2) Concurrent Mark Cycle 6.736ms
[2025-04-05T12:55:51.678+0530][gc,start    ] GC(3) Pause Young (Prepare Mixed) (G1 Evacuation Pause)
[2025-04-05T12:55:51.678+0530][gc,task     ] GC(3) Using 8 workers of 8 for evacuation
[2025-04-05T12:55:51.680+0530][gc,phases   ] GC(3)   Pre Evacuate Collection Set: 0.2ms
[2025-04-05T12:55:51.680+0530][gc,phases   ] GC(3)   Merge Heap Roots: 0.0ms
[2025-04-05T12:55:51.680+0530][gc,phases   ] GC(3)   Evacuate Collection Set: 2.0ms
[2025-04-05T12:55:51.680+0530][gc,phases   ] GC(3)   Post Evacuate Collection Set: 0.2ms
[2025-04-05T12:55:51.680+0530][gc,phases   ] GC(3)   Other: 0.0ms
[2025-04-05T12:55:51.680+0530][gc,heap     ] GC(3) Eden regions: 49->0(44)
[2025-04-05T12:55:51.680+0530][gc,heap     ] GC(3) Survivor regions: 2->7(7)
[2025-04-05T12:55:51.680+0530][gc,heap     ] GC(3) Old regions: 10->10
[2025-04-05T12:55:51.680+0530][gc,heap     ] GC(3) Humongous regions: 129->129
[2025-04-05T12:55:51.680+0530][gc,metaspace] GC(3) Metaspace: 33127K(33472K)->33127K(33472K) NonClass: 29481K(29696K)->29481K(29696K) Class: 3646K(3776K)->3646K(3776K)
[2025-04-05T12:55:51.680+0530][gc          ] GC(3) Pause Young (Prepare Mixed) (G1 Evacuation Pause) 188M->144M(1024M) 2.592ms
[2025-04-05T12:55:51.680+0530][gc,cpu      ] GC(3) User=0.01s Sys=0.00s Real=0.01s
[2025-04-05T12:56:05.680+0530][gc,start    ] GC(4) Pause Young (Mixed) (Metadata GC Threshold)
[2025-04-05T12:56:05.680+0530][gc,task     ] GC(4) Using 8 workers of 8 for evacuation
[2025-04-05T12:56:05.684+0530][gc,phases   ] GC(4)   Pre Evacuate Collection Set: 0.2ms
[2025-04-05T12:56:05.684+0530][gc,phases   ] GC(4)   Merge Heap Roots: 0.1ms
[2025-04-05T12:56:05.684+0530][gc,phases   ] GC(4)   Evacuate Collection Set: 2.5ms
[2025-04-05T12:56:05.684+0530][gc,phases   ] GC(4)   Post Evacuate Collection Set: 0.3ms
[2025-04-05T12:56:05.684+0530][gc,phases   ] GC(4)   Other: 0.0ms
[2025-04-05T12:56:05.684+0530][gc,heap     ] GC(4) Eden regions: 13->0(49)
[2025-04-05T12:56:05.684+0530][gc,heap     ] GC(4) Survivor regions: 7->2(7)
[2025-04-05T12:56:05.684+0530][gc,heap     ] GC(4) Old regions: 10->16
[2025-04-05T12:56:05.684+0530][gc,heap     ] GC(4) Humongous regions: 129->129
[2025-04-05T12:56:05.684+0530][gc,metaspace] GC(4) Metaspace: 35846K(36096K)->35846K(36096K) NonClass: 31904K(32064K)->31904K(32064K) Class: 3941K(4032K)->3941K(4032K)
[2025-04-05T12:56:05.684+0530][gc          ] GC(4) Pause Young (Mixed) (Metadata GC Threshold) 157M->145M(1024M) 3.310ms
[2025-04-05T12:56:05.684+0530][gc,cpu      ] GC(4) User=0.01s Sys=0.00s Real=0.00s
[2025-04-05T12:56:05.694+0530][gc,start    ] GC(5) Pause Young (Concurrent Start) (Metadata GC Threshold)
[2025-04-05T12:56:05.694+0530][gc,task     ] GC(5) Using 8 workers of 8 for evacuation
[2025-04-05T12:56:05.695+0530][gc,phases   ] GC(5)   Pre Evacuate Collection Set: 0.1ms
[2025-04-05T12:56:05.695+0530][gc,phases   ] GC(5)   Merge Heap Roots: 0.1ms
[2025-04-05T12:56:05.695+0530][gc,phases   ] GC(5)   Evacuate Collection Set: 0.7ms
[2025-04-05T12:56:05.695+0530][gc,phases   ] GC(5)   Post Evacuate Collection Set: 0.3ms
[2025-04-05T12:56:05.695+0530][gc,phases   ] GC(5)   Other: 0.1ms
[2025-04-05T12:56:05.695+0530][gc,heap     ] GC(5) Eden regions: 2->0(50)
[2025-04-05T12:56:05.695+0530][gc,heap     ] GC(5) Survivor regions: 2->1(7)
[2025-04-05T12:56:05.695+0530][gc,heap     ] GC(5) Old regions: 16->16
[2025-04-05T12:56:05.695+0530][gc,heap     ] GC(5) Humongous regions: 129->129
[2025-04-05T12:56:05.695+0530][gc,metaspace] GC(5) Metaspace: 36143K(36416K)->36143K(36416K) NonClass: 32155K(32320K)->32155K(32320K) Class: 3987K(4096K)->3987K(4096K)
[2025-04-05T12:56:05.695+0530][gc          ] GC(5) Pause Young (Concurrent Start) (Metadata GC Threshold) 147M->145M(1024M) 1.402ms
[2025-04-05T12:56:05.695+0530][gc,cpu      ] GC(5) User=0.00s Sys=0.00s Real=0.00s
[2025-04-05T12:56:05.695+0530][gc          ] GC(6) Concurrent Mark Cycle
[2025-04-05T12:56:05.695+0530][gc,marking  ] GC(6) Concurrent Scan Root Regions
[2025-04-05T12:56:05.696+0530][gc,marking  ] GC(6) Concurrent Scan Root Regions 0.668ms
[2025-04-05T12:56:05.696+0530][gc,marking  ] GC(6) Concurrent Mark
[2025-04-05T12:56:05.696+0530][gc,marking  ] GC(6) Concurrent Mark From Roots
[2025-04-05T12:56:05.696+0530][gc,task     ] GC(6) Using 2 workers of 2 for marking
[2025-04-05T12:56:05.709+0530][gc,marking  ] GC(6) Concurrent Mark From Roots 13.164ms
[2025-04-05T12:56:05.709+0530][gc,marking  ] GC(6) Concurrent Preclean
[2025-04-05T12:56:05.709+0530][gc,marking  ] GC(6) Concurrent Preclean 0.054ms
[2025-04-05T12:56:05.709+0530][gc,start    ] GC(6) Pause Remark
[2025-04-05T12:56:05.711+0530][gc          ] GC(6) Pause Remark 146M->146M(1024M) 1.473ms
[2025-04-05T12:56:05.711+0530][gc,cpu      ] GC(6) User=0.01s Sys=0.00s Real=0.01s
[2025-04-05T12:56:05.711+0530][gc,marking  ] GC(6) Concurrent Mark 14.977ms
[2025-04-05T12:56:05.711+0530][gc,marking  ] GC(6) Concurrent Rebuild Remembered Sets and Scrub Regions
[2025-04-05T12:56:05.714+0530][gc,marking  ] GC(6) Concurrent Rebuild Remembered Sets and Scrub Regions 3.600ms
[2025-04-05T12:56:05.715+0530][gc,start    ] GC(6) Pause Cleanup
[2025-04-05T12:56:05.715+0530][gc          ] GC(6) Pause Cleanup 146M->146M(1024M) 0.131ms
[2025-04-05T12:56:05.715+0530][gc,cpu      ] GC(6) User=0.00s Sys=0.00s Real=0.00s
[2025-04-05T12:56:05.715+0530][gc,marking  ] GC(6) Concurrent Clear Claimed Marks
[2025-04-05T12:56:05.715+0530][gc,marking  ] GC(6) Concurrent Clear Claimed Marks 0.019ms
[2025-04-05T12:56:05.715+0530][gc,marking  ] GC(6) Concurrent Cleanup for Next Mark
[2025-04-05T12:56:05.716+0530][gc,marking  ] GC(6) Concurrent Cleanup for Next Mark 1.469ms
[2025-04-05T12:56:05.716+0530][gc          ] GC(6) Concurrent Mark Cycle 21.381ms
[2025-04-05T13:03:25.775+0530][gc,start    ] GC(7) Pause Young (Normal) (G1 Evacuation Pause)
[2025-04-05T13:03:25.776+0530][gc,task     ] GC(7) Using 8 workers of 8 for evacuation
[2025-04-05T13:03:25.781+0530][gc,phases   ] GC(7)   Pre Evacuate Collection Set: 0.4ms
[2025-04-05T13:03:25.781+0530][gc,phases   ] GC(7)   Merge Heap Roots: 0.1ms
[2025-04-05T13:03:25.781+0530][gc,phases   ] GC(7)   Evacuate Collection Set: 4.4ms
[2025-04-05T13:03:25.781+0530][gc,phases   ] GC(7)   Post Evacuate Collection Set: 0.4ms
[2025-04-05T13:03:25.781+0530][gc,phases   ] GC(7)   Other: 0.1ms
[2025-04-05T13:03:25.781+0530][gc,heap     ] GC(7) Eden regions: 50->0(46)
[2025-04-05T13:03:25.781+0530][gc,heap     ] GC(7) Survivor regions: 1->5(7)
[2025-04-05T13:03:25.781+0530][gc,heap     ] GC(7) Old regions: 16->16
[2025-04-05T13:03:25.781+0530][gc,heap     ] GC(7) Humongous regions: 129->129
[2025-04-05T13:03:25.781+0530][gc,metaspace] GC(7) Metaspace: 40163K(40704K)->40163K(40704K) NonClass: 35634K(35968K)->35634K(35968K) Class: 4529K(4736K)->4529K(4736K)
[2025-04-05T13:03:25.781+0530][gc          ] GC(7) Pause Young (Normal) (G1 Evacuation Pause) 195M->148M(1024M) 6.677ms
[2025-04-05T13:03:25.781+0530][gc,cpu      ] GC(7) User=0.03s Sys=0.00s Real=0.01s
[2025-04-05T13:54:50.495+0530][gc,start    ] GC(8) Pause Young (Normal) (G1 Evacuation Pause)
[2025-04-05T13:54:50.495+0530][gc,task     ] GC(8) Using 8 workers of 8 for evacuation
[2025-04-05T13:54:50.500+0530][gc,phases   ] GC(8)   Pre Evacuate Collection Set: 0.2ms
[2025-04-05T13:54:50.501+0530][gc,phases   ] GC(8)   Merge Heap Roots: 0.1ms
[2025-04-05T13:54:50.501+0530][gc,phases   ] GC(8)   Evacuate Collection Set: 4.5ms
[2025-04-05T13:54:50.501+0530][gc,phases   ] GC(8)   Post Evacuate Collection Set: 0.4ms
[2025-04-05T13:54:50.501+0530][gc,phases   ] GC(8)   Other: 0.1ms
[2025-04-05T13:54:50.501+0530][gc,heap     ] GC(8) Eden regions: 46->0(47)
[2025-04-05T13:54:50.501+0530][gc,heap     ] GC(8) Survivor regions: 5->4(7)
[2025-04-05T13:54:50.501+0530][gc,heap     ] GC(8) Old regions: 16->16
[2025-04-05T13:54:50.501+0530][gc,heap     ] GC(8) Humongous regions: 129->129
[2025-04-05T13:54:50.501+0530][gc,metaspace] GC(8) Metaspace: 40424K(40896K)->40424K(40896K) NonClass: 35894K(36160K)->35894K(36160K) Class: 4530K(4736K)->4530K(4736K)
[2025-04-05T13:54:50.501+0530][gc          ] GC(8) Pause Young (Normal) (G1 Evacuation Pause) 194M->148M(1024M) 5.797ms
[2025-04-05T13:54:50.501+0530][gc,cpu      ] GC(8) User=0.02s Sys=0.01s Real=0.01s
[2025-04-05T14:02:42.656+0530][gc,start    ] GC(9) Pause Young (Normal) (G1 Evacuation Pause)
[2025-04-05T14:02:42.656+0530][gc,task     ] GC(9) Using 8 workers of 8 for evacuation
[2025-04-05T14:02:42.659+0530][gc,phases   ] GC(9)   Pre Evacuate Collection Set: 0.2ms
[2025-04-05T14:02:42.659+0530][gc,phases   ] GC(9)   Merge Heap Roots: 0.0ms
[2025-04-05T14:02:42.659+0530][gc,phases   ] GC(9)   Evacuate Collection Set: 2.1ms
[2025-04-05T14:02:42.659+0530][gc,phases   ] GC(9)   Post Evacuate Collection Set: 0.3ms
[2025-04-05T14:02:42.659+0530][gc,phases   ] GC(9)   Other: 0.0ms
[2025-04-05T14:02:42.659+0530][gc,heap     ] GC(9) Eden regions: 47->0(47)
[2025-04-05T14:02:42.659+0530][gc,heap     ] GC(9) Survivor regions: 4->4(7)
[2025-04-05T14:02:42.659+0530][gc,heap     ] GC(9) Old regions: 16->16
[2025-04-05T14:02:42.659+0530][gc,heap     ] GC(9) Humongous regions: 129->129
[2025-04-05T14:02:42.659+0530][gc,metaspace] GC(9) Metaspace: 40565K(41024K)->40565K(41024K) NonClass: 36026K(36288K)->36026K(36288K) Class: 4539K(4736K)->4539K(4736K)
[2025-04-05T14:02:42.659+0530][gc          ] GC(9) Pause Young (Normal) (G1 Evacuation Pause) 195M->148M(1024M) 2.809ms
[2025-04-05T14:02:42.659+0530][gc,cpu      ] GC(9) User=0.02s Sys=0.00s Real=0.00s
[2025-04-05T14:11:03.560+0530][gc,start    ] GC(10) Pause Young (Normal) (G1 Evacuation Pause)
[2025-04-05T14:11:03.560+0530][gc,task     ] GC(10) Using 8 workers of 8 for evacuation
[2025-04-05T14:11:03.569+0530][gc,phases   ] GC(10)   Pre Evacuate Collection Set: 0.3ms
[2025-04-05T14:11:03.569+0530][gc,phases   ] GC(10)   Merge Heap Roots: 0.2ms
[2025-04-05T14:11:03.569+0530][gc,phases   ] GC(10)   Evacuate Collection Set: 7.8ms
[2025-04-05T14:11:03.569+0530][gc,phases   ] GC(10)   Post Evacuate Collection Set: 0.6ms
[2025-04-05T14:11:03.569+0530][gc,phases   ] GC(10)   Other: 0.1ms
[2025-04-05T14:11:03.569+0530][gc,heap     ] GC(10) Eden regions: 47->0(77)
[2025-04-05T14:11:03.569+0530][gc,heap     ] GC(10) Survivor regions: 4->3(7)
[2025-04-05T14:11:03.569+0530][gc,heap     ] GC(10) Old regions: 16->16
[2025-04-05T14:11:03.569+0530][gc,heap     ] GC(10) Humongous regions: 129->129
[2025-04-05T14:11:03.569+0530][gc,metaspace] GC(10) Metaspace: 40593K(41088K)->40593K(41088K) NonClass: 36052K(36352K)->36052K(36352K) Class: 4540K(4736K)->4540K(4736K)
[2025-04-05T14:11:03.570+0530][gc          ] GC(10) Pause Young (Normal) (G1 Evacuation Pause) 195M->147M(1024M) 9.416ms
[2025-04-05T14:11:03.570+0530][gc,cpu      ] GC(10) User=0.03s Sys=0.01s Real=0.01s
[2025-04-05T14:23:32.942+0530][gc,start    ] GC(11) Pause Young (Normal) (G1 Evacuation Pause)
[2025-04-05T14:23:32.942+0530][gc,task     ] GC(11) Using 8 workers of 8 for evacuation
[2025-04-05T14:23:32.949+0530][gc,phases   ] GC(11)   Pre Evacuate Collection Set: 0.4ms
[2025-04-05T14:23:32.949+0530][gc,phases   ] GC(11)   Merge Heap Roots: 0.1ms
[2025-04-05T14:23:32.949+0530][gc,phases   ] GC(11)   Evacuate Collection Set: 5.6ms
[2025-04-05T14:23:32.949+0530][gc,phases   ] GC(11)   Post Evacuate Collection Set: 0.7ms
[2025-04-05T14:23:32.949+0530][gc,phases   ] GC(11)   Other: 0.2ms
[2025-04-05T14:23:32.949+0530][gc,heap     ] GC(11) Eden regions: 74->0(450)
[2025-04-05T14:23:32.949+0530][gc,heap     ] GC(11) Survivor regions: 3->4(10)
[2025-04-05T14:23:32.950+0530][gc,heap     ] GC(11) Old regions: 16->16
[2025-04-05T14:23:32.950+0530][gc,heap     ] GC(11) Humongous regions: 129->129
[2025-04-05T14:23:32.950+0530][gc,metaspace] GC(11) Metaspace: 41326K(41920K)->41326K(41920K) NonClass: 36652K(36992K)->36652K(36992K) Class: 4674K(4928K)->4674K(4928K)
[2025-04-05T14:23:32.950+0530][gc          ] GC(11) Pause Young (Normal) (G1 Evacuation Pause) 221M->148M(1024M) 7.900ms
[2025-04-05T14:23:32.950+0530][gc,cpu      ] GC(11) User=0.02s Sys=0.01s Real=0.01s
[2025-04-05T16:08:55.543+0530][gc,start    ] GC(12) Pause Young (Normal) (G1 Evacuation Pause)
[2025-04-05T16:08:55.544+0530][gc,task     ] GC(12) Using 8 workers of 8 for evacuation
[2025-04-05T16:08:55.554+0530][gc,phases   ] GC(12)   Pre Evacuate Collection Set: 1.2ms
[2025-04-05T16:08:55.554+0530][gc,phases   ] GC(12)   Merge Heap Roots: 0.3ms
[2025-04-05T16:08:55.554+0530][gc,phases   ] GC(12)   Evacuate Collection Set: 7.8ms
[2025-04-05T16:08:55.554+0530][gc,phases   ] GC(12)   Post Evacuate Collection Set: 1.0ms
[2025-04-05T16:08:55.554+0530][gc,phases   ] GC(12)   Other: 0.3ms
[2025-04-05T16:08:55.554+0530][gc,heap     ] GC(12) Eden regions: 419->0(610)
[2025-04-05T16:08:55.554+0530][gc,heap     ] GC(12) Survivor regions: 4->4(53)
[2025-04-05T16:08:55.554+0530][gc,heap     ] GC(12) Old regions: 16->16
[2025-04-05T16:08:55.554+0530][gc,heap     ] GC(12) Humongous regions: 129->129
[2025-04-05T16:08:55.554+0530][gc,metaspace] GC(12) Metaspace: 41496K(42048K)->41496K(42048K) NonClass: 36817K(37120K)->36817K(37120K) Class: 4679K(4928K)->4679K(4928K)
[2025-04-05T16:08:55.554+0530][gc          ] GC(12) Pause Young (Normal) (G1 Evacuation Pause) 567M->148M(1024M) 11.101ms
[2025-04-05T16:08:55.554+0530][gc,cpu      ] GC(12) User=0.03s Sys=0.01s Real=0.01s
[2025-04-05T21:43:25.286+0530][gc,start    ] GC(13) Pause Young (Normal) (G1 Evacuation Pause)
[2025-04-05T21:43:25.288+0530][gc,task     ] GC(13) Using 8 workers of 8 for evacuation
[2025-04-05T21:43:25.302+0530][gc,phases   ] GC(13)   Pre Evacuate Collection Set: 1.4ms
[2025-04-05T21:43:25.302+0530][gc,phases   ] GC(13)   Merge Heap Roots: 0.4ms
[2025-04-05T21:43:25.302+0530][gc,phases   ] GC(13)   Evacuate Collection Set: 10.5ms
[2025-04-05T21:43:25.302+0530][gc,phases   ] GC(13)   Post Evacuate Collection Set: 1.2ms
[2025-04-05T21:43:25.302+0530][gc,phases   ] GC(13)   Other: 0.4ms
[2025-04-05T21:43:25.302+0530][gc,heap     ] GC(13) Eden regions: 610->0(610)
[2025-04-05T21:43:25.302+0530][gc,heap     ] GC(13) Survivor regions: 4->4(77)
[2025-04-05T21:43:25.302+0530][gc,heap     ] GC(13) Old regions: 16->16
[2025-04-05T21:43:25.302+0530][gc,heap     ] GC(13) Humongous regions: 129->129
[2025-04-05T21:43:25.302+0530][gc,metaspace] GC(13) Metaspace: 41538K(42112K)->41538K(42112K) NonClass: 36859K(37184K)->36859K(37184K) Class: 4679K(4928K)->4679K(4928K)
[2025-04-05T21:43:25.302+0530][gc          ] GC(13) Pause Young (Normal) (G1 Evacuation Pause) 758M->148M(1024M) 15.450ms
[2025-04-05T21:43:25.302+0530][gc,cpu      ] GC(13) User=0.03s Sys=0.02s Real=0.02s
[2025-04-06T09:20:58.458+0530][gc,start    ] GC(14) Pause Young (Normal) (G1 Evacuation Pause)
[2025-04-06T09:20:58.458+0530][gc,task     ] GC(14) Using 8 workers of 8 for evacuation
[2025-04-06T09:20:58.465+0530][gc,phases   ] GC(14)   Pre Evacuate Collection Set: 0.9ms
[2025-04-06T09:20:58.465+0530][gc,phases   ] GC(14)   Merge Heap Roots: 0.3ms
[2025-04-06T09:20:58.465+0530][gc,phases   ] GC(14)   Evacuate Collection Set: 5.4ms
[2025-04-06T09:20:58.465+0530][gc,phases   ] GC(14)   Post Evacuate Collection Set: 0.6ms
[2025-04-06T09:20:58.465+0530][gc,phases   ] GC(14)   Other: 0.2ms
[2025-04-06T09:20:58.465+0530][gc,heap     ] GC(14) Eden regions: 610->0(609)
[2025-04-06T09:20:58.465+0530][gc,heap     ] GC(14) Survivor regions: 4->5(77)
[2025-04-06T09:20:58.465+0530][gc,heap     ] GC(14) Old regions: 16->16
[2025-04-06T09:20:58.465+0530][gc,heap     ] GC(14) Humongous regions: 129->129
[2025-04-06T09:20:58.465+0530][gc,metaspace] GC(14) Metaspace: 41555K(42112K)->41555K(42112K) NonClass: 36876K(37184K)->36876K(37184K) Class: 4679K(4928K)->4679K(4928K)
[2025-04-06T09:20:58.465+0530][gc          ] GC(14) Pause Young (Normal) (G1 Evacuation Pause) 758M->149M(1024M) 7.702ms
[2025-04-06T09:20:58.465+0530][gc,cpu      ] GC(14) User=0.02s Sys=0.01s Real=0.01s
[2025-04-06T09:39:44.691+0530][gc,heap,exit] Heap
[2025-04-06T09:39:44.691+0530][gc,heap,exit]  garbage-first heap   total 1048576K, used 275391K [0x00000007c0000000, 0x0000000800000000)
[2025-04-06T09:39:44.691+0530][gc,heap,exit]   region size 1024K, 125 young (128000K), 5 survivors (5120K)
[2025-04-06T09:39:44.691+0530][gc,heap,exit]  Metaspace       used 42534K, committed 43072K, reserved 1114112K
[2025-04-06T09:39:44.691+0530][gc,heap,exit]   class space    used 4860K, committed 5056K, reserved 1048576K
