[2025-04-05T12:55:39.507+0530][gc,init] CardTable entry size: 512
[2025-04-05T12:55:39.507+0530][gc     ] Using G1
[2025-04-05T12:55:39.508+0530][gc,init] Version: 21.0.3+9-LTS (release)
[2025-04-05T12:55:39.508+0530][gc,init] CPUs: 8 total, 8 available
[2025-04-05T12:55:39.508+0530][gc,init] Memory: 32768M
[2025-04-05T12:55:39.508+0530][gc,init] Large Page Support: Disabled
[2025-04-05T12:55:39.508+0530][gc,init] NUMA Support: Disabled
[2025-04-05T12:55:39.508+0530][gc,init] Compressed Oops: Enabled (Zero based)
[2025-04-05T12:55:39.508+0530][gc,init] Heap Region Size: 1M
[2025-04-05T12:55:39.508+0530][gc,init] Heap Min Capacity: 1G
[2025-04-05T12:55:39.508+0530][gc,init] Heap Initial Capacity: 1G
[2025-04-05T12:55:39.508+0530][gc,init] Heap Max Capacity: 1G
[2025-04-05T12:55:39.508+0530][gc,init] Pre-touch: Disabled
[2025-04-05T12:55:39.508+0530][gc,init] Parallel Workers: 8
[2025-04-05T12:55:39.508+0530][gc,init] Concurrent Workers: 2
[2025-04-05T12:55:39.508+0530][gc,init] Concurrent Refinement Workers: 8
[2025-04-05T12:55:39.508+0530][gc,init] Periodic GC: Disabled
[2025-04-05T12:55:39.512+0530][gc,metaspace] CDS archive(s) mapped at: [0x000000b000000000-0x000000b000ca4000-0x000000b000ca4000), size 13254656, SharedBaseAddress: 0x000000b000000000, ArchiveRelocationMode: 1.
[2025-04-05T12:55:39.512+0530][gc,metaspace] Compressed class space mapped at: 0x000000b001000000-0x000000b041000000, reserved size: 1073741824
[2025-04-05T12:55:39.512+0530][gc,metaspace] Narrow klass base: 0x000000b000000000, Narrow klass shift: 0, Narrow klass range: 0x100000000
[2025-04-05T12:55:40.128+0530][gc,start    ] GC(0) Pause Young (Normal) (G1 Evacuation Pause)
[2025-04-05T12:55:40.128+0530][gc,task     ] GC(0) Using 8 workers of 8 for evacuation
[2025-04-05T12:55:40.131+0530][gc,phases   ] GC(0)   Pre Evacuate Collection Set: 0.2ms
[2025-04-05T12:55:40.131+0530][gc,phases   ] GC(0)   Merge Heap Roots: 0.1ms
[2025-04-05T12:55:40.131+0530][gc,phases   ] GC(0)   Evacuate Collection Set: 2.3ms
[2025-04-05T12:55:40.131+0530][gc,phases   ] GC(0)   Post Evacuate Collection Set: 0.4ms
[2025-04-05T12:55:40.131+0530][gc,phases   ] GC(0)   Other: 0.3ms
[2025-04-05T12:55:40.131+0530][gc,heap     ] GC(0) Eden regions: 51->0(44)
[2025-04-05T12:55:40.131+0530][gc,heap     ] GC(0) Survivor regions: 0->7(7)
[2025-04-05T12:55:40.131+0530][gc,heap     ] GC(0) Old regions: 2->4
[2025-04-05T12:55:40.131+0530][gc,heap     ] GC(0) Humongous regions: 0->0
[2025-04-05T12:55:40.131+0530][gc,metaspace] GC(0) Metaspace: 17265K(17472K)->17265K(17472K) NonClass: 15236K(15360K)->15236K(15360K) Class: 2028K(2112K)->2028K(2112K)
[2025-04-05T12:55:40.131+0530][gc          ] GC(0) Pause Young (Normal) (G1 Evacuation Pause) 52M->9M(1024M) 3.315ms
[2025-04-05T12:55:40.131+0530][gc,cpu      ] GC(0) User=0.01s Sys=0.00s Real=0.01s
[2025-04-05T12:55:40.292+0530][gc,start    ] GC(1) Pause Young (Concurrent Start) (Metadata GC Threshold)
[2025-04-05T12:55:40.292+0530][gc,task     ] GC(1) Using 8 workers of 8 for evacuation
[2025-04-05T12:55:40.297+0530][gc,phases   ] GC(1)   Pre Evacuate Collection Set: 0.3ms
[2025-04-05T12:55:40.297+0530][gc,phases   ] GC(1)   Merge Heap Roots: 0.1ms
[2025-04-05T12:55:40.297+0530][gc,phases   ] GC(1)   Evacuate Collection Set: 4.1ms
[2025-04-05T12:55:40.297+0530][gc,phases   ] GC(1)   Post Evacuate Collection Set: 0.2ms
[2025-04-05T12:55:40.297+0530][gc,phases   ] GC(1)   Other: 0.1ms
[2025-04-05T12:55:40.297+0530][gc,heap     ] GC(1) Eden regions: 16->0(49)
[2025-04-05T12:55:40.297+0530][gc,heap     ] GC(1) Survivor regions: 7->2(7)
[2025-04-05T12:55:40.297+0530][gc,heap     ] GC(1) Old regions: 4->10
[2025-04-05T12:55:40.297+0530][gc,heap     ] GC(1) Humongous regions: 0->0
[2025-04-05T12:55:40.297+0530][gc,metaspace] GC(1) Metaspace: 21293K(21504K)->21293K(21504K) NonClass: 18784K(18880K)->18784K(18880K) Class: 2509K(2624K)->2509K(2624K)
[2025-04-05T12:55:40.297+0530][gc          ] GC(1) Pause Young (Concurrent Start) (Metadata GC Threshold) 24M->10M(1024M) 5.061ms
[2025-04-05T12:55:40.297+0530][gc,cpu      ] GC(1) User=0.01s Sys=0.01s Real=0.00s
[2025-04-05T12:55:40.297+0530][gc          ] GC(2) Concurrent Mark Cycle
[2025-04-05T12:55:40.297+0530][gc,marking  ] GC(2) Concurrent Scan Root Regions
[2025-04-05T12:55:40.299+0530][gc,marking  ] GC(2) Concurrent Scan Root Regions 1.534ms
[2025-04-05T12:55:40.299+0530][gc,marking  ] GC(2) Concurrent Mark
[2025-04-05T12:55:40.299+0530][gc,marking  ] GC(2) Concurrent Mark From Roots
[2025-04-05T12:55:40.299+0530][gc,task     ] GC(2) Using 2 workers of 2 for marking
[2025-04-05T12:55:40.300+0530][gc,marking  ] GC(2) Concurrent Mark From Roots 0.907ms
[2025-04-05T12:55:40.300+0530][gc,marking  ] GC(2) Concurrent Preclean
[2025-04-05T12:55:40.300+0530][gc,marking  ] GC(2) Concurrent Preclean 0.006ms
[2025-04-05T12:55:40.300+0530][gc,start    ] GC(2) Pause Remark
[2025-04-05T12:55:40.302+0530][gc          ] GC(2) Pause Remark 11M->11M(1024M) 1.590ms
[2025-04-05T12:55:40.302+0530][gc,cpu      ] GC(2) User=0.00s Sys=0.00s Real=0.00s
[2025-04-05T12:55:40.302+0530][gc,marking  ] GC(2) Concurrent Mark 3.002ms
[2025-04-05T12:55:40.302+0530][gc,marking  ] GC(2) Concurrent Rebuild Remembered Sets and Scrub Regions
[2025-04-05T12:55:40.303+0530][gc,marking  ] GC(2) Concurrent Rebuild Remembered Sets and Scrub Regions 1.137ms
[2025-04-05T12:55:40.303+0530][gc,start    ] GC(2) Pause Cleanup
[2025-04-05T12:55:40.303+0530][gc          ] GC(2) Pause Cleanup 11M->11M(1024M) 0.091ms
[2025-04-05T12:55:40.303+0530][gc,cpu      ] GC(2) User=0.00s Sys=0.00s Real=0.00s
[2025-04-05T12:55:40.303+0530][gc,marking  ] GC(2) Concurrent Clear Claimed Marks
[2025-04-05T12:55:40.303+0530][gc,marking  ] GC(2) Concurrent Clear Claimed Marks 0.019ms
[2025-04-05T12:55:40.303+0530][gc,marking  ] GC(2) Concurrent Cleanup for Next Mark
[2025-04-05T12:55:40.311+0530][gc,marking  ] GC(2) Concurrent Cleanup for Next Mark 7.726ms
[2025-04-05T12:55:40.311+0530][gc          ] GC(2) Concurrent Mark Cycle 13.786ms
[2025-04-05T12:55:40.697+0530][gc,start    ] GC(3) Pause Young (Prepare Mixed) (G1 Evacuation Pause)
[2025-04-05T12:55:40.697+0530][gc,task     ] GC(3) Using 8 workers of 8 for evacuation
[2025-04-05T12:55:40.700+0530][gc,phases   ] GC(3)   Pre Evacuate Collection Set: 0.1ms
[2025-04-05T12:55:40.700+0530][gc,phases   ] GC(3)   Merge Heap Roots: 0.0ms
[2025-04-05T12:55:40.700+0530][gc,phases   ] GC(3)   Evacuate Collection Set: 1.9ms
[2025-04-05T12:55:40.700+0530][gc,phases   ] GC(3)   Post Evacuate Collection Set: 0.2ms
[2025-04-05T12:55:40.700+0530][gc,phases   ] GC(3)   Other: 0.0ms
[2025-04-05T12:55:40.700+0530][gc,heap     ] GC(3) Eden regions: 49->0(44)
[2025-04-05T12:55:40.700+0530][gc,heap     ] GC(3) Survivor regions: 2->7(7)
[2025-04-05T12:55:40.700+0530][gc,heap     ] GC(3) Old regions: 10->10
[2025-04-05T12:55:40.700+0530][gc,heap     ] GC(3) Humongous regions: 129->129
[2025-04-05T12:55:40.700+0530][gc,metaspace] GC(3) Metaspace: 33108K(33344K)->33108K(33344K) NonClass: 29461K(29568K)->29461K(29568K) Class: 3646K(3776K)->3646K(3776K)
[2025-04-05T12:55:40.700+0530][gc          ] GC(3) Pause Young (Prepare Mixed) (G1 Evacuation Pause) 188M->144M(1024M) 2.447ms
[2025-04-05T12:55:40.700+0530][gc,cpu      ] GC(3) User=0.01s Sys=0.00s Real=0.01s
[2025-04-05T12:56:05.678+0530][gc,start    ] GC(4) Pause Young (Mixed) (Metadata GC Threshold)
[2025-04-05T12:56:05.678+0530][gc,task     ] GC(4) Using 8 workers of 8 for evacuation
[2025-04-05T12:56:05.682+0530][gc,phases   ] GC(4)   Pre Evacuate Collection Set: 0.2ms
[2025-04-05T12:56:05.682+0530][gc,phases   ] GC(4)   Merge Heap Roots: 0.1ms
[2025-04-05T12:56:05.682+0530][gc,phases   ] GC(4)   Evacuate Collection Set: 2.3ms
[2025-04-05T12:56:05.682+0530][gc,phases   ] GC(4)   Post Evacuate Collection Set: 1.1ms
[2025-04-05T12:56:05.682+0530][gc,phases   ] GC(4)   Other: 0.0ms
[2025-04-05T12:56:05.682+0530][gc,heap     ] GC(4) Eden regions: 13->0(49)
[2025-04-05T12:56:05.682+0530][gc,heap     ] GC(4) Survivor regions: 7->2(7)
[2025-04-05T12:56:05.682+0530][gc,heap     ] GC(4) Old regions: 10->16
[2025-04-05T12:56:05.682+0530][gc,heap     ] GC(4) Humongous regions: 129->129
[2025-04-05T12:56:05.682+0530][gc,metaspace] GC(4) Metaspace: 35863K(36096K)->35863K(36096K) NonClass: 31918K(32064K)->31918K(32064K) Class: 3945K(4032K)->3945K(4032K)
[2025-04-05T12:56:05.682+0530][gc          ] GC(4) Pause Young (Mixed) (Metadata GC Threshold) 157M->145M(1024M) 4.541ms
[2025-04-05T12:56:05.682+0530][gc,cpu      ] GC(4) User=0.01s Sys=0.00s Real=0.01s
[2025-04-05T12:56:05.692+0530][gc,start    ] GC(5) Pause Young (Concurrent Start) (Metadata GC Threshold)
[2025-04-05T12:56:05.692+0530][gc,task     ] GC(5) Using 8 workers of 8 for evacuation
[2025-04-05T12:56:05.694+0530][gc,phases   ] GC(5)   Pre Evacuate Collection Set: 0.2ms
[2025-04-05T12:56:05.694+0530][gc,phases   ] GC(5)   Merge Heap Roots: 0.1ms
[2025-04-05T12:56:05.694+0530][gc,phases   ] GC(5)   Evacuate Collection Set: 0.7ms
[2025-04-05T12:56:05.694+0530][gc,phases   ] GC(5)   Post Evacuate Collection Set: 0.2ms
[2025-04-05T12:56:05.694+0530][gc,phases   ] GC(5)   Other: 0.1ms
[2025-04-05T12:56:05.694+0530][gc,heap     ] GC(5) Eden regions: 2->0(50)
[2025-04-05T12:56:05.694+0530][gc,heap     ] GC(5) Survivor regions: 2->1(7)
[2025-04-05T12:56:05.694+0530][gc,heap     ] GC(5) Old regions: 16->16
[2025-04-05T12:56:05.694+0530][gc,heap     ] GC(5) Humongous regions: 129->129
[2025-04-05T12:56:05.694+0530][gc,metaspace] GC(5) Metaspace: 36159K(36416K)->36159K(36416K) NonClass: 32171K(32320K)->32171K(32320K) Class: 3988K(4096K)->3988K(4096K)
[2025-04-05T12:56:05.694+0530][gc          ] GC(5) Pause Young (Concurrent Start) (Metadata GC Threshold) 147M->145M(1024M) 1.248ms
[2025-04-05T12:56:05.694+0530][gc,cpu      ] GC(5) User=0.00s Sys=0.00s Real=0.00s
[2025-04-05T12:56:05.694+0530][gc          ] GC(6) Concurrent Mark Cycle
[2025-04-05T12:56:05.694+0530][gc,marking  ] GC(6) Concurrent Scan Root Regions
[2025-04-05T12:56:05.695+0530][gc,marking  ] GC(6) Concurrent Scan Root Regions 0.898ms
[2025-04-05T12:56:05.695+0530][gc,marking  ] GC(6) Concurrent Mark
[2025-04-05T12:56:05.695+0530][gc,marking  ] GC(6) Concurrent Mark From Roots
[2025-04-05T12:56:05.695+0530][gc,task     ] GC(6) Using 2 workers of 2 for marking
[2025-04-05T12:56:05.701+0530][gc,marking  ] GC(6) Concurrent Mark From Roots 6.375ms
[2025-04-05T12:56:05.701+0530][gc,marking  ] GC(6) Concurrent Preclean
[2025-04-05T12:56:05.701+0530][gc,marking  ] GC(6) Concurrent Preclean 0.046ms
[2025-04-05T12:56:05.701+0530][gc,start    ] GC(6) Pause Remark
[2025-04-05T12:56:05.703+0530][gc          ] GC(6) Pause Remark 146M->146M(1024M) 1.918ms
[2025-04-05T12:56:05.703+0530][gc,cpu      ] GC(6) User=0.01s Sys=0.01s Real=0.00s
[2025-04-05T12:56:05.703+0530][gc,marking  ] GC(6) Concurrent Mark 8.636ms
[2025-04-05T12:56:05.703+0530][gc,marking  ] GC(6) Concurrent Rebuild Remembered Sets and Scrub Regions
[2025-04-05T12:56:05.707+0530][gc,marking  ] GC(6) Concurrent Rebuild Remembered Sets and Scrub Regions 3.709ms
[2025-04-05T12:56:05.707+0530][gc,start    ] GC(6) Pause Cleanup
[2025-04-05T12:56:05.707+0530][gc          ] GC(6) Pause Cleanup 146M->146M(1024M) 0.101ms
[2025-04-05T12:56:05.707+0530][gc,cpu      ] GC(6) User=0.00s Sys=0.00s Real=0.00s
[2025-04-05T12:56:05.707+0530][gc,marking  ] GC(6) Concurrent Clear Claimed Marks
[2025-04-05T12:56:05.707+0530][gc,marking  ] GC(6) Concurrent Clear Claimed Marks 0.016ms
[2025-04-05T12:56:05.707+0530][gc,marking  ] GC(6) Concurrent Cleanup for Next Mark
[2025-04-05T12:56:05.709+0530][gc,marking  ] GC(6) Concurrent Cleanup for Next Mark 1.231ms
[2025-04-05T12:56:05.709+0530][gc          ] GC(6) Concurrent Mark Cycle 15.002ms
[2025-04-05T13:06:37.285+0530][gc,start    ] GC(7) Pause Young (Prepare Mixed) (G1 Evacuation Pause)
[2025-04-05T13:06:37.285+0530][gc,task     ] GC(7) Using 8 workers of 8 for evacuation
[2025-04-05T13:06:37.292+0530][gc,phases   ] GC(7)   Pre Evacuate Collection Set: 0.4ms
[2025-04-05T13:06:37.292+0530][gc,phases   ] GC(7)   Merge Heap Roots: 0.1ms
[2025-04-05T13:06:37.292+0530][gc,phases   ] GC(7)   Evacuate Collection Set: 5.7ms
[2025-04-05T13:06:37.292+0530][gc,phases   ] GC(7)   Post Evacuate Collection Set: 0.5ms
[2025-04-05T13:06:37.292+0530][gc,phases   ] GC(7)   Other: 0.1ms
[2025-04-05T13:06:37.292+0530][gc,heap     ] GC(7) Eden regions: 50->0(46)
[2025-04-05T13:06:37.292+0530][gc,heap     ] GC(7) Survivor regions: 1->5(7)
[2025-04-05T13:06:37.292+0530][gc,heap     ] GC(7) Old regions: 16->16
[2025-04-05T13:06:37.292+0530][gc,heap     ] GC(7) Humongous regions: 129->129
[2025-04-05T13:06:37.292+0530][gc,metaspace] GC(7) Metaspace: 40273K(40832K)->40273K(40832K) NonClass: 35764K(36096K)->35764K(36096K) Class: 4509K(4736K)->4509K(4736K)
[2025-04-05T13:06:37.292+0530][gc          ] GC(7) Pause Young (Prepare Mixed) (G1 Evacuation Pause) 195M->148M(1024M) 7.443ms
[2025-04-05T13:06:37.292+0530][gc,cpu      ] GC(7) User=0.04s Sys=0.00s Real=0.01s
[2025-04-05T13:58:48.307+0530][gc,start    ] GC(8) Pause Young (Mixed) (G1 Evacuation Pause)
[2025-04-05T13:58:48.307+0530][gc,task     ] GC(8) Using 8 workers of 8 for evacuation
[2025-04-05T13:58:48.315+0530][gc,phases   ] GC(8)   Pre Evacuate Collection Set: 0.6ms
[2025-04-05T13:58:48.315+0530][gc,phases   ] GC(8)   Merge Heap Roots: 0.1ms
[2025-04-05T13:58:48.315+0530][gc,phases   ] GC(8)   Evacuate Collection Set: 6.2ms
[2025-04-05T13:58:48.315+0530][gc,phases   ] GC(8)   Post Evacuate Collection Set: 0.5ms
[2025-04-05T13:58:48.315+0530][gc,phases   ] GC(8)   Other: 0.1ms
[2025-04-05T13:58:48.315+0530][gc,heap     ] GC(8) Eden regions: 46->0(47)
[2025-04-05T13:58:48.315+0530][gc,heap     ] GC(8) Survivor regions: 5->4(7)
[2025-04-05T13:58:48.315+0530][gc,heap     ] GC(8) Old regions: 16->16
[2025-04-05T13:58:48.315+0530][gc,heap     ] GC(8) Humongous regions: 129->129
[2025-04-05T13:58:48.315+0530][gc,metaspace] GC(8) Metaspace: 40457K(40960K)->40457K(40960K) NonClass: 35931K(36224K)->35931K(36224K) Class: 4526K(4736K)->4526K(4736K)
[2025-04-05T13:58:48.315+0530][gc          ] GC(8) Pause Young (Mixed) (G1 Evacuation Pause) 194M->148M(1024M) 8.036ms
[2025-04-05T13:58:48.315+0530][gc,cpu      ] GC(8) User=0.04s Sys=0.01s Real=0.01s
[2025-04-05T14:06:57.909+0530][gc,start    ] GC(9) Pause Young (Normal) (G1 Evacuation Pause)
[2025-04-05T14:06:57.910+0530][gc,task     ] GC(9) Using 8 workers of 8 for evacuation
[2025-04-05T14:06:57.912+0530][gc,phases   ] GC(9)   Pre Evacuate Collection Set: 0.2ms
[2025-04-05T14:06:57.914+0530][gc,phases   ] GC(9)   Merge Heap Roots: 0.1ms
[2025-04-05T14:06:57.914+0530][gc,phases   ] GC(9)   Evacuate Collection Set: 2.2ms
[2025-04-05T14:06:57.914+0530][gc,phases   ] GC(9)   Post Evacuate Collection Set: 0.3ms
[2025-04-05T14:06:57.915+0530][gc,phases   ] GC(9)   Other: 0.0ms
[2025-04-05T14:06:57.915+0530][gc,heap     ] GC(9) Eden regions: 47->0(47)
[2025-04-05T14:06:57.915+0530][gc,heap     ] GC(9) Survivor regions: 4->4(7)
[2025-04-05T14:06:57.915+0530][gc,heap     ] GC(9) Old regions: 16->16
[2025-04-05T14:06:57.915+0530][gc,heap     ] GC(9) Humongous regions: 129->129
[2025-04-05T14:06:57.915+0530][gc,metaspace] GC(9) Metaspace: 40800K(41344K)->40800K(41344K) NonClass: 36192K(36480K)->36192K(36480K) Class: 4608K(4864K)->4608K(4864K)
[2025-04-05T14:06:57.915+0530][gc          ] GC(9) Pause Young (Normal) (G1 Evacuation Pause) 195M->148M(1024M) 5.387ms
[2025-04-05T14:06:57.915+0530][gc,cpu      ] GC(9) User=0.01s Sys=0.00s Real=0.01s
[2025-04-05T14:16:05.805+0530][gc,start    ] GC(10) Pause Young (Normal) (G1 Evacuation Pause)
[2025-04-05T14:16:05.807+0530][gc,task     ] GC(10) Using 8 workers of 8 for evacuation
[2025-04-05T14:16:05.814+0530][gc,phases   ] GC(10)   Pre Evacuate Collection Set: 0.7ms
[2025-04-05T14:16:05.816+0530][gc,phases   ] GC(10)   Merge Heap Roots: 0.1ms
[2025-04-05T14:16:05.816+0530][gc,phases   ] GC(10)   Evacuate Collection Set: 5.6ms
[2025-04-05T14:16:05.816+0530][gc,phases   ] GC(10)   Post Evacuate Collection Set: 0.4ms
[2025-04-05T14:16:05.816+0530][gc,phases   ] GC(10)   Other: 0.2ms
[2025-04-05T14:16:05.816+0530][gc,heap     ] GC(10) Eden regions: 47->0(47)
[2025-04-05T14:16:05.816+0530][gc,heap     ] GC(10) Survivor regions: 4->4(7)
[2025-04-05T14:16:05.816+0530][gc,heap     ] GC(10) Old regions: 16->16
[2025-04-05T14:16:05.816+0530][gc,heap     ] GC(10) Humongous regions: 129->129
[2025-04-05T14:16:05.816+0530][gc,metaspace] GC(10) Metaspace: 40979K(41536K)->40979K(41536K) NonClass: 36353K(36672K)->36353K(36672K) Class: 4626K(4864K)->4626K(4864K)
[2025-04-05T14:16:05.816+0530][gc          ] GC(10) Pause Young (Normal) (G1 Evacuation Pause) 195M->148M(1024M) 11.618ms
[2025-04-05T14:16:05.816+0530][gc,cpu      ] GC(10) User=0.03s Sys=0.00s Real=0.01s
[2025-04-05T14:25:42.252+0530][gc,start    ] GC(11) Pause Young (Normal) (G1 Evacuation Pause)
[2025-04-05T14:25:42.254+0530][gc,task     ] GC(11) Using 8 workers of 8 for evacuation
[2025-04-05T14:25:42.263+0530][gc,phases   ] GC(11)   Pre Evacuate Collection Set: 0.9ms
[2025-04-05T14:25:42.263+0530][gc,phases   ] GC(11)   Merge Heap Roots: 0.1ms
[2025-04-05T14:25:42.263+0530][gc,phases   ] GC(11)   Evacuate Collection Set: 7.2ms
[2025-04-05T14:25:42.263+0530][gc,phases   ] GC(11)   Post Evacuate Collection Set: 0.6ms
[2025-04-05T14:25:42.263+0530][gc,phases   ] GC(11)   Other: 0.1ms
[2025-04-05T14:25:42.263+0530][gc,heap     ] GC(11) Eden regions: 47->0(84)
[2025-04-05T14:25:42.263+0530][gc,heap     ] GC(11) Survivor regions: 4->2(7)
[2025-04-05T14:25:42.263+0530][gc,heap     ] GC(11) Old regions: 16->18
[2025-04-05T14:25:42.263+0530][gc,heap     ] GC(11) Humongous regions: 129->129
[2025-04-05T14:25:42.263+0530][gc,metaspace] GC(11) Metaspace: 41020K(41536K)->41020K(41536K) NonClass: 36393K(36672K)->36393K(36672K) Class: 4626K(4864K)->4626K(4864K)
[2025-04-05T14:25:42.263+0530][gc          ] GC(11) Pause Young (Normal) (G1 Evacuation Pause) 195M->147M(1024M) 10.834ms
[2025-04-05T14:25:42.263+0530][gc,cpu      ] GC(11) User=0.03s Sys=0.00s Real=0.01s
[2025-04-05T14:42:37.619+0530][gc,start    ] GC(12) Pause Young (Normal) (G1 Evacuation Pause)
[2025-04-05T14:42:37.620+0530][gc,task     ] GC(12) Using 8 workers of 8 for evacuation
[2025-04-05T14:42:37.624+0530][gc,phases   ] GC(12)   Pre Evacuate Collection Set: 0.3ms
[2025-04-05T14:42:37.624+0530][gc,phases   ] GC(12)   Merge Heap Roots: 0.2ms
[2025-04-05T14:42:37.624+0530][gc,phases   ] GC(12)   Evacuate Collection Set: 2.5ms
[2025-04-05T14:42:37.624+0530][gc,phases   ] GC(12)   Post Evacuate Collection Set: 0.5ms
[2025-04-05T14:42:37.624+0530][gc,phases   ] GC(12)   Other: 0.1ms
[2025-04-05T14:42:37.624+0530][gc,heap     ] GC(12) Eden regions: 84->0(612)
[2025-04-05T14:42:37.624+0530][gc,heap     ] GC(12) Survivor regions: 2->2(11)
[2025-04-05T14:42:37.624+0530][gc,heap     ] GC(12) Old regions: 18->18
[2025-04-05T14:42:37.624+0530][gc,heap     ] GC(12) Humongous regions: 129->129
[2025-04-05T14:42:37.624+0530][gc,metaspace] GC(12) Metaspace: 41108K(41664K)->41108K(41664K) NonClass: 36477K(36800K)->36477K(36800K) Class: 4630K(4864K)->4630K(4864K)
[2025-04-05T14:42:37.624+0530][gc          ] GC(12) Pause Young (Normal) (G1 Evacuation Pause) 231M->147M(1024M) 5.399ms
[2025-04-05T14:42:37.624+0530][gc,cpu      ] GC(12) User=0.02s Sys=0.01s Real=0.01s
[2025-04-05T18:03:40.304+0530][gc,start    ] GC(13) Pause Young (Normal) (G1 Evacuation Pause)
[2025-04-05T18:03:40.306+0530][gc,task     ] GC(13) Using 8 workers of 8 for evacuation
[2025-04-05T18:03:40.312+0530][gc,phases   ] GC(13)   Pre Evacuate Collection Set: 1.3ms
[2025-04-05T18:03:40.312+0530][gc,phases   ] GC(13)   Merge Heap Roots: 0.2ms
[2025-04-05T18:03:40.312+0530][gc,phases   ] GC(13)   Evacuate Collection Set: 3.6ms
[2025-04-05T18:03:40.312+0530][gc,phases   ] GC(13)   Post Evacuate Collection Set: 0.9ms
[2025-04-05T18:03:40.312+0530][gc,phases   ] GC(13)   Other: 0.4ms
[2025-04-05T18:03:40.312+0530][gc,heap     ] GC(13) Eden regions: 612->0(612)
[2025-04-05T18:03:40.312+0530][gc,heap     ] GC(13) Survivor regions: 2->2(77)
[2025-04-05T18:03:40.312+0530][gc,heap     ] GC(13) Old regions: 18->18
[2025-04-05T18:03:40.312+0530][gc,heap     ] GC(13) Humongous regions: 129->129
[2025-04-05T18:03:40.312+0530][gc,metaspace] GC(13) Metaspace: 41211K(41728K)->41211K(41728K) NonClass: 36581K(36864K)->36581K(36864K) Class: 4630K(4864K)->4630K(4864K)
[2025-04-05T18:03:40.312+0530][gc          ] GC(13) Pause Young (Normal) (G1 Evacuation Pause) 759M->148M(1024M) 8.480ms
[2025-04-05T18:03:40.312+0530][gc,cpu      ] GC(13) User=0.02s Sys=0.00s Real=0.01s
[2025-04-06T01:20:33.658+0530][gc,start    ] GC(14) Pause Young (Normal) (G1 Evacuation Pause)
[2025-04-06T01:20:33.659+0530][gc,task     ] GC(14) Using 8 workers of 8 for evacuation
[2025-04-06T01:20:33.664+0530][gc,phases   ] GC(14)   Pre Evacuate Collection Set: 1.4ms
[2025-04-06T01:20:33.664+0530][gc,phases   ] GC(14)   Merge Heap Roots: 0.1ms
[2025-04-06T01:20:33.664+0530][gc,phases   ] GC(14)   Evacuate Collection Set: 3.8ms
[2025-04-06T01:20:33.664+0530][gc,phases   ] GC(14)   Post Evacuate Collection Set: 0.5ms
[2025-04-06T01:20:33.665+0530][gc,phases   ] GC(14)   Other: 0.2ms
[2025-04-06T01:20:33.665+0530][gc,heap     ] GC(14) Eden regions: 612->0(611)
[2025-04-06T01:20:33.665+0530][gc,heap     ] GC(14) Survivor regions: 2->3(77)
[2025-04-06T01:20:33.665+0530][gc,heap     ] GC(14) Old regions: 18->18
[2025-04-06T01:20:33.665+0530][gc,heap     ] GC(14) Humongous regions: 129->129
[2025-04-06T01:20:33.665+0530][gc,metaspace] GC(14) Metaspace: 41236K(41728K)->41236K(41728K) NonClass: 36606K(36864K)->36606K(36864K) Class: 4630K(4864K)->4630K(4864K)
[2025-04-06T01:20:33.665+0530][gc          ] GC(14) Pause Young (Normal) (G1 Evacuation Pause) 760M->148M(1024M) 7.064ms
[2025-04-06T01:20:33.665+0530][gc,cpu      ] GC(14) User=0.01s Sys=0.01s Real=0.01s
[2025-04-06T09:39:44.914+0530][gc,heap,exit] Heap
[2025-04-06T09:39:44.915+0530][gc,heap,exit]  garbage-first heap   total 1048576K, used 420688K [0x00000007c0000000, 0x0000000800000000)
[2025-04-06T09:39:44.915+0530][gc,heap,exit]   region size 1024K, 266 young (272384K), 3 survivors (3072K)
[2025-04-06T09:39:44.915+0530][gc,heap,exit]  Metaspace       used 42241K, committed 42816K, reserved 1114112K
[2025-04-06T09:39:44.915+0530][gc,heap,exit]   class space    used 4815K, committed 5056K, reserved 1048576K
