[2025-04-17T14:17:52.231+0530][gc,init] CardTable entry size: 512
[2025-04-17T14:17:52.231+0530][gc     ] Using G1
[2025-04-17T14:17:52.232+0530][gc,init] Version: 21.0.3+9-LTS (release)
[2025-04-17T14:17:52.232+0530][gc,init] CPUs: 8 total, 8 available
[2025-04-17T14:17:52.232+0530][gc,init] Memory: 32768M
[2025-04-17T14:17:52.232+0530][gc,init] Large Page Support: Disabled
[2025-04-17T14:17:52.232+0530][gc,init] NUMA Support: Disabled
[2025-04-17T14:17:52.232+0530][gc,init] Compressed Oops: Enabled (Zero based)
[2025-04-17T14:17:52.232+0530][gc,init] Heap Region Size: 1M
[2025-04-17T14:17:52.232+0530][gc,init] Heap Min Capacity: 1G
[2025-04-17T14:17:52.232+0530][gc,init] Heap Initial Capacity: 1G
[2025-04-17T14:17:52.232+0530][gc,init] Heap Max Capacity: 1G
[2025-04-17T14:17:52.232+0530][gc,init] Pre-touch: Disabled
[2025-04-17T14:17:52.232+0530][gc,init] Parallel Workers: 8
[2025-04-17T14:17:52.232+0530][gc,init] Concurrent Workers: 2
[2025-04-17T14:17:52.232+0530][gc,init] Concurrent Refinement Workers: 8
[2025-04-17T14:17:52.232+0530][gc,init] Periodic GC: Disabled
[2025-04-17T14:17:52.236+0530][gc,metaspace] CDS archive(s) mapped at: [0x0000007000000000-0x0000007000ca4000-0x0000007000ca4000), size 13254656, SharedBaseAddress: 0x0000007000000000, ArchiveRelocationMode: 1.
[2025-04-17T14:17:52.236+0530][gc,metaspace] Compressed class space mapped at: 0x0000007001000000-0x0000007041000000, reserved size: 1073741824
[2025-04-17T14:17:52.236+0530][gc,metaspace] Narrow klass base: 0x0000007000000000, Narrow klass shift: 0, Narrow klass range: 0x100000000
[2025-04-17T14:17:52.926+0530][gc,start    ] GC(0) Pause Young (Normal) (G1 Evacuation Pause)
[2025-04-17T14:17:52.926+0530][gc,task     ] GC(0) Using 8 workers of 8 for evacuation
[2025-04-17T14:17:52.929+0530][gc,phases   ] GC(0)   Pre Evacuate Collection Set: 0.1ms
[2025-04-17T14:17:52.929+0530][gc,phases   ] GC(0)   Merge Heap Roots: 0.1ms
[2025-04-17T14:17:52.929+0530][gc,phases   ] GC(0)   Evacuate Collection Set: 2.1ms
[2025-04-17T14:17:52.929+0530][gc,phases   ] GC(0)   Post Evacuate Collection Set: 0.4ms
[2025-04-17T14:17:52.929+0530][gc,phases   ] GC(0)   Other: 0.2ms
[2025-04-17T14:17:52.929+0530][gc,heap     ] GC(0) Eden regions: 51->0(44)
[2025-04-17T14:17:52.929+0530][gc,heap     ] GC(0) Survivor regions: 0->7(7)
[2025-04-17T14:17:52.929+0530][gc,heap     ] GC(0) Old regions: 2->3
[2025-04-17T14:17:52.929+0530][gc,heap     ] GC(0) Humongous regions: 0->0
[2025-04-17T14:17:52.929+0530][gc,metaspace] GC(0) Metaspace: 17673K(17920K)->17673K(17920K) NonClass: 15609K(15744K)->15609K(15744K) Class: 2064K(2176K)->2064K(2176K)
[2025-04-17T14:17:52.929+0530][gc          ] GC(0) Pause Young (Normal) (G1 Evacuation Pause) 52M->8M(1024M) 3.098ms
[2025-04-17T14:17:52.929+0530][gc,cpu      ] GC(0) User=0.01s Sys=0.00s Real=0.00s
[2025-04-17T14:17:53.083+0530][gc,start    ] GC(1) Pause Young (Concurrent Start) (Metadata GC Threshold)
[2025-04-17T14:17:53.083+0530][gc,task     ] GC(1) Using 8 workers of 8 for evacuation
[2025-04-17T14:17:53.085+0530][gc,phases   ] GC(1)   Pre Evacuate Collection Set: 0.1ms
[2025-04-17T14:17:53.085+0530][gc,phases   ] GC(1)   Merge Heap Roots: 0.0ms
[2025-04-17T14:17:53.085+0530][gc,phases   ] GC(1)   Evacuate Collection Set: 1.7ms
[2025-04-17T14:17:53.085+0530][gc,phases   ] GC(1)   Post Evacuate Collection Set: 0.2ms
[2025-04-17T14:17:53.085+0530][gc,phases   ] GC(1)   Other: 0.0ms
[2025-04-17T14:17:53.085+0530][gc,heap     ] GC(1) Eden regions: 14->0(49)
[2025-04-17T14:17:53.085+0530][gc,heap     ] GC(1) Survivor regions: 7->2(7)
[2025-04-17T14:17:53.085+0530][gc,heap     ] GC(1) Old regions: 3->10
[2025-04-17T14:17:53.085+0530][gc,heap     ] GC(1) Humongous regions: 0->0
[2025-04-17T14:17:53.085+0530][gc,metaspace] GC(1) Metaspace: 21283K(21504K)->21283K(21504K) NonClass: 18763K(18880K)->18763K(18880K) Class: 2520K(2624K)->2520K(2624K)
[2025-04-17T14:17:53.085+0530][gc          ] GC(1) Pause Young (Concurrent Start) (Metadata GC Threshold) 22M->10M(1024M) 2.315ms
[2025-04-17T14:17:53.085+0530][gc          ] GC(2) Concurrent Mark Cycle
[2025-04-17T14:17:53.085+0530][gc,cpu      ] GC(1) User=0.01s Sys=0.00s Real=0.00s
[2025-04-17T14:17:53.085+0530][gc,marking  ] GC(2) Concurrent Scan Root Regions
[2025-04-17T14:17:53.087+0530][gc,marking  ] GC(2) Concurrent Scan Root Regions 1.389ms
[2025-04-17T14:17:53.087+0530][gc,marking  ] GC(2) Concurrent Mark
[2025-04-17T14:17:53.087+0530][gc,marking  ] GC(2) Concurrent Mark From Roots
[2025-04-17T14:17:53.087+0530][gc,task     ] GC(2) Using 2 workers of 2 for marking
[2025-04-17T14:17:53.088+0530][gc,marking  ] GC(2) Concurrent Mark From Roots 0.748ms
[2025-04-17T14:17:53.088+0530][gc,marking  ] GC(2) Concurrent Preclean
[2025-04-17T14:17:53.088+0530][gc,marking  ] GC(2) Concurrent Preclean 0.005ms
[2025-04-17T14:17:53.088+0530][gc,start    ] GC(2) Pause Remark
[2025-04-17T14:17:53.089+0530][gc          ] GC(2) Pause Remark 11M->11M(1024M) 0.879ms
[2025-04-17T14:17:53.089+0530][gc,cpu      ] GC(2) User=0.00s Sys=0.00s Real=0.00s
[2025-04-17T14:17:53.089+0530][gc,marking  ] GC(2) Concurrent Mark 1.710ms
[2025-04-17T14:17:53.089+0530][gc,marking  ] GC(2) Concurrent Rebuild Remembered Sets and Scrub Regions
[2025-04-17T14:17:53.090+0530][gc,marking  ] GC(2) Concurrent Rebuild Remembered Sets and Scrub Regions 1.152ms
[2025-04-17T14:17:53.090+0530][gc,start    ] GC(2) Pause Cleanup
[2025-04-17T14:17:53.090+0530][gc          ] GC(2) Pause Cleanup 11M->11M(1024M) 0.074ms
[2025-04-17T14:17:53.090+0530][gc,cpu      ] GC(2) User=0.00s Sys=0.00s Real=0.00s
[2025-04-17T14:17:53.090+0530][gc,marking  ] GC(2) Concurrent Clear Claimed Marks
[2025-04-17T14:17:53.090+0530][gc,marking  ] GC(2) Concurrent Clear Claimed Marks 0.015ms
[2025-04-17T14:17:53.090+0530][gc,marking  ] GC(2) Concurrent Cleanup for Next Mark
[2025-04-17T14:17:53.091+0530][gc,marking  ] GC(2) Concurrent Cleanup for Next Mark 0.945ms
[2025-04-17T14:17:53.091+0530][gc          ] GC(2) Concurrent Mark Cycle 5.427ms
[2025-04-17T14:17:53.408+0530][gc,start    ] GC(3) Pause Young (Prepare Mixed) (G1 Evacuation Pause)
[2025-04-17T14:17:53.408+0530][gc,task     ] GC(3) Using 8 workers of 8 for evacuation
[2025-04-17T14:17:53.410+0530][gc,phases   ] GC(3)   Pre Evacuate Collection Set: 0.1ms
[2025-04-17T14:17:53.410+0530][gc,phases   ] GC(3)   Merge Heap Roots: 0.0ms
[2025-04-17T14:17:53.410+0530][gc,phases   ] GC(3)   Evacuate Collection Set: 2.2ms
[2025-04-17T14:17:53.410+0530][gc,phases   ] GC(3)   Post Evacuate Collection Set: 0.2ms
[2025-04-17T14:17:53.410+0530][gc,phases   ] GC(3)   Other: 0.0ms
[2025-04-17T14:17:53.410+0530][gc,heap     ] GC(3) Eden regions: 49->0(44)
[2025-04-17T14:17:53.410+0530][gc,heap     ] GC(3) Survivor regions: 2->7(7)
[2025-04-17T14:17:53.410+0530][gc,heap     ] GC(3) Old regions: 10->10
[2025-04-17T14:17:53.410+0530][gc,heap     ] GC(3) Humongous regions: 129->129
[2025-04-17T14:17:53.410+0530][gc,metaspace] GC(3) Metaspace: 33106K(33408K)->33106K(33408K) NonClass: 29468K(29632K)->29468K(29632K) Class: 3638K(3776K)->3638K(3776K)
[2025-04-17T14:17:53.410+0530][gc          ] GC(3) Pause Young (Prepare Mixed) (G1 Evacuation Pause) 188M->144M(1024M) 2.763ms
[2025-04-17T14:17:53.410+0530][gc,cpu      ] GC(3) User=0.01s Sys=0.00s Real=0.01s
[2025-04-17T14:17:53.555+0530][gc,start    ] GC(4) Pause Young (Mixed) (Metadata GC Threshold)
[2025-04-17T14:17:53.555+0530][gc,task     ] GC(4) Using 8 workers of 8 for evacuation
[2025-04-17T14:17:53.557+0530][gc,phases   ] GC(4)   Pre Evacuate Collection Set: 0.1ms
[2025-04-17T14:17:53.558+0530][gc,phases   ] GC(4)   Merge Heap Roots: 0.1ms
[2025-04-17T14:17:53.558+0530][gc,phases   ] GC(4)   Evacuate Collection Set: 2.1ms
[2025-04-17T14:17:53.558+0530][gc,phases   ] GC(4)   Post Evacuate Collection Set: 0.2ms
[2025-04-17T14:17:53.558+0530][gc,phases   ] GC(4)   Other: 0.0ms
[2025-04-17T14:17:53.558+0530][gc,heap     ] GC(4) Eden regions: 12->0(49)
[2025-04-17T14:17:53.558+0530][gc,heap     ] GC(4) Survivor regions: 7->2(7)
[2025-04-17T14:17:53.558+0530][gc,heap     ] GC(4) Old regions: 10->16
[2025-04-17T14:17:53.558+0530][gc,heap     ] GC(4) Humongous regions: 129->129
[2025-04-17T14:17:53.558+0530][gc,metaspace] GC(4) Metaspace: 35625K(35968K)->35625K(35968K) NonClass: 31658K(31808K)->31658K(31808K) Class: 3967K(4160K)->3967K(4160K)
[2025-04-17T14:17:53.558+0530][gc          ] GC(4) Pause Young (Mixed) (Metadata GC Threshold) 155M->145M(1024M) 2.662ms
[2025-04-17T14:17:53.558+0530][gc,cpu      ] GC(4) User=0.01s Sys=0.00s Real=0.00s
[2025-04-17T14:17:53.569+0530][gc,start    ] GC(5) Pause Young (Concurrent Start) (Metadata GC Threshold)
[2025-04-17T14:17:53.569+0530][gc,task     ] GC(5) Using 8 workers of 8 for evacuation
[2025-04-17T14:17:53.570+0530][gc,phases   ] GC(5)   Pre Evacuate Collection Set: 0.2ms
[2025-04-17T14:17:53.570+0530][gc,phases   ] GC(5)   Merge Heap Roots: 0.0ms
[2025-04-17T14:17:53.570+0530][gc,phases   ] GC(5)   Evacuate Collection Set: 0.4ms
[2025-04-17T14:17:53.570+0530][gc,phases   ] GC(5)   Post Evacuate Collection Set: 0.2ms
[2025-04-17T14:17:53.570+0530][gc,phases   ] GC(5)   Other: 0.0ms
[2025-04-17T14:17:53.570+0530][gc,heap     ] GC(5) Eden regions: 2->0(50)
[2025-04-17T14:17:53.570+0530][gc,heap     ] GC(5) Survivor regions: 2->1(7)
[2025-04-17T14:17:53.570+0530][gc,heap     ] GC(5) Old regions: 16->16
[2025-04-17T14:17:53.570+0530][gc,heap     ] GC(5) Humongous regions: 129->129
[2025-04-17T14:17:53.570+0530][gc,metaspace] GC(5) Metaspace: 36030K(36288K)->36030K(36288K) NonClass: 32012K(32128K)->32012K(32128K) Class: 4018K(4160K)->4018K(4160K)
[2025-04-17T14:17:53.570+0530][gc          ] GC(5) Pause Young (Concurrent Start) (Metadata GC Threshold) 146M->144M(1024M) 0.953ms
[2025-04-17T14:17:53.570+0530][gc          ] GC(6) Concurrent Mark Cycle
[2025-04-17T14:17:53.570+0530][gc,cpu      ] GC(5) User=0.00s Sys=0.00s Real=0.01s
[2025-04-17T14:17:53.570+0530][gc,marking  ] GC(6) Concurrent Scan Root Regions
[2025-04-17T14:17:53.571+0530][gc,marking  ] GC(6) Concurrent Scan Root Regions 0.639ms
[2025-04-17T14:17:53.571+0530][gc,marking  ] GC(6) Concurrent Mark
[2025-04-17T14:17:53.571+0530][gc,marking  ] GC(6) Concurrent Mark From Roots
[2025-04-17T14:17:53.571+0530][gc,task     ] GC(6) Using 2 workers of 2 for marking
[2025-04-17T14:17:53.577+0530][gc,marking  ] GC(6) Concurrent Mark From Roots 6.572ms
[2025-04-17T14:17:53.577+0530][gc,marking  ] GC(6) Concurrent Preclean
[2025-04-17T14:17:53.577+0530][gc,marking  ] GC(6) Concurrent Preclean 0.031ms
[2025-04-17T14:17:53.578+0530][gc,start    ] GC(6) Pause Remark
[2025-04-17T14:17:53.579+0530][gc          ] GC(6) Pause Remark 146M->146M(1024M) 1.151ms
[2025-04-17T14:17:53.579+0530][gc,cpu      ] GC(6) User=0.01s Sys=0.00s Real=0.00s
[2025-04-17T14:17:53.579+0530][gc,marking  ] GC(6) Concurrent Mark 7.916ms
[2025-04-17T14:17:53.579+0530][gc,marking  ] GC(6) Concurrent Rebuild Remembered Sets and Scrub Regions
[2025-04-17T14:17:53.581+0530][gc,marking  ] GC(6) Concurrent Rebuild Remembered Sets and Scrub Regions 2.436ms
[2025-04-17T14:17:53.581+0530][gc,start    ] GC(6) Pause Cleanup
[2025-04-17T14:17:53.581+0530][gc          ] GC(6) Pause Cleanup 146M->146M(1024M) 0.080ms
[2025-04-17T14:17:53.581+0530][gc,cpu      ] GC(6) User=0.00s Sys=0.00s Real=0.00s
[2025-04-17T14:17:53.581+0530][gc,marking  ] GC(6) Concurrent Clear Claimed Marks
[2025-04-17T14:17:53.581+0530][gc,marking  ] GC(6) Concurrent Clear Claimed Marks 0.016ms
[2025-04-17T14:17:53.581+0530][gc,marking  ] GC(6) Concurrent Cleanup for Next Mark
[2025-04-17T14:17:53.582+0530][gc,marking  ] GC(6) Concurrent Cleanup for Next Mark 0.446ms
[2025-04-17T14:17:53.582+0530][gc          ] GC(6) Concurrent Mark Cycle 11.744ms
[2025-04-17T14:31:05.134+0530][gc,heap,exit] Heap
[2025-04-17T14:31:05.134+0530][gc,heap,exit]  garbage-first heap   total 1048576K, used 168869K [0x00000007c0000000, 0x0000000800000000)
[2025-04-17T14:31:05.134+0530][gc,heap,exit]   region size 1024K, 22 young (22528K), 1 survivors (1024K)
[2025-04-17T14:31:05.134+0530][gc,heap,exit]  Metaspace       used 37946K, committed 38336K, reserved 1114112K
[2025-04-17T14:31:05.134+0530][gc,heap,exit]   class space    used 4339K, committed 4544K, reserved 1048576K
