[2025-04-05T12:52:37.122+0530][gc,init] CardTable entry size: 512
[2025-04-05T12:52:37.122+0530][gc     ] Using G1
[2025-04-05T12:52:37.123+0530][gc,init] Version: 21.0.3+9-LTS (release)
[2025-04-05T12:52:37.123+0530][gc,init] CPUs: 8 total, 8 available
[2025-04-05T12:52:37.123+0530][gc,init] Memory: 32768M
[2025-04-05T12:52:37.123+0530][gc,init] Large Page Support: Disabled
[2025-04-05T12:52:37.123+0530][gc,init] NUMA Support: Disabled
[2025-04-05T12:52:37.123+0530][gc,init] Compressed Oops: Enabled (Zero based)
[2025-04-05T12:52:37.123+0530][gc,init] Heap Region Size: 1M
[2025-04-05T12:52:37.123+0530][gc,init] Heap Min Capacity: 1G
[2025-04-05T12:52:37.124+0530][gc,init] Heap Initial Capacity: 1G
[2025-04-05T12:52:37.124+0530][gc,init] Heap Max Capacity: 1G
[2025-04-05T12:52:37.124+0530][gc,init] Pre-touch: Disabled
[2025-04-05T12:52:37.124+0530][gc,init] Parallel Workers: 8
[2025-04-05T12:52:37.124+0530][gc,init] Concurrent Workers: 2
[2025-04-05T12:52:37.124+0530][gc,init] Concurrent Refinement Workers: 8
[2025-04-05T12:52:37.124+0530][gc,init] Periodic GC: Disabled
[2025-04-05T12:52:37.127+0530][gc,metaspace] CDS archive(s) mapped at: [0x0000007000000000-0x0000007000ca4000-0x0000007000ca4000), size 13254656, SharedBaseAddress: 0x0000007000000000, ArchiveRelocationMode: 1.
[2025-04-05T12:52:37.127+0530][gc,metaspace] Compressed class space mapped at: 0x0000007001000000-0x0000007041000000, reserved size: 1073741824
[2025-04-05T12:52:37.127+0530][gc,metaspace] Narrow klass base: 0x0000007000000000, Narrow klass shift: 0, Narrow klass range: 0x100000000
[2025-04-05T12:52:37.691+0530][gc,start    ] GC(0) Pause Young (Normal) (G1 Evacuation Pause)
[2025-04-05T12:52:37.691+0530][gc,task     ] GC(0) Using 8 workers of 8 for evacuation
[2025-04-05T12:52:37.694+0530][gc,phases   ] GC(0)   Pre Evacuate Collection Set: 0.1ms
[2025-04-05T12:52:37.694+0530][gc,phases   ] GC(0)   Merge Heap Roots: 0.0ms
[2025-04-05T12:52:37.694+0530][gc,phases   ] GC(0)   Evacuate Collection Set: 2.1ms
[2025-04-05T12:52:37.694+0530][gc,phases   ] GC(0)   Post Evacuate Collection Set: 0.3ms
[2025-04-05T12:52:37.694+0530][gc,phases   ] GC(0)   Other: 0.2ms
[2025-04-05T12:52:37.694+0530][gc,heap     ] GC(0) Eden regions: 51->0(44)
[2025-04-05T12:52:37.694+0530][gc,heap     ] GC(0) Survivor regions: 0->7(7)
[2025-04-05T12:52:37.694+0530][gc,heap     ] GC(0) Old regions: 2->3
[2025-04-05T12:52:37.694+0530][gc,heap     ] GC(0) Humongous regions: 0->0
[2025-04-05T12:52:37.694+0530][gc,metaspace] GC(0) Metaspace: 17278K(17472K)->17278K(17472K) NonClass: 15244K(15360K)->15244K(15360K) Class: 2034K(2112K)->2034K(2112K)
[2025-04-05T12:52:37.694+0530][gc          ] GC(0) Pause Young (Normal) (G1 Evacuation Pause) 52M->9M(1024M) 2.924ms
[2025-04-05T12:52:37.694+0530][gc,cpu      ] GC(0) User=0.02s Sys=0.00s Real=0.00s
[2025-04-05T12:52:37.853+0530][gc,heap,exit] Heap
[2025-04-05T12:52:37.853+0530][gc,heap,exit]  garbage-first heap   total 1048576K, used 18796K [0x00000007c0000000, 0x0000000800000000)
[2025-04-05T12:52:37.853+0530][gc,heap,exit]   region size 1024K, 17 young (17408K), 7 survivors (7168K)
[2025-04-05T12:52:37.853+0530][gc,heap,exit]  Metaspace       used 19792K, committed 20032K, reserved 1114112K
[2025-04-05T12:52:37.853+0530][gc,heap,exit]   class space    used 2327K, committed 2496K, reserved 1048576K
