[2025-04-05T12:24:16.454+0530][gc,init] CardTable entry size: 512
[2025-04-05T12:24:16.454+0530][gc     ] Using G1
[2025-04-05T12:24:16.455+0530][gc,init] Version: 21.0.3+9-LTS (release)
[2025-04-05T12:24:16.455+0530][gc,init] CPUs: 8 total, 8 available
[2025-04-05T12:24:16.455+0530][gc,init] Memory: 32768M
[2025-04-05T12:24:16.455+0530][gc,init] Large Page Support: Disabled
[2025-04-05T12:24:16.455+0530][gc,init] NUMA Support: Disabled
[2025-04-05T12:24:16.455+0530][gc,init] Compressed Oops: Enabled (Zero based)
[2025-04-05T12:24:16.455+0530][gc,init] Heap Region Size: 1M
[2025-04-05T12:24:16.455+0530][gc,init] Heap Min Capacity: 1G
[2025-04-05T12:24:16.455+0530][gc,init] Heap Initial Capacity: 1G
[2025-04-05T12:24:16.455+0530][gc,init] Heap Max Capacity: 1G
[2025-04-05T12:24:16.455+0530][gc,init] Pre-touch: Disabled
[2025-04-05T12:24:16.455+0530][gc,init] Parallel Workers: 8
[2025-04-05T12:24:16.455+0530][gc,init] Concurrent Workers: 2
[2025-04-05T12:24:16.455+0530][gc,init] Concurrent Refinement Workers: 8
[2025-04-05T12:24:16.455+0530][gc,init] Periodic GC: Disabled
[2025-04-05T12:24:16.460+0530][gc,metaspace] CDS archive(s) mapped at: [0x000000a000000000-0x000000a000ca4000-0x000000a000ca4000), size 13254656, SharedBaseAddress: 0x000000a000000000, ArchiveRelocationMode: 1.
[2025-04-05T12:24:16.460+0530][gc,metaspace] Compressed class space mapped at: 0x000000a001000000-0x000000a041000000, reserved size: 1073741824
[2025-04-05T12:24:16.460+0530][gc,metaspace] Narrow klass base: 0x000000a000000000, Narrow klass shift: 0, Narrow klass range: 0x100000000
[2025-04-05T12:24:36.104+0530][gc,heap,exit] Heap
[2025-04-05T12:24:36.104+0530][gc,heap,exit]  garbage-first heap   total 1048576K, used 48141K [0x00000007c0000000, 0x0000000800000000)
[2025-04-05T12:24:36.104+0530][gc,heap,exit]   region size 1024K, 46 young (47104K), 0 survivors (0K)
[2025-04-05T12:24:36.104+0530][gc,heap,exit]  Metaspace       used 15216K, committed 15424K, reserved 1114112K
[2025-04-05T12:24:36.104+0530][gc,heap,exit]   class space    used 1835K, committed 1920K, reserved 1048576K
