[2025-04-05T12:28:21.908+0530][gc,init] CardTable entry size: 512
[2025-04-05T12:28:21.908+0530][gc     ] Using G1
[2025-04-05T12:28:21.909+0530][gc,init] Version: 21.0.3+9-LTS (release)
[2025-04-05T12:28:21.909+0530][gc,init] CPUs: 8 total, 8 available
[2025-04-05T12:28:21.909+0530][gc,init] Memory: 32768M
[2025-04-05T12:28:21.909+0530][gc,init] Large Page Support: Disabled
[2025-04-05T12:28:21.909+0530][gc,init] NUMA Support: Disabled
[2025-04-05T12:28:21.909+0530][gc,init] Compressed Oops: Enabled (Zero based)
[2025-04-05T12:28:21.909+0530][gc,init] Heap Region Size: 1M
[2025-04-05T12:28:21.909+0530][gc,init] Heap Min Capacity: 1G
[2025-04-05T12:28:21.909+0530][gc,init] Heap Initial Capacity: 1G
[2025-04-05T12:28:21.909+0530][gc,init] Heap Max Capacity: 1G
[2025-04-05T12:28:21.909+0530][gc,init] Pre-touch: Disabled
[2025-04-05T12:28:21.909+0530][gc,init] Parallel Workers: 8
[2025-04-05T12:28:21.909+0530][gc,init] Concurrent Workers: 2
[2025-04-05T12:28:21.909+0530][gc,init] Concurrent Refinement Workers: 8
[2025-04-05T12:28:21.909+0530][gc,init] Periodic GC: Disabled
[2025-04-05T12:28:21.913+0530][gc,metaspace] CDS archive(s) mapped at: [0x000000c800000000-0x000000c800ca4000-0x000000c800ca4000), size 13254656, SharedBaseAddress: 0x000000c800000000, ArchiveRelocationMode: 1.
[2025-04-05T12:28:21.913+0530][gc,metaspace] Compressed class space mapped at: 0x000000c801000000-0x000000c841000000, reserved size: 1073741824
[2025-04-05T12:28:21.913+0530][gc,metaspace] Narrow klass base: 0x000000c800000000, Narrow klass shift: 0, Narrow klass range: 0x100000000
[2025-04-05T12:28:22.537+0530][gc,start    ] GC(0) Pause Young (Normal) (G1 Evacuation Pause)
[2025-04-05T12:28:22.538+0530][gc,task     ] GC(0) Using 8 workers of 8 for evacuation
[2025-04-05T12:28:22.540+0530][gc,phases   ] GC(0)   Pre Evacuate Collection Set: 0.1ms
[2025-04-05T12:28:22.540+0530][gc,phases   ] GC(0)   Merge Heap Roots: 0.0ms
[2025-04-05T12:28:22.540+0530][gc,phases   ] GC(0)   Evacuate Collection Set: 2.1ms
[2025-04-05T12:28:22.540+0530][gc,phases   ] GC(0)   Post Evacuate Collection Set: 0.3ms
[2025-04-05T12:28:22.540+0530][gc,phases   ] GC(0)   Other: 0.3ms
[2025-04-05T12:28:22.540+0530][gc,heap     ] GC(0) Eden regions: 51->0(44)
[2025-04-05T12:28:22.540+0530][gc,heap     ] GC(0) Survivor regions: 0->7(7)
[2025-04-05T12:28:22.540+0530][gc,heap     ] GC(0) Old regions: 2->3
[2025-04-05T12:28:22.540+0530][gc,heap     ] GC(0) Humongous regions: 0->0
[2025-04-05T12:28:22.540+0530][gc,metaspace] GC(0) Metaspace: 17298K(17472K)->17298K(17472K) NonClass: 15261K(15360K)->15261K(15360K) Class: 2036K(2112K)->2036K(2112K)
[2025-04-05T12:28:22.540+0530][gc          ] GC(0) Pause Young (Normal) (G1 Evacuation Pause) 52M->8M(1024M) 3.077ms
[2025-04-05T12:28:22.540+0530][gc,cpu      ] GC(0) User=0.01s Sys=0.00s Real=0.01s
[2025-04-05T12:28:22.679+0530][gc,start    ] GC(1) Pause Young (Concurrent Start) (Metadata GC Threshold)
[2025-04-05T12:28:22.679+0530][gc,task     ] GC(1) Using 8 workers of 8 for evacuation
[2025-04-05T12:28:22.681+0530][gc,phases   ] GC(1)   Pre Evacuate Collection Set: 0.1ms
[2025-04-05T12:28:22.681+0530][gc,phases   ] GC(1)   Merge Heap Roots: 0.0ms
[2025-04-05T12:28:22.681+0530][gc,phases   ] GC(1)   Evacuate Collection Set: 1.8ms
[2025-04-05T12:28:22.681+0530][gc,phases   ] GC(1)   Post Evacuate Collection Set: 0.2ms
[2025-04-05T12:28:22.681+0530][gc,phases   ] GC(1)   Other: 0.0ms
[2025-04-05T12:28:22.681+0530][gc,heap     ] GC(1) Eden regions: 16->0(49)
[2025-04-05T12:28:22.681+0530][gc,heap     ] GC(1) Survivor regions: 7->2(7)
[2025-04-05T12:28:22.681+0530][gc,heap     ] GC(1) Old regions: 3->11
[2025-04-05T12:28:22.681+0530][gc,heap     ] GC(1) Humongous regions: 0->0
[2025-04-05T12:28:22.681+0530][gc,metaspace] GC(1) Metaspace: 21271K(21504K)->21271K(21504K) NonClass: 18752K(18880K)->18752K(18880K) Class: 2518K(2624K)->2518K(2624K)
[2025-04-05T12:28:22.681+0530][gc          ] GC(1) Pause Young (Concurrent Start) (Metadata GC Threshold) 24M->10M(1024M) 2.370ms
[2025-04-05T12:28:22.681+0530][gc,cpu      ] GC(1) User=0.01s Sys=0.00s Real=0.01s
[2025-04-05T12:28:22.681+0530][gc          ] GC(2) Concurrent Mark Cycle
[2025-04-05T12:28:22.681+0530][gc,marking  ] GC(2) Concurrent Scan Root Regions
[2025-04-05T12:28:22.682+0530][gc,marking  ] GC(2) Concurrent Scan Root Regions 1.259ms
[2025-04-05T12:28:22.682+0530][gc,marking  ] GC(2) Concurrent Mark
[2025-04-05T12:28:22.682+0530][gc,marking  ] GC(2) Concurrent Mark From Roots
[2025-04-05T12:28:22.682+0530][gc,task     ] GC(2) Using 2 workers of 2 for marking
[2025-04-05T12:28:22.683+0530][gc,marking  ] GC(2) Concurrent Mark From Roots 0.801ms
[2025-04-05T12:28:22.683+0530][gc,marking  ] GC(2) Concurrent Preclean
[2025-04-05T12:28:22.683+0530][gc,marking  ] GC(2) Concurrent Preclean 0.006ms
[2025-04-05T12:28:22.683+0530][gc,start    ] GC(2) Pause Remark
[2025-04-05T12:28:22.684+0530][gc          ] GC(2) Pause Remark 11M->11M(1024M) 0.862ms
[2025-04-05T12:28:22.684+0530][gc,cpu      ] GC(2) User=0.00s Sys=0.01s Real=0.00s
[2025-04-05T12:28:22.684+0530][gc,marking  ] GC(2) Concurrent Mark 1.806ms
[2025-04-05T12:28:22.684+0530][gc,marking  ] GC(2) Concurrent Rebuild Remembered Sets and Scrub Regions
[2025-04-05T12:28:22.685+0530][gc,marking  ] GC(2) Concurrent Rebuild Remembered Sets and Scrub Regions 1.064ms
[2025-04-05T12:28:22.685+0530][gc,start    ] GC(2) Pause Cleanup
[2025-04-05T12:28:22.685+0530][gc          ] GC(2) Pause Cleanup 11M->11M(1024M) 0.063ms
[2025-04-05T12:28:22.685+0530][gc,cpu      ] GC(2) User=0.00s Sys=0.00s Real=0.00s
[2025-04-05T12:28:22.685+0530][gc,marking  ] GC(2) Concurrent Clear Claimed Marks
[2025-04-05T12:28:22.685+0530][gc,marking  ] GC(2) Concurrent Clear Claimed Marks 0.009ms
[2025-04-05T12:28:22.685+0530][gc,marking  ] GC(2) Concurrent Cleanup for Next Mark
[2025-04-05T12:28:22.687+0530][gc,marking  ] GC(2) Concurrent Cleanup for Next Mark 1.186ms
[2025-04-05T12:28:22.687+0530][gc          ] GC(2) Concurrent Mark Cycle 5.560ms
[2025-04-05T12:28:23.016+0530][gc,start    ] GC(3) Pause Young (Prepare Mixed) (G1 Evacuation Pause)
[2025-04-05T12:28:23.016+0530][gc,task     ] GC(3) Using 8 workers of 8 for evacuation
[2025-04-05T12:28:23.018+0530][gc,phases   ] GC(3)   Pre Evacuate Collection Set: 0.2ms
[2025-04-05T12:28:23.018+0530][gc,phases   ] GC(3)   Merge Heap Roots: 0.0ms
[2025-04-05T12:28:23.018+0530][gc,phases   ] GC(3)   Evacuate Collection Set: 2.1ms
[2025-04-05T12:28:23.018+0530][gc,phases   ] GC(3)   Post Evacuate Collection Set: 0.2ms
[2025-04-05T12:28:23.018+0530][gc,phases   ] GC(3)   Other: 0.0ms
[2025-04-05T12:28:23.018+0530][gc,heap     ] GC(3) Eden regions: 49->0(44)
[2025-04-05T12:28:23.018+0530][gc,heap     ] GC(3) Survivor regions: 2->7(7)
[2025-04-05T12:28:23.018+0530][gc,heap     ] GC(3) Old regions: 11->11
[2025-04-05T12:28:23.018+0530][gc,heap     ] GC(3) Humongous regions: 129->129
[2025-04-05T12:28:23.018+0530][gc,metaspace] GC(3) Metaspace: 33143K(33408K)->33143K(33408K) NonClass: 29497K(29632K)->29497K(29632K) Class: 3645K(3776K)->3645K(3776K)
[2025-04-05T12:28:23.019+0530][gc          ] GC(3) Pause Young (Prepare Mixed) (G1 Evacuation Pause) 188M->145M(1024M) 2.676ms
[2025-04-05T12:28:23.019+0530][gc,cpu      ] GC(3) User=0.02s Sys=0.00s Real=0.00s
[2025-04-05T12:28:23.159+0530][gc,start    ] GC(4) Pause Young (Mixed) (Metadata GC Threshold)
[2025-04-05T12:28:23.160+0530][gc,task     ] GC(4) Using 8 workers of 8 for evacuation
[2025-04-05T12:28:23.162+0530][gc,phases   ] GC(4)   Pre Evacuate Collection Set: 0.1ms
[2025-04-05T12:28:23.162+0530][gc,phases   ] GC(4)   Merge Heap Roots: 0.0ms
[2025-04-05T12:28:23.162+0530][gc,phases   ] GC(4)   Evacuate Collection Set: 2.0ms
[2025-04-05T12:28:23.162+0530][gc,phases   ] GC(4)   Post Evacuate Collection Set: 0.2ms
[2025-04-05T12:28:23.162+0530][gc,phases   ] GC(4)   Other: 0.0ms
[2025-04-05T12:28:23.162+0530][gc,heap     ] GC(4) Eden regions: 11->0(49)
[2025-04-05T12:28:23.162+0530][gc,heap     ] GC(4) Survivor regions: 7->2(7)
[2025-04-05T12:28:23.162+0530][gc,heap     ] GC(4) Old regions: 11->16
[2025-04-05T12:28:23.162+0530][gc,heap     ] GC(4) Humongous regions: 129->129
[2025-04-05T12:28:23.162+0530][gc,metaspace] GC(4) Metaspace: 35631K(35968K)->35631K(35968K) NonClass: 31663K(31808K)->31663K(31808K) Class: 3967K(4160K)->3967K(4160K)
[2025-04-05T12:28:23.162+0530][gc          ] GC(4) Pause Young (Mixed) (Metadata GC Threshold) 156M->146M(1024M) 2.547ms
[2025-04-05T12:28:23.162+0530][gc,cpu      ] GC(4) User=0.01s Sys=0.00s Real=0.01s
[2025-04-05T12:28:23.173+0530][gc,start    ] GC(5) Pause Young (Concurrent Start) (Metadata GC Threshold)
[2025-04-05T12:28:23.173+0530][gc,task     ] GC(5) Using 8 workers of 8 for evacuation
[2025-04-05T12:28:23.174+0530][gc,phases   ] GC(5)   Pre Evacuate Collection Set: 0.2ms
[2025-04-05T12:28:23.174+0530][gc,phases   ] GC(5)   Merge Heap Roots: 0.0ms
[2025-04-05T12:28:23.174+0530][gc,phases   ] GC(5)   Evacuate Collection Set: 0.4ms
[2025-04-05T12:28:23.174+0530][gc,phases   ] GC(5)   Post Evacuate Collection Set: 0.1ms
[2025-04-05T12:28:23.174+0530][gc,phases   ] GC(5)   Other: 0.0ms
[2025-04-05T12:28:23.174+0530][gc,heap     ] GC(5) Eden regions: 2->0(50)
[2025-04-05T12:28:23.174+0530][gc,heap     ] GC(5) Survivor regions: 2->1(7)
[2025-04-05T12:28:23.174+0530][gc,heap     ] GC(5) Old regions: 16->16
[2025-04-05T12:28:23.174+0530][gc,heap     ] GC(5) Humongous regions: 129->129
[2025-04-05T12:28:23.174+0530][gc,metaspace] GC(5) Metaspace: 36012K(36288K)->36012K(36288K) NonClass: 31997K(32128K)->31997K(32128K) Class: 4014K(4160K)->4014K(4160K)
[2025-04-05T12:28:23.174+0530][gc          ] GC(5) Pause Young (Concurrent Start) (Metadata GC Threshold) 147M->145M(1024M) 0.870ms
[2025-04-05T12:28:23.174+0530][gc          ] GC(6) Concurrent Mark Cycle
[2025-04-05T12:28:23.174+0530][gc,cpu      ] GC(5) User=0.01s Sys=0.00s Real=0.00s
[2025-04-05T12:28:23.174+0530][gc,marking  ] GC(6) Concurrent Scan Root Regions
[2025-04-05T12:28:23.175+0530][gc,marking  ] GC(6) Concurrent Scan Root Regions 0.610ms
[2025-04-05T12:28:23.175+0530][gc,marking  ] GC(6) Concurrent Mark
[2025-04-05T12:28:23.175+0530][gc,marking  ] GC(6) Concurrent Mark From Roots
[2025-04-05T12:28:23.175+0530][gc,task     ] GC(6) Using 2 workers of 2 for marking
[2025-04-05T12:28:23.180+0530][gc,marking  ] GC(6) Concurrent Mark From Roots 5.555ms
[2025-04-05T12:28:23.180+0530][gc,marking  ] GC(6) Concurrent Preclean
[2025-04-05T12:28:23.180+0530][gc,marking  ] GC(6) Concurrent Preclean 0.024ms
[2025-04-05T12:28:23.180+0530][gc,start    ] GC(6) Pause Remark
[2025-04-05T12:28:23.181+0530][gc          ] GC(6) Pause Remark 146M->146M(1024M) 1.099ms
[2025-04-05T12:28:23.181+0530][gc,cpu      ] GC(6) User=0.00s Sys=0.00s Real=0.00s
[2025-04-05T12:28:23.181+0530][gc,marking  ] GC(6) Concurrent Mark 6.829ms
[2025-04-05T12:28:23.181+0530][gc,marking  ] GC(6) Concurrent Rebuild Remembered Sets and Scrub Regions
[2025-04-05T12:28:23.184+0530][gc,marking  ] GC(6) Concurrent Rebuild Remembered Sets and Scrub Regions 2.662ms
[2025-04-05T12:28:23.184+0530][gc,start    ] GC(6) Pause Cleanup
[2025-04-05T12:28:23.184+0530][gc          ] GC(6) Pause Cleanup 147M->147M(1024M) 0.126ms
[2025-04-05T12:28:23.184+0530][gc,cpu      ] GC(6) User=0.00s Sys=0.00s Real=0.00s
[2025-04-05T12:28:23.184+0530][gc,marking  ] GC(6) Concurrent Clear Claimed Marks
[2025-04-05T12:28:23.184+0530][gc,marking  ] GC(6) Concurrent Clear Claimed Marks 0.019ms
[2025-04-05T12:28:23.184+0530][gc,marking  ] GC(6) Concurrent Cleanup for Next Mark
[2025-04-05T12:28:23.185+0530][gc,marking  ] GC(6) Concurrent Cleanup for Next Mark 0.598ms
[2025-04-05T12:28:23.185+0530][gc          ] GC(6) Concurrent Mark Cycle 11.032ms
[2025-04-05T17:45:27.054+0530][gc,start    ] GC(7) Pause Young (Prepare Mixed) (G1 Evacuation Pause)
[2025-04-05T17:45:27.056+0530][gc,task     ] GC(7) Using 8 workers of 8 for evacuation
[2025-04-05T17:45:27.072+0530][gc,phases   ] GC(7)   Pre Evacuate Collection Set: 1.4ms
[2025-04-05T17:45:27.073+0530][gc,phases   ] GC(7)   Merge Heap Roots: 0.3ms
[2025-04-05T17:45:27.073+0530][gc,phases   ] GC(7)   Evacuate Collection Set: 14.0ms
[2025-04-05T17:45:27.073+0530][gc,phases   ] GC(7)   Post Evacuate Collection Set: 0.6ms
[2025-04-05T17:45:27.073+0530][gc,phases   ] GC(7)   Other: 0.2ms
[2025-04-05T17:45:27.073+0530][gc,heap     ] GC(7) Eden regions: 50->0(49)
[2025-04-05T17:45:27.073+0530][gc,heap     ] GC(7) Survivor regions: 1->2(7)
[2025-04-05T17:45:27.073+0530][gc,heap     ] GC(7) Old regions: 16->16
[2025-04-05T17:45:27.073+0530][gc,heap     ] GC(7) Humongous regions: 129->129
[2025-04-05T17:45:27.073+0530][gc,metaspace] GC(7) Metaspace: 37956K(38336K)->37956K(38336K) NonClass: 33657K(33856K)->33657K(33856K) Class: 4299K(4480K)->4299K(4480K)
[2025-04-05T17:45:27.073+0530][gc          ] GC(7) Pause Young (Prepare Mixed) (G1 Evacuation Pause) 195M->146M(1024M) 18.733ms
[2025-04-05T17:45:27.073+0530][gc,cpu      ] GC(7) User=0.01s Sys=0.05s Real=0.02s
[2025-04-06T09:38:06.609+0530][gc,heap,exit] Heap
[2025-04-06T09:38:06.609+0530][gc,heap,exit]  garbage-first heap   total 1048576K, used 176378K [0x00000007c0000000, 0x0000000800000000)
[2025-04-06T09:38:06.609+0530][gc,heap,exit]   region size 1024K, 29 young (29696K), 2 survivors (2048K)
[2025-04-06T09:38:06.609+0530][gc,heap,exit]  Metaspace       used 38188K, committed 38528K, reserved 1114112K
[2025-04-06T09:38:06.609+0530][gc,heap,exit]   class space    used 4322K, committed 4480K, reserved 1048576K
