[2025-04-05T12:46:59.092+0530][gc,init] CardTable entry size: 512
[2025-04-05T12:46:59.092+0530][gc     ] Using G1
[2025-04-05T12:46:59.093+0530][gc,init] Version: 21.0.3+9-LTS (release)
[2025-04-05T12:46:59.093+0530][gc,init] CPUs: 8 total, 8 available
[2025-04-05T12:46:59.093+0530][gc,init] Memory: 32768M
[2025-04-05T12:46:59.093+0530][gc,init] Large Page Support: Disabled
[2025-04-05T12:46:59.093+0530][gc,init] NUMA Support: Disabled
[2025-04-05T12:46:59.093+0530][gc,init] Compressed Oops: Enabled (Zero based)
[2025-04-05T12:46:59.093+0530][gc,init] Heap Region Size: 1M
[2025-04-05T12:46:59.093+0530][gc,init] Heap Min Capacity: 512M
[2025-04-05T12:46:59.093+0530][gc,init] Heap Initial Capacity: 512M
[2025-04-05T12:46:59.093+0530][gc,init] Heap Max Capacity: 512M
[2025-04-05T12:46:59.093+0530][gc,init] Pre-touch: Disabled
[2025-04-05T12:46:59.093+0530][gc,init] Parallel Workers: 8
[2025-04-05T12:46:59.093+0530][gc,init] Concurrent Workers: 2
[2025-04-05T12:46:59.093+0530][gc,init] Concurrent Refinement Workers: 8
[2025-04-05T12:46:59.093+0530][gc,init] Periodic GC: Disabled
[2025-04-05T12:46:59.096+0530][gc,metaspace] CDS archive(s) mapped at: [0x0000007000000000-0x0000007000ca4000-0x0000007000ca4000), size 13254656, SharedBaseAddress: 0x0000007000000000, ArchiveRelocationMode: 1.
[2025-04-05T12:46:59.096+0530][gc,metaspace] Compressed class space mapped at: 0x0000007001000000-0x0000007041000000, reserved size: 1073741824
[2025-04-05T12:46:59.096+0530][gc,metaspace] Narrow klass base: 0x0000007000000000, Narrow klass shift: 0, Narrow klass range: 0x100000000
[2025-04-05T12:46:59.398+0530][gc,start    ] GC(0) Pause Young (Normal) (G1 Evacuation Pause)
[2025-04-05T12:46:59.398+0530][gc,task     ] GC(0) Using 8 workers of 8 for evacuation
[2025-04-05T12:46:59.400+0530][gc,phases   ] GC(0)   Pre Evacuate Collection Set: 0.1ms
[2025-04-05T12:46:59.400+0530][gc,phases   ] GC(0)   Merge Heap Roots: 0.0ms
[2025-04-05T12:46:59.400+0530][gc,phases   ] GC(0)   Evacuate Collection Set: 2.0ms
[2025-04-05T12:46:59.400+0530][gc,phases   ] GC(0)   Post Evacuate Collection Set: 0.3ms
[2025-04-05T12:46:59.400+0530][gc,phases   ] GC(0)   Other: 0.2ms
[2025-04-05T12:46:59.400+0530][gc,heap     ] GC(0) Eden regions: 25->0(21)
[2025-04-05T12:46:59.400+0530][gc,heap     ] GC(0) Survivor regions: 0->4(4)
[2025-04-05T12:46:59.400+0530][gc,heap     ] GC(0) Old regions: 2->6
[2025-04-05T12:46:59.401+0530][gc,heap     ] GC(0) Humongous regions: 0->0
[2025-04-05T12:46:59.401+0530][gc,metaspace] GC(0) Metaspace: 8150K(8384K)->8150K(8384K) NonClass: 7278K(7360K)->7278K(7360K) Class: 871K(1024K)->871K(1024K)
[2025-04-05T12:46:59.401+0530][gc          ] GC(0) Pause Young (Normal) (G1 Evacuation Pause) 26M->8M(512M) 2.785ms
[2025-04-05T12:46:59.401+0530][gc,cpu      ] GC(0) User=0.01s Sys=0.00s Real=0.01s
[2025-04-05T12:53:53.501+0530][gc,heap,exit] Heap
[2025-04-05T12:53:53.502+0530][gc,heap,exit]  garbage-first heap   total 524288K, used 20465K [0x00000007e0000000, 0x0000000800000000)
[2025-04-05T12:53:53.502+0530][gc,heap,exit]   region size 1024K, 15 young (15360K), 4 survivors (4096K)
[2025-04-05T12:53:53.502+0530][gc,heap,exit]  Metaspace       used 9285K, committed 9536K, reserved 1114112K
[2025-04-05T12:53:53.502+0530][gc,heap,exit]   class space    used 960K, committed 1088K, reserved 1048576K
