[2025-04-05T12:53:57.497+0530][gc,init] CardTable entry size: 512
[2025-04-05T12:53:57.497+0530][gc     ] Using G1
[2025-04-05T12:53:57.498+0530][gc,init] Version: 21.0.3+9-LTS (release)
[2025-04-05T12:53:57.498+0530][gc,init] CPUs: 8 total, 8 available
[2025-04-05T12:53:57.498+0530][gc,init] Memory: 32768M
[2025-04-05T12:53:57.498+0530][gc,init] Large Page Support: Disabled
[2025-04-05T12:53:57.498+0530][gc,init] NUMA Support: Disabled
[2025-04-05T12:53:57.498+0530][gc,init] Compressed Oops: Enabled (Zero based)
[2025-04-05T12:53:57.498+0530][gc,init] Heap Region Size: 1M
[2025-04-05T12:53:57.498+0530][gc,init] Heap Min Capacity: 512M
[2025-04-05T12:53:57.498+0530][gc,init] Heap Initial Capacity: 512M
[2025-04-05T12:53:57.498+0530][gc,init] Heap Max Capacity: 512M
[2025-04-05T12:53:57.498+0530][gc,init] Pre-touch: Disabled
[2025-04-05T12:53:57.498+0530][gc,init] Parallel Workers: 8
[2025-04-05T12:53:57.498+0530][gc,init] Concurrent Workers: 2
[2025-04-05T12:53:57.498+0530][gc,init] Concurrent Refinement Workers: 8
[2025-04-05T12:53:57.498+0530][gc,init] Periodic GC: Disabled
[2025-04-05T12:53:57.502+0530][gc,metaspace] CDS archive(s) mapped at: [0x0000007000000000-0x0000007000ca4000-0x0000007000ca4000), size 13254656, SharedBaseAddress: 0x0000007000000000, ArchiveRelocationMode: 1.
[2025-04-05T12:53:57.502+0530][gc,metaspace] Compressed class space mapped at: 0x0000007001000000-0x0000007041000000, reserved size: 1073741824
[2025-04-05T12:53:57.502+0530][gc,metaspace] Narrow klass base: 0x0000007000000000, Narrow klass shift: 0, Narrow klass range: 0x100000000
[2025-04-05T12:53:57.816+0530][gc,start    ] GC(0) Pause Young (Normal) (G1 Evacuation Pause)
[2025-04-05T12:53:57.816+0530][gc,task     ] GC(0) Using 8 workers of 8 for evacuation
[2025-04-05T12:53:57.818+0530][gc,phases   ] GC(0)   Pre Evacuate Collection Set: 0.1ms
[2025-04-05T12:53:57.818+0530][gc,phases   ] GC(0)   Merge Heap Roots: 0.0ms
[2025-04-05T12:53:57.818+0530][gc,phases   ] GC(0)   Evacuate Collection Set: 2.0ms
[2025-04-05T12:53:57.818+0530][gc,phases   ] GC(0)   Post Evacuate Collection Set: 0.3ms
[2025-04-05T12:53:57.818+0530][gc,phases   ] GC(0)   Other: 0.2ms
[2025-04-05T12:53:57.818+0530][gc,heap     ] GC(0) Eden regions: 25->0(21)
[2025-04-05T12:53:57.818+0530][gc,heap     ] GC(0) Survivor regions: 0->4(4)
[2025-04-05T12:53:57.818+0530][gc,heap     ] GC(0) Old regions: 2->7
[2025-04-05T12:53:57.818+0530][gc,heap     ] GC(0) Humongous regions: 0->0
[2025-04-05T12:53:57.818+0530][gc,metaspace] GC(0) Metaspace: 8144K(8384K)->8144K(8384K) NonClass: 7273K(7360K)->7273K(7360K) Class: 871K(1024K)->871K(1024K)
[2025-04-05T12:53:57.818+0530][gc          ] GC(0) Pause Young (Normal) (G1 Evacuation Pause) 26M->9M(512M) 2.628ms
[2025-04-05T12:53:57.818+0530][gc,cpu      ] GC(0) User=0.01s Sys=0.00s Real=0.00s
[2025-04-05T15:45:39.192+0530][gc,start    ] GC(1) Pause Young (Normal) (G1 Evacuation Pause)
[2025-04-05T15:45:39.194+0530][gc,task     ] GC(1) Using 8 workers of 8 for evacuation
[2025-04-05T15:45:39.202+0530][gc,phases   ] GC(1)   Pre Evacuate Collection Set: 0.5ms
[2025-04-05T15:45:39.202+0530][gc,phases   ] GC(1)   Merge Heap Roots: 0.1ms
[2025-04-05T15:45:39.202+0530][gc,phases   ] GC(1)   Evacuate Collection Set: 6.6ms
[2025-04-05T15:45:39.202+0530][gc,phases   ] GC(1)   Post Evacuate Collection Set: 0.5ms
[2025-04-05T15:45:39.202+0530][gc,phases   ] GC(1)   Other: 0.2ms
[2025-04-05T15:45:39.202+0530][gc,heap     ] GC(1) Eden regions: 21->0(24)
[2025-04-05T15:45:39.202+0530][gc,heap     ] GC(1) Survivor regions: 4->1(4)
[2025-04-05T15:45:39.202+0530][gc,heap     ] GC(1) Old regions: 7->11
[2025-04-05T15:45:39.202+0530][gc,heap     ] GC(1) Humongous regions: 0->0
[2025-04-05T15:45:39.202+0530][gc,metaspace] GC(1) Metaspace: 9496K(9728K)->9496K(9728K) NonClass: 8515K(8640K)->8515K(8640K) Class: 980K(1088K)->980K(1088K)
[2025-04-05T15:45:39.202+0530][gc          ] GC(1) Pause Young (Normal) (G1 Evacuation Pause) 30M->9M(512M) 10.241ms
[2025-04-05T15:45:39.202+0530][gc,cpu      ] GC(1) User=0.02s Sys=0.02s Real=0.01s
[2025-04-05T22:03:34.197+0530][gc,start    ] GC(2) Pause Young (Normal) (G1 Evacuation Pause)
[2025-04-05T22:03:34.200+0530][gc,task     ] GC(2) Using 8 workers of 8 for evacuation
[2025-04-05T22:03:34.209+0530][gc,phases   ] GC(2)   Pre Evacuate Collection Set: 1.7ms
[2025-04-05T22:03:34.209+0530][gc,phases   ] GC(2)   Merge Heap Roots: 0.1ms
[2025-04-05T22:03:34.209+0530][gc,phases   ] GC(2)   Evacuate Collection Set: 5.8ms
[2025-04-05T22:03:34.209+0530][gc,phases   ] GC(2)   Post Evacuate Collection Set: 0.4ms
[2025-04-05T22:03:34.209+0530][gc,phases   ] GC(2)   Other: 0.2ms
[2025-04-05T22:03:34.209+0530][gc,heap     ] GC(2) Eden regions: 24->0(24)
[2025-04-05T22:03:34.209+0530][gc,heap     ] GC(2) Survivor regions: 1->1(4)
[2025-04-05T22:03:34.209+0530][gc,heap     ] GC(2) Old regions: 11->11
[2025-04-05T22:03:34.209+0530][gc,heap     ] GC(2) Humongous regions: 0->0
[2025-04-05T22:03:34.209+0530][gc,metaspace] GC(2) Metaspace: 9510K(9728K)->9510K(9728K) NonClass: 8529K(8640K)->8529K(8640K) Class: 980K(1088K)->980K(1088K)
[2025-04-05T22:03:34.209+0530][gc          ] GC(2) Pause Young (Normal) (G1 Evacuation Pause) 33M->9M(512M) 11.701ms
[2025-04-05T22:03:34.209+0530][gc,cpu      ] GC(2) User=0.01s Sys=0.00s Real=0.01s
[2025-04-06T09:38:04.234+0530][gc,heap,exit] Heap
[2025-04-06T09:38:04.234+0530][gc,heap,exit]  garbage-first heap   total 524288K, used 30455K [0x00000007e0000000, 0x0000000800000000)
[2025-04-06T09:38:04.234+0530][gc,heap,exit]   region size 1024K, 22 young (22528K), 1 survivors (1024K)
[2025-04-06T09:38:04.234+0530][gc,heap,exit]  Metaspace       used 9519K, committed 9728K, reserved 1114112K
[2025-04-06T09:38:04.234+0530][gc,heap,exit]   class space    used 980K, committed 1088K, reserved 1048576K
