[2025-04-05T12:28:03.139+0530][gc,init] CardTable entry size: 512
[2025-04-05T12:28:03.139+0530][gc     ] Using G1
[2025-04-05T12:28:03.140+0530][gc,init] Version: 21.0.3+9-LTS (release)
[2025-04-05T12:28:03.140+0530][gc,init] CPUs: 8 total, 8 available
[2025-04-05T12:28:03.140+0530][gc,init] Memory: 32768M
[2025-04-05T12:28:03.140+0530][gc,init] Large Page Support: Disabled
[2025-04-05T12:28:03.140+0530][gc,init] NUMA Support: Disabled
[2025-04-05T12:28:03.140+0530][gc,init] Compressed Oops: Enabled (Zero based)
[2025-04-05T12:28:03.140+0530][gc,init] Heap Region Size: 1M
[2025-04-05T12:28:03.140+0530][gc,init] Heap Min Capacity: 512M
[2025-04-05T12:28:03.140+0530][gc,init] Heap Initial Capacity: 512M
[2025-04-05T12:28:03.140+0530][gc,init] Heap Max Capacity: 512M
[2025-04-05T12:28:03.140+0530][gc,init] Pre-touch: Disabled
[2025-04-05T12:28:03.140+0530][gc,init] Parallel Workers: 8
[2025-04-05T12:28:03.140+0530][gc,init] Concurrent Workers: 2
[2025-04-05T12:28:03.140+0530][gc,init] Concurrent Refinement Workers: 8
[2025-04-05T12:28:03.140+0530][gc,init] Periodic GC: Disabled
[2025-04-05T12:28:03.144+0530][gc,metaspace] CDS archive(s) mapped at: [0x000000e000000000-0x000000e000ca4000-0x000000e000ca4000), size 13254656, SharedBaseAddress: 0x000000e000000000, ArchiveRelocationMode: 1.
[2025-04-05T12:28:03.144+0530][gc,metaspace] Compressed class space mapped at: 0x000000e001000000-0x000000e041000000, reserved size: 1073741824
[2025-04-05T12:28:03.144+0530][gc,metaspace] Narrow klass base: 0x000000e000000000, Narrow klass shift: 0, Narrow klass range: 0x100000000
[2025-04-05T12:28:03.456+0530][gc,start    ] GC(0) Pause Young (Normal) (G1 Evacuation Pause)
[2025-04-05T12:28:03.456+0530][gc,task     ] GC(0) Using 8 workers of 8 for evacuation
[2025-04-05T12:28:03.459+0530][gc,phases   ] GC(0)   Pre Evacuate Collection Set: 0.1ms
[2025-04-05T12:28:03.459+0530][gc,phases   ] GC(0)   Merge Heap Roots: 0.0ms
[2025-04-05T12:28:03.459+0530][gc,phases   ] GC(0)   Evacuate Collection Set: 2.1ms
[2025-04-05T12:28:03.459+0530][gc,phases   ] GC(0)   Post Evacuate Collection Set: 0.3ms
[2025-04-05T12:28:03.459+0530][gc,phases   ] GC(0)   Other: 0.3ms
[2025-04-05T12:28:03.459+0530][gc,heap     ] GC(0) Eden regions: 25->0(21)
[2025-04-05T12:28:03.459+0530][gc,heap     ] GC(0) Survivor regions: 0->4(4)
[2025-04-05T12:28:03.459+0530][gc,heap     ] GC(0) Old regions: 2->6
[2025-04-05T12:28:03.459+0530][gc,heap     ] GC(0) Humongous regions: 0->0
[2025-04-05T12:28:03.459+0530][gc,metaspace] GC(0) Metaspace: 8228K(8448K)->8228K(8448K) NonClass: 7350K(7424K)->7350K(7424K) Class: 877K(1024K)->877K(1024K)
[2025-04-05T12:28:03.459+0530][gc          ] GC(0) Pause Young (Normal) (G1 Evacuation Pause) 26M->8M(512M) 2.965ms
[2025-04-05T12:28:03.459+0530][gc,cpu      ] GC(0) User=0.01s Sys=0.00s Real=0.00s
[2025-04-05T12:46:54.822+0530][gc,heap,exit] Heap
[2025-04-05T12:46:54.823+0530][gc,heap,exit]  garbage-first heap   total 524288K, used 18331K [0x00000007e0000000, 0x0000000800000000)
[2025-04-05T12:46:54.823+0530][gc,heap,exit]   region size 1024K, 13 young (13312K), 4 survivors (4096K)
[2025-04-05T12:46:54.823+0530][gc,heap,exit]  Metaspace       used 9464K, committed 9664K, reserved 1114112K
[2025-04-05T12:46:54.823+0530][gc,heap,exit]   class space    used 980K, committed 1088K, reserved 1048576K
